Info: Starting: Create block symbol file (.bsf)
Info: qsys-generate C:\Users\manue\Documents\Proyecto2-Empotrados\SystemOnChip\system_on_chip.qsys --block-symbol-file --output-directory=C:\Users\manue\Documents\Proyecto2-Empotrados\SystemOnChip\system_on_chip --family="Cyclone V" --part=5CSEMA5F31C6
Progress: Loading SystemOnChip/system_on_chip.qsys
Progress: Reading input file
Progress: Adding ARM [altera_hps 18.0]
Progress: Parameterizing module ARM
Progress: Adding AUDIO [altera_up_avalon_audio 18.0]
Progress: Parameterizing module AUDIO
Progress: Adding AUDIO_CONFIG [altera_up_avalon_audio_and_video_config 18.0]
Progress: Parameterizing module AUDIO_CONFIG
Progress: Adding AUDIO_PLL [altera_up_avalon_audio_pll 18.0]
Progress: Parameterizing module AUDIO_PLL
Progress: Adding FIFO [altera_avalon_fifo 18.0]
Progress: Parameterizing module FIFO
Progress: Adding FIFO2 [altera_avalon_fifo 18.0]
Progress: Parameterizing module FIFO2
Progress: Adding NIOS [altera_nios2_gen2 18.0]
Progress: Parameterizing module NIOS
Progress: Adding RAM [altera_avalon_onchip_memory2 18.0]
Progress: Parameterizing module RAM
Progress: Adding REG_7_SEGMENTS [altera_avalon_pio 18.0]
Progress: Parameterizing module REG_7_SEGMENTS
Progress: Adding REG_BUTTONS [altera_avalon_pio 18.0]
Progress: Parameterizing module REG_BUTTONS
Progress: Adding REG_SWITCHES [altera_avalon_pio 18.0]
Progress: Parameterizing module REG_SWITCHES
Progress: Adding TIMER [altera_avalon_timer 18.0]
Progress: Parameterizing module TIMER
Progress: Adding UART [altera_avalon_jtag_uart 18.0]
Progress: Parameterizing module UART
Progress: Adding VGA_BUFFER [altera_up_avalon_video_character_buffer_with_dma 18.0]
Progress: Parameterizing module VGA_BUFFER
Progress: Adding VGA_CONTROLLER [altera_up_avalon_video_vga_controller 18.0]
Progress: Parameterizing module VGA_CONTROLLER
Progress: Adding VGA_PLL [altera_pll 18.0]
Progress: Parameterizing module VGA_PLL
Progress: Adding clk_0 [clock_source 18.0]
Progress: Parameterizing module clk_0
Progress: Building connections
Progress: Parameterizing connections
Progress: Validating
Progress: Done reading input file
Info: system_on_chip.ARM: HPS Main PLL counter settings: n = 0  m = 73
Info: system_on_chip.ARM: HPS peripherial PLL counter settings: n = 0  m = 39
Warning: system_on_chip.ARM: "Configuration/HPS-to-FPGA user 0 clock frequency" (desired_cfg_clk_mhz) requested 100.0 MHz, but only achieved 97.368421 MHz
Warning: system_on_chip.ARM: 1 or more output clock frequencies cannot be achieved precisely, consider revising desired output clock frequencies.
Warning: system_on_chip.ARM: ODT is disabled. Enabling ODT (Mode Register 1) may improve signal integrity
Warning: system_on_chip.ARM: set_interface_assignment: Interface "hps_io" does not exist
Info: system_on_chip.AUDIO_CONFIG: The data format must be Left Justified, if using the Altera UP Audio IP Core.
Info: system_on_chip.REG_BUTTONS: PIO inputs are not hardwired in test bench. Undefined values will be read from PIO inputs during simulation.
Info: system_on_chip.REG_SWITCHES: PIO inputs are not hardwired in test bench. Undefined values will be read from PIO inputs during simulation.
Info: system_on_chip.UART: JTAG UART IP input clock need to be at least double (2x) the operating frequency of JTAG TCK on board
Info: system_on_chip.VGA_BUFFER: Character Resolution: 80 x 60
Info: system_on_chip.VGA_CONTROLLER: Video Output Stream: Format: 640 x 480 with Color: 10 (bits) x 3 (planes) converted to 8 (bits) per color plane
Info: system_on_chip.VGA_PLL: The legal reference clock frequency is 5.0 MHz..800.0 MHz
Info: system_on_chip.VGA_PLL: Able to implement PLL with user settings
Warning: system_on_chip.ARM: ARM.h2f_mpu_events must be exported, or connected to a matching conduit.
Warning: system_on_chip.VGA_PLL: VGA_PLL.locked must be exported, or connected to a matching conduit.
Warning: system_on_chip.AUDIO: Interrupt sender AUDIO.interrupt is not connected to an interrupt receiver
Warning: system_on_chip.FIFO: Interrupt sender FIFO.out_irq is not connected to an interrupt receiver
Warning: system_on_chip.FIFO: Interrupt sender FIFO.in_irq is not connected to an interrupt receiver
Warning: system_on_chip.FIFO2: Interrupt sender FIFO2.out_irq is not connected to an interrupt receiver
Warning: system_on_chip.FIFO2: Interrupt sender FIFO2.in_irq is not connected to an interrupt receiver
Info: qsys-generate succeeded.
Info: Finished: Create block symbol file (.bsf)
Info: 
Info: Starting: Create HDL design files for synthesis
Info: qsys-generate C:\Users\manue\Documents\Proyecto2-Empotrados\SystemOnChip\system_on_chip.qsys --synthesis=VERILOG --output-directory=C:\Users\manue\Documents\Proyecto2-Empotrados\SystemOnChip\system_on_chip\synthesis --family="Cyclone V" --part=5CSEMA5F31C6
Progress: Loading SystemOnChip/system_on_chip.qsys
Progress: Reading input file
Progress: Adding ARM [altera_hps 18.0]
Progress: Parameterizing module ARM
Progress: Adding AUDIO [altera_up_avalon_audio 18.0]
Progress: Parameterizing module AUDIO
Progress: Adding AUDIO_CONFIG [altera_up_avalon_audio_and_video_config 18.0]
Progress: Parameterizing module AUDIO_CONFIG
Progress: Adding AUDIO_PLL [altera_up_avalon_audio_pll 18.0]
Progress: Parameterizing module AUDIO_PLL
Progress: Adding FIFO [altera_avalon_fifo 18.0]
Progress: Parameterizing module FIFO
Progress: Adding FIFO2 [altera_avalon_fifo 18.0]
Progress: Parameterizing module FIFO2
Progress: Adding NIOS [altera_nios2_gen2 18.0]
Progress: Parameterizing module NIOS
Progress: Adding RAM [altera_avalon_onchip_memory2 18.0]
Progress: Parameterizing module RAM
Progress: Adding REG_7_SEGMENTS [altera_avalon_pio 18.0]
Progress: Parameterizing module REG_7_SEGMENTS
Progress: Adding REG_BUTTONS [altera_avalon_pio 18.0]
Progress: Parameterizing module REG_BUTTONS
Progress: Adding REG_SWITCHES [altera_avalon_pio 18.0]
Progress: Parameterizing module REG_SWITCHES
Progress: Adding TIMER [altera_avalon_timer 18.0]
Progress: Parameterizing module TIMER
Progress: Adding UART [altera_avalon_jtag_uart 18.0]
Progress: Parameterizing module UART
Progress: Adding VGA_BUFFER [altera_up_avalon_video_character_buffer_with_dma 18.0]
Progress: Parameterizing module VGA_BUFFER
Progress: Adding VGA_CONTROLLER [altera_up_avalon_video_vga_controller 18.0]
Progress: Parameterizing module VGA_CONTROLLER
Progress: Adding VGA_PLL [altera_pll 18.0]
Progress: Parameterizing module VGA_PLL
Progress: Adding clk_0 [clock_source 18.0]
Progress: Parameterizing module clk_0
Progress: Building connections
Progress: Parameterizing connections
Progress: Validating
Progress: Done reading input file
Info: system_on_chip.ARM: HPS Main PLL counter settings: n = 0  m = 73
Info: system_on_chip.ARM: HPS peripherial PLL counter settings: n = 0  m = 39
Warning: system_on_chip.ARM: "Configuration/HPS-to-FPGA user 0 clock frequency" (desired_cfg_clk_mhz) requested 100.0 MHz, but only achieved 97.368421 MHz
Warning: system_on_chip.ARM: 1 or more output clock frequencies cannot be achieved precisely, consider revising desired output clock frequencies.
Warning: system_on_chip.ARM: ODT is disabled. Enabling ODT (Mode Register 1) may improve signal integrity
Warning: system_on_chip.ARM: set_interface_assignment: Interface "hps_io" does not exist
Info: system_on_chip.AUDIO_CONFIG: The data format must be Left Justified, if using the Altera UP Audio IP Core.
Info: system_on_chip.REG_BUTTONS: PIO inputs are not hardwired in test bench. Undefined values will be read from PIO inputs during simulation.
Info: system_on_chip.REG_SWITCHES: PIO inputs are not hardwired in test bench. Undefined values will be read from PIO inputs during simulation.
Info: system_on_chip.UART: JTAG UART IP input clock need to be at least double (2x) the operating frequency of JTAG TCK on board
Info: system_on_chip.VGA_BUFFER: Character Resolution: 80 x 60
Info: system_on_chip.VGA_CONTROLLER: Video Output Stream: Format: 640 x 480 with Color: 10 (bits) x 3 (planes) converted to 8 (bits) per color plane
Info: system_on_chip.VGA_PLL: The legal reference clock frequency is 5.0 MHz..800.0 MHz
Info: system_on_chip.VGA_PLL: Able to implement PLL with user settings
Warning: system_on_chip.ARM: ARM.h2f_mpu_events must be exported, or connected to a matching conduit.
Warning: system_on_chip.VGA_PLL: VGA_PLL.locked must be exported, or connected to a matching conduit.
Warning: system_on_chip.AUDIO: Interrupt sender AUDIO.interrupt is not connected to an interrupt receiver
Warning: system_on_chip.FIFO: Interrupt sender FIFO.out_irq is not connected to an interrupt receiver
Warning: system_on_chip.FIFO: Interrupt sender FIFO.in_irq is not connected to an interrupt receiver
Warning: system_on_chip.FIFO2: Interrupt sender FIFO2.out_irq is not connected to an interrupt receiver
Warning: system_on_chip.FIFO2: Interrupt sender FIFO2.in_irq is not connected to an interrupt receiver
Info: system_on_chip: Generating system_on_chip "system_on_chip" for QUARTUS_SYNTH
Info: Inserting clock-crossing logic between cmd_demux.src2 and cmd_mux_002.sink0
Info: Inserting clock-crossing logic between cmd_demux.src3 and cmd_mux_003.sink0
Info: Inserting clock-crossing logic between rsp_demux_002.src0 and rsp_mux.sink2
Info: Inserting clock-crossing logic between rsp_demux_003.src0 and rsp_mux.sink3
Info: ARM: "Running  for module: ARM"
Info: ARM: HPS Main PLL counter settings: n = 0  m = 73
Info: ARM: HPS peripherial PLL counter settings: n = 0  m = 39
Warning: ARM: "Configuration/HPS-to-FPGA user 0 clock frequency" (desired_cfg_clk_mhz) requested 100.0 MHz, but only achieved 97.368421 MHz
Warning: ARM: 1 or more output clock frequencies cannot be achieved precisely, consider revising desired output clock frequencies.
Warning: ARM: ODT is disabled. Enabling ODT (Mode Register 1) may improve signal integrity
Warning: ARM: set_interface_assignment: Interface "hps_io" does not exist
Info: ARM: "system_on_chip" instantiated altera_hps "ARM"
Info: AUDIO: Starting Generation of Audio Controller
Info: AUDIO: "system_on_chip" instantiated altera_up_avalon_audio "AUDIO"
Info: AUDIO_CONFIG: Starting Generation of Audio and Video Config
Info: AUDIO_CONFIG: "system_on_chip" instantiated altera_up_avalon_audio_and_video_config "AUDIO_CONFIG"
Info: AUDIO_PLL: "system_on_chip" instantiated altera_up_avalon_audio_pll "AUDIO_PLL"
Info: FIFO: Starting RTL generation for module 'system_on_chip_FIFO'
Info: FIFO:   Generation command is [exec C:/intelfpga_lite/18.0/quartus/bin64/perl/bin/perl.exe -I C:/intelfpga_lite/18.0/quartus/bin64/perl/lib -I C:/intelfpga_lite/18.0/quartus/sopc_builder/bin/europa -I C:/intelfpga_lite/18.0/quartus/sopc_builder/bin/perl_lib -I C:/intelfpga_lite/18.0/quartus/sopc_builder/bin -I C:/intelfpga_lite/18.0/quartus/../ip/altera/sopc_builder_ip/common -I C:/intelfpga_lite/18.0/quartus/../ip/altera/sopc_builder_ip/altera_avalon_fifo -- C:/intelfpga_lite/18.0/quartus/../ip/altera/sopc_builder_ip/altera_avalon_fifo/generate_rtl.pl --name=system_on_chip_FIFO --dir=C:/Users/manue/AppData/Local/Temp/alt0421_257665246648839105.dir/0054_FIFO_gen/ --quartus_dir=C:/intelfpga_lite/18.0/quartus --verilog --config=C:/Users/manue/AppData/Local/Temp/alt0421_257665246648839105.dir/0054_FIFO_gen//system_on_chip_FIFO_component_configuration.pl  --do_build_sim=0  ]
Info: FIFO: Done RTL generation for module 'system_on_chip_FIFO'
Info: FIFO: "system_on_chip" instantiated altera_avalon_fifo "FIFO"
Info: NIOS: "system_on_chip" instantiated altera_nios2_gen2 "NIOS"
Info: RAM: Starting RTL generation for module 'system_on_chip_RAM'
Info: RAM:   Generation command is [exec C:/intelfpga_lite/18.0/quartus/bin64/perl/bin/perl.exe -I C:/intelfpga_lite/18.0/quartus/bin64/perl/lib -I C:/intelfpga_lite/18.0/quartus/sopc_builder/bin/europa -I C:/intelfpga_lite/18.0/quartus/sopc_builder/bin/perl_lib -I C:/intelfpga_lite/18.0/quartus/sopc_builder/bin -I C:/intelfpga_lite/18.0/quartus/../ip/altera/sopc_builder_ip/common -I C:/intelfpga_lite/18.0/quartus/../ip/altera/sopc_builder_ip/altera_avalon_onchip_memory2 -- C:/intelfpga_lite/18.0/quartus/../ip/altera/sopc_builder_ip/altera_avalon_onchip_memory2/generate_rtl.pl --name=system_on_chip_RAM --dir=C:/Users/manue/AppData/Local/Temp/alt0421_257665246648839105.dir/0055_RAM_gen/ --quartus_dir=C:/intelfpga_lite/18.0/quartus --verilog --config=C:/Users/manue/AppData/Local/Temp/alt0421_257665246648839105.dir/0055_RAM_gen//system_on_chip_RAM_component_configuration.pl  --do_build_sim=0  ]
Info: RAM: Done RTL generation for module 'system_on_chip_RAM'
Info: RAM: "system_on_chip" instantiated altera_avalon_onchip_memory2 "RAM"
Info: REG_7_SEGMENTS: Starting RTL generation for module 'system_on_chip_REG_7_SEGMENTS'
Info: REG_7_SEGMENTS:   Generation command is [exec C:/intelfpga_lite/18.0/quartus/bin64/perl/bin/perl.exe -I C:/intelfpga_lite/18.0/quartus/bin64/perl/lib -I C:/intelfpga_lite/18.0/quartus/sopc_builder/bin/europa -I C:/intelfpga_lite/18.0/quartus/sopc_builder/bin/perl_lib -I C:/intelfpga_lite/18.0/quartus/sopc_builder/bin -I C:/intelfpga_lite/18.0/quartus/../ip/altera/sopc_builder_ip/common -I C:/intelfpga_lite/18.0/quartus/../ip/altera/sopc_builder_ip/altera_avalon_pio -- C:/intelfpga_lite/18.0/quartus/../ip/altera/sopc_builder_ip/altera_avalon_pio/generate_rtl.pl --name=system_on_chip_REG_7_SEGMENTS --dir=C:/Users/manue/AppData/Local/Temp/alt0421_257665246648839105.dir/0056_REG_7_SEGMENTS_gen/ --quartus_dir=C:/intelfpga_lite/18.0/quartus --verilog --config=C:/Users/manue/AppData/Local/Temp/alt0421_257665246648839105.dir/0056_REG_7_SEGMENTS_gen//system_on_chip_REG_7_SEGMENTS_component_configuration.pl  --do_build_sim=0  ]
Info: REG_7_SEGMENTS: Done RTL generation for module 'system_on_chip_REG_7_SEGMENTS'
Info: REG_7_SEGMENTS: "system_on_chip" instantiated altera_avalon_pio "REG_7_SEGMENTS"
Info: REG_BUTTONS: Starting RTL generation for module 'system_on_chip_REG_BUTTONS'
Info: REG_BUTTONS:   Generation command is [exec C:/intelfpga_lite/18.0/quartus/bin64/perl/bin/perl.exe -I C:/intelfpga_lite/18.0/quartus/bin64/perl/lib -I C:/intelfpga_lite/18.0/quartus/sopc_builder/bin/europa -I C:/intelfpga_lite/18.0/quartus/sopc_builder/bin/perl_lib -I C:/intelfpga_lite/18.0/quartus/sopc_builder/bin -I C:/intelfpga_lite/18.0/quartus/../ip/altera/sopc_builder_ip/common -I C:/intelfpga_lite/18.0/quartus/../ip/altera/sopc_builder_ip/altera_avalon_pio -- C:/intelfpga_lite/18.0/quartus/../ip/altera/sopc_builder_ip/altera_avalon_pio/generate_rtl.pl --name=system_on_chip_REG_BUTTONS --dir=C:/Users/manue/AppData/Local/Temp/alt0421_257665246648839105.dir/0057_REG_BUTTONS_gen/ --quartus_dir=C:/intelfpga_lite/18.0/quartus --verilog --config=C:/Users/manue/AppData/Local/Temp/alt0421_257665246648839105.dir/0057_REG_BUTTONS_gen//system_on_chip_REG_BUTTONS_component_configuration.pl  --do_build_sim=0  ]
Info: REG_BUTTONS: Done RTL generation for module 'system_on_chip_REG_BUTTONS'
Info: REG_BUTTONS: "system_on_chip" instantiated altera_avalon_pio "REG_BUTTONS"
Info: REG_SWITCHES: Starting RTL generation for module 'system_on_chip_REG_SWITCHES'
Info: REG_SWITCHES:   Generation command is [exec C:/intelfpga_lite/18.0/quartus/bin64/perl/bin/perl.exe -I C:/intelfpga_lite/18.0/quartus/bin64/perl/lib -I C:/intelfpga_lite/18.0/quartus/sopc_builder/bin/europa -I C:/intelfpga_lite/18.0/quartus/sopc_builder/bin/perl_lib -I C:/intelfpga_lite/18.0/quartus/sopc_builder/bin -I C:/intelfpga_lite/18.0/quartus/../ip/altera/sopc_builder_ip/common -I C:/intelfpga_lite/18.0/quartus/../ip/altera/sopc_builder_ip/altera_avalon_pio -- C:/intelfpga_lite/18.0/quartus/../ip/altera/sopc_builder_ip/altera_avalon_pio/generate_rtl.pl --name=system_on_chip_REG_SWITCHES --dir=C:/Users/manue/AppData/Local/Temp/alt0421_257665246648839105.dir/0058_REG_SWITCHES_gen/ --quartus_dir=C:/intelfpga_lite/18.0/quartus --verilog --config=C:/Users/manue/AppData/Local/Temp/alt0421_257665246648839105.dir/0058_REG_SWITCHES_gen//system_on_chip_REG_SWITCHES_component_configuration.pl  --do_build_sim=0  ]
Info: REG_SWITCHES: Done RTL generation for module 'system_on_chip_REG_SWITCHES'
Info: REG_SWITCHES: "system_on_chip" instantiated altera_avalon_pio "REG_SWITCHES"
Info: TIMER: Starting RTL generation for module 'system_on_chip_TIMER'
Info: TIMER:   Generation command is [exec C:/intelFPGA_lite/18.0/quartus/bin64//perl/bin/perl.exe -I C:/intelFPGA_lite/18.0/quartus/bin64//perl/lib -I C:/intelfpga_lite/18.0/quartus/sopc_builder/bin/europa -I C:/intelfpga_lite/18.0/quartus/sopc_builder/bin/perl_lib -I C:/intelfpga_lite/18.0/quartus/sopc_builder/bin -I C:/intelfpga_lite/18.0/quartus/../ip/altera/sopc_builder_ip/common -I C:/intelfpga_lite/18.0/quartus/../ip/altera/sopc_builder_ip/altera_avalon_timer -- C:/intelfpga_lite/18.0/quartus/../ip/altera/sopc_builder_ip/altera_avalon_timer/generate_rtl.pl --name=system_on_chip_TIMER --dir=C:/Users/manue/AppData/Local/Temp/alt0421_257665246648839105.dir/0059_TIMER_gen/ --quartus_dir=C:/intelfpga_lite/18.0/quartus --verilog --config=C:/Users/manue/AppData/Local/Temp/alt0421_257665246648839105.dir/0059_TIMER_gen//system_on_chip_TIMER_component_configuration.pl  --do_build_sim=0  ]
Info: TIMER: Done RTL generation for module 'system_on_chip_TIMER'
Info: TIMER: "system_on_chip" instantiated altera_avalon_timer "TIMER"
Info: UART: Starting RTL generation for module 'system_on_chip_UART'
Info: UART:   Generation command is [exec C:/intelfpga_lite/18.0/quartus/bin64/perl/bin/perl.exe -I C:/intelfpga_lite/18.0/quartus/bin64/perl/lib -I C:/intelfpga_lite/18.0/quartus/sopc_builder/bin/europa -I C:/intelfpga_lite/18.0/quartus/sopc_builder/bin/perl_lib -I C:/intelfpga_lite/18.0/quartus/sopc_builder/bin -I C:/intelfpga_lite/18.0/quartus/../ip/altera/sopc_builder_ip/common -I C:/intelfpga_lite/18.0/quartus/../ip/altera/sopc_builder_ip/altera_avalon_jtag_uart -- C:/intelfpga_lite/18.0/quartus/../ip/altera/sopc_builder_ip/altera_avalon_jtag_uart/generate_rtl.pl --name=system_on_chip_UART --dir=C:/Users/manue/AppData/Local/Temp/alt0421_257665246648839105.dir/0060_UART_gen/ --quartus_dir=C:/intelfpga_lite/18.0/quartus --verilog --config=C:/Users/manue/AppData/Local/Temp/alt0421_257665246648839105.dir/0060_UART_gen//system_on_chip_UART_component_configuration.pl  --do_build_sim=0  ]
Info: UART: Done RTL generation for module 'system_on_chip_UART'
Info: UART: "system_on_chip" instantiated altera_avalon_jtag_uart "UART"
Info: VGA_BUFFER: Starting Generation of Character Buffer
Info: VGA_BUFFER: "system_on_chip" instantiated altera_up_avalon_video_character_buffer_with_dma "VGA_BUFFER"
Info: VGA_CONTROLLER: Starting Generation of VGA Controller
Info: VGA_CONTROLLER: "system_on_chip" instantiated altera_up_avalon_video_vga_controller "VGA_CONTROLLER"
Info: VGA_PLL: "system_on_chip" instantiated altera_pll "VGA_PLL"
Info: avalon_st_adapter: Inserting error_adapter: error_adapter_0
Info: avalon_st_adapter_001: Inserting error_adapter: error_adapter_0
Info: avalon_st_adapter_002: Inserting error_adapter: error_adapter_0
Info: avalon_st_adapter_003: Inserting error_adapter: error_adapter_0
Info: avalon_st_adapter_004: Inserting error_adapter: error_adapter_0
Info: avalon_st_adapter_005: Inserting error_adapter: error_adapter_0
Info: avalon_st_adapter_006: Inserting error_adapter: error_adapter_0
Info: avalon_st_adapter_007: Inserting error_adapter: error_adapter_0
Info: avalon_st_adapter_008: Inserting error_adapter: error_adapter_0
Info: avalon_st_adapter_009: Inserting error_adapter: error_adapter_0
Info: avalon_st_adapter_010: Inserting error_adapter: error_adapter_0
Info: avalon_st_adapter_011: Inserting error_adapter: error_adapter_0
Info: avalon_st_adapter_012: Inserting error_adapter: error_adapter_0
Info: avalon_st_adapter_013: Inserting error_adapter: error_adapter_0
Info: avalon_st_adapter_014: Inserting error_adapter: error_adapter_0
Info: mm_interconnect_0: "system_on_chip" instantiated altera_mm_interconnect "mm_interconnect_0"
Info: avalon_st_adapter: Inserting error_adapter: error_adapter_0
Info: avalon_st_adapter_001: Inserting error_adapter: error_adapter_0
Info: avalon_st_adapter_002: Inserting error_adapter: error_adapter_0
Info: avalon_st_adapter_003: Inserting error_adapter: error_adapter_0
Info: mm_interconnect_1: "system_on_chip" instantiated altera_mm_interconnect "mm_interconnect_1"
Info: irq_mapper: "system_on_chip" instantiated altera_irq_mapper "irq_mapper"
Info: rst_controller: "system_on_chip" instantiated altera_reset_controller "rst_controller"
Info: fpga_interfaces: "ARM" instantiated altera_interface_generator "fpga_interfaces"
Info: hps_io: "ARM" instantiated altera_hps_io "hps_io"
Info: audio_pll: "AUDIO_PLL" instantiated altera_pll "audio_pll"
Info: reset_from_locked: "AUDIO_PLL" instantiated altera_up_avalon_reset_from_locked_signal "reset_from_locked"
Info: cpu: Starting RTL generation for module 'system_on_chip_NIOS_cpu'
Info: cpu:   Generation command is [exec C:/intelFPGA_lite/18.0/quartus/bin64//eperlcmd.exe -I C:/intelFPGA_lite/18.0/quartus/bin64//perl/lib -I C:/intelfpga_lite/18.0/quartus/sopc_builder/bin/europa -I C:/intelfpga_lite/18.0/quartus/sopc_builder/bin/perl_lib -I C:/intelfpga_lite/18.0/quartus/sopc_builder/bin -I C:/intelfpga_lite/18.0/quartus/../ip/altera/nios2_ip/altera_nios2_gen2/cpu_lib -I C:/intelfpga_lite/18.0/quartus/../ip/altera/nios2_ip/altera_nios2_gen2/nios_lib -I C:/intelfpga_lite/18.0/quartus/../ip/altera/nios2_ip/altera_nios2_gen2 -I C:/intelfpga_lite/18.0/quartus/../ip/altera/nios2_ip/altera_nios2_gen2 -- C:/intelfpga_lite/18.0/quartus/../ip/altera/nios2_ip/altera_nios2_gen2/generate_rtl.epl --name=system_on_chip_NIOS_cpu --dir=C:/Users/manue/AppData/Local/Temp/alt0421_257665246648839105.dir/0069_cpu_gen/ --quartus_bindir=C:/intelFPGA_lite/18.0/quartus/bin64/ --verilog --config=C:/Users/manue/AppData/Local/Temp/alt0421_257665246648839105.dir/0069_cpu_gen//system_on_chip_NIOS_cpu_processor_configuration.pl  --do_build_sim=0  ]
Info: cpu: # 2025.11.29 18:08:19 (*) Starting Nios II generation
Info: cpu: # 2025.11.29 18:08:19 (*)   Checking for plaintext license.
Info: cpu: # 2025.11.29 18:08:19 (*)   Couldn't query license setup in Quartus directory C:/intelFPGA_lite/18.0/quartus/bin64/
Info: cpu: # 2025.11.29 18:08:19 (*)   Defaulting to contents of LM_LICENSE_FILE environment variable
Info: cpu: # 2025.11.29 18:08:19 (*)   LM_LICENSE_FILE environment variable is empty
Info: cpu: # 2025.11.29 18:08:19 (*)   Plaintext license not found.
Info: cpu: # 2025.11.29 18:08:19 (*)   No license required to generate encrypted Nios II/e.
Info: cpu: # 2025.11.29 18:08:19 (*)   Elaborating CPU configuration settings
Info: cpu: # 2025.11.29 18:08:19 (*)   Creating all objects for CPU
Info: cpu: # 2025.11.29 18:08:20 (*)   Generating RTL from CPU objects
Info: cpu: # 2025.11.29 18:08:20 (*)   Creating plain-text RTL
Info: cpu: # 2025.11.29 18:08:20 (*) Done Nios II generation
Info: cpu: Done RTL generation for module 'system_on_chip_NIOS_cpu'
Info: cpu: "NIOS" instantiated altera_nios2_gen2_unit "cpu"
Info: NIOS_data_master_translator: "mm_interconnect_0" instantiated altera_merlin_master_translator "NIOS_data_master_translator"
Info: AUDIO_avalon_audio_slave_translator: "mm_interconnect_0" instantiated altera_merlin_slave_translator "AUDIO_avalon_audio_slave_translator"
Info: NIOS_data_master_agent: "mm_interconnect_0" instantiated altera_merlin_master_agent "NIOS_data_master_agent"
Info: AUDIO_avalon_audio_slave_agent: "mm_interconnect_0" instantiated altera_merlin_slave_agent "AUDIO_avalon_audio_slave_agent"
Info: AUDIO_avalon_audio_slave_agent_rsp_fifo: "mm_interconnect_0" instantiated altera_avalon_sc_fifo "AUDIO_avalon_audio_slave_agent_rsp_fifo"
Info: router: "mm_interconnect_0" instantiated altera_merlin_router "router"
Info: router_001: "mm_interconnect_0" instantiated altera_merlin_router "router_001"
Info: router_002: "mm_interconnect_0" instantiated altera_merlin_router "router_002"
Info: router_004: "mm_interconnect_0" instantiated altera_merlin_router "router_004"
Info: router_007: "mm_interconnect_0" instantiated altera_merlin_router "router_007"
Info: VGA_BUFFER_avalon_char_buffer_slave_burst_adapter: "mm_interconnect_0" instantiated altera_merlin_burst_adapter "VGA_BUFFER_avalon_char_buffer_slave_burst_adapter"
Info: cmd_demux: "mm_interconnect_0" instantiated altera_merlin_demultiplexer "cmd_demux"
Info: cmd_demux_001: "mm_interconnect_0" instantiated altera_merlin_demultiplexer "cmd_demux_001"
Info: cmd_mux: "mm_interconnect_0" instantiated altera_merlin_multiplexer "cmd_mux"
Info: cmd_mux_005: "mm_interconnect_0" instantiated altera_merlin_multiplexer "cmd_mux_005"
Info: Reusing file C:/Users/manue/Documents/Proyecto2-Empotrados/SystemOnChip/system_on_chip/synthesis/submodules/altera_merlin_arbitrator.sv
Info: rsp_demux: "mm_interconnect_0" instantiated altera_merlin_demultiplexer "rsp_demux"
Info: rsp_demux_002: "mm_interconnect_0" instantiated altera_merlin_demultiplexer "rsp_demux_002"
Info: rsp_mux: "mm_interconnect_0" instantiated altera_merlin_multiplexer "rsp_mux"
Info: Reusing file C:/Users/manue/Documents/Proyecto2-Empotrados/SystemOnChip/system_on_chip/synthesis/submodules/altera_merlin_arbitrator.sv
Info: rsp_mux_001: "mm_interconnect_0" instantiated altera_merlin_multiplexer "rsp_mux_001"
Info: Reusing file C:/Users/manue/Documents/Proyecto2-Empotrados/SystemOnChip/system_on_chip/synthesis/submodules/altera_merlin_arbitrator.sv
Info: VGA_BUFFER_avalon_char_buffer_slave_rsp_width_adapter: "mm_interconnect_0" instantiated altera_merlin_width_adapter "VGA_BUFFER_avalon_char_buffer_slave_rsp_width_adapter"
Info: Reusing file C:/Users/manue/Documents/Proyecto2-Empotrados/SystemOnChip/system_on_chip/synthesis/submodules/altera_merlin_address_alignment.sv
Info: Reusing file C:/Users/manue/Documents/Proyecto2-Empotrados/SystemOnChip/system_on_chip/synthesis/submodules/altera_merlin_burst_uncompressor.sv
Info: crosser: "mm_interconnect_0" instantiated altera_avalon_st_handshake_clock_crosser "crosser"
Info: Reusing file C:/Users/manue/Documents/Proyecto2-Empotrados/SystemOnChip/system_on_chip/synthesis/submodules/altera_avalon_st_pipeline_base.v
Info: avalon_st_adapter: "mm_interconnect_0" instantiated altera_avalon_st_adapter "avalon_st_adapter"
Info: avalon_st_adapter_002: "mm_interconnect_0" instantiated altera_avalon_st_adapter "avalon_st_adapter_002"
Info: ARM_h2f_axi_master_agent: "mm_interconnect_1" instantiated altera_merlin_axi_master_ni "ARM_h2f_axi_master_agent"
Info: Reusing file C:/Users/manue/Documents/Proyecto2-Empotrados/SystemOnChip/system_on_chip/synthesis/submodules/altera_merlin_address_alignment.sv
Info: router: "mm_interconnect_1" instantiated altera_merlin_router "router"
Info: router_002: "mm_interconnect_1" instantiated altera_merlin_router "router_002"
Info: ARM_h2f_axi_master_wr_limiter: "mm_interconnect_1" instantiated altera_merlin_traffic_limiter "ARM_h2f_axi_master_wr_limiter"
Info: Reusing file C:/Users/manue/Documents/Proyecto2-Empotrados/SystemOnChip/system_on_chip/synthesis/submodules/altera_avalon_sc_fifo.v
Info: Reusing file C:/Users/manue/Documents/Proyecto2-Empotrados/SystemOnChip/system_on_chip/synthesis/submodules/altera_avalon_st_pipeline_base.v
Info: cmd_demux: "mm_interconnect_1" instantiated altera_merlin_demultiplexer "cmd_demux"
Info: cmd_mux: "mm_interconnect_1" instantiated altera_merlin_multiplexer "cmd_mux"
Info: Reusing file C:/Users/manue/Documents/Proyecto2-Empotrados/SystemOnChip/system_on_chip/synthesis/submodules/altera_merlin_arbitrator.sv
Info: rsp_demux: "mm_interconnect_1" instantiated altera_merlin_demultiplexer "rsp_demux"
Info: rsp_mux: "mm_interconnect_1" instantiated altera_merlin_multiplexer "rsp_mux"
Info: Reusing file C:/Users/manue/Documents/Proyecto2-Empotrados/SystemOnChip/system_on_chip/synthesis/submodules/altera_merlin_arbitrator.sv
Info: border: "hps_io" instantiated altera_interface_generator "border"
Info: error_adapter_0: "avalon_st_adapter" instantiated error_adapter "error_adapter_0"
Info: error_adapter_0: "avalon_st_adapter_002" instantiated error_adapter "error_adapter_0"
Info: system_on_chip: Done "system_on_chip" with 59 modules, 155 files
Info: qsys-generate succeeded.
Info: Finished: Create HDL design files for synthesis
