Archive member included to satisfy reference by file (symbol)

c:/intelfpga_lite/18.0/nios2eds/bin/gnu/h-x86_64-mingw32/bin/../lib/gcc/nios2-elf/5.3.0/mno-hw-mul\libgcc.a(lib2-divmod.o)
                              obj/default/7_segments.o (__divsi3)
c:/intelfpga_lite/18.0/nios2eds/bin/gnu/h-x86_64-mingw32/bin/../lib/gcc/nios2-elf/5.3.0/mno-hw-mul\libgcc.a(lib2-mul.o)
                              obj/default/filter.o (__mulsi3)
c:/intelfpga_lite/18.0/nios2eds/bin/gnu/h-x86_64-mingw32/bin/../lib/gcc/nios2-elf/5.3.0/../../../../../H-x86_64-mingw32/nios2-elf/lib/mno-hw-mul\libsmallc.a(lib_a-printf.o)
                              obj/default/audio.o (printf)
c:/intelfpga_lite/18.0/nios2eds/bin/gnu/h-x86_64-mingw32/bin/../lib/gcc/nios2-elf/5.3.0/../../../../../H-x86_64-mingw32/nios2-elf/lib/mno-hw-mul\libsmallc.a(lib_a-puts.o)
                              obj/default/audio.o (puts)
c:/intelfpga_lite/18.0/nios2eds/bin/gnu/h-x86_64-mingw32/bin/../lib/gcc/nios2-elf/5.3.0/../../../../../H-x86_64-mingw32/nios2-elf/lib/mno-hw-mul\libsmallc.a(lib_a-sprintf.o)
                              obj/default/main.o (sprintf)
c:/intelfpga_lite/18.0/nios2eds/bin/gnu/h-x86_64-mingw32/bin/../lib/gcc/nios2-elf/5.3.0/../../../../../H-x86_64-mingw32/nios2-elf/lib/mno-hw-mul\libsmallc.a(lib_a-strlen.o)
                              obj/default/vga.o (strlen)
c:/intelfpga_lite/18.0/nios2eds/bin/gnu/h-x86_64-mingw32/bin/../lib/gcc/nios2-elf/5.3.0/../../../../../H-x86_64-mingw32/nios2-elf/lib/mno-hw-mul\libsmallc.a(lib_a-svfprintf.o)
                              c:/intelfpga_lite/18.0/nios2eds/bin/gnu/h-x86_64-mingw32/bin/../lib/gcc/nios2-elf/5.3.0/../../../../../H-x86_64-mingw32/nios2-elf/lib/mno-hw-mul\libsmallc.a(lib_a-sprintf.o) (___svfprintf_internal_r)
c:/intelfpga_lite/18.0/nios2eds/bin/gnu/h-x86_64-mingw32/bin/../lib/gcc/nios2-elf/5.3.0/../../../../../H-x86_64-mingw32/nios2-elf/lib/mno-hw-mul\libsmallc.a(lib_a-vfprintf.o)
                              c:/intelfpga_lite/18.0/nios2eds/bin/gnu/h-x86_64-mingw32/bin/../lib/gcc/nios2-elf/5.3.0/../../../../../H-x86_64-mingw32/nios2-elf/lib/mno-hw-mul\libsmallc.a(lib_a-printf.o) (___vfprintf_internal_r)
c:/intelfpga_lite/18.0/nios2eds/bin/gnu/h-x86_64-mingw32/bin/../lib/gcc/nios2-elf/5.3.0/../../../../../H-x86_64-mingw32/nios2-elf/lib/mno-hw-mul\libsmallc.a(lib_a-fvwrite_small_dev.o)
                              c:/intelfpga_lite/18.0/nios2eds/bin/gnu/h-x86_64-mingw32/bin/../lib/gcc/nios2-elf/5.3.0/../../../../../H-x86_64-mingw32/nios2-elf/lib/mno-hw-mul\libsmallc.a(lib_a-printf.o) (__sfvwrite_small_dev)
c:/intelfpga_lite/18.0/nios2eds/bin/gnu/h-x86_64-mingw32/bin/../lib/gcc/nios2-elf/5.3.0/../../../../../H-x86_64-mingw32/nios2-elf/lib/mno-hw-mul\libsmallc.a(lib_a-fvwrite_small_str.o)
                              c:/intelfpga_lite/18.0/nios2eds/bin/gnu/h-x86_64-mingw32/bin/../lib/gcc/nios2-elf/5.3.0/../../../../../H-x86_64-mingw32/nios2-elf/lib/mno-hw-mul\libsmallc.a(lib_a-sprintf.o) (__sfvwrite_small_str)
c:/intelfpga_lite/18.0/nios2eds/bin/gnu/h-x86_64-mingw32/bin/../lib/gcc/nios2-elf/5.3.0/../../../../../H-x86_64-mingw32/nios2-elf/lib/mno-hw-mul\libsmallc.a(lib_a-impure.o)
                              c:/intelfpga_lite/18.0/nios2eds/bin/gnu/h-x86_64-mingw32/bin/../lib/gcc/nios2-elf/5.3.0/../../../../../H-x86_64-mingw32/nios2-elf/lib/mno-hw-mul\libsmallc.a(lib_a-printf.o) (_impure_ptr)
c:/intelfpga_lite/18.0/nios2eds/bin/gnu/h-x86_64-mingw32/bin/../lib/gcc/nios2-elf/5.3.0/../../../../../H-x86_64-mingw32/nios2-elf/lib/mno-hw-mul\libsmallc.a(lib_a-memmove.o)
                              c:/intelfpga_lite/18.0/nios2eds/bin/gnu/h-x86_64-mingw32/bin/../lib/gcc/nios2-elf/5.3.0/../../../../../H-x86_64-mingw32/nios2-elf/lib/mno-hw-mul\libsmallc.a(lib_a-fvwrite_small_str.o) (memmove)
c:/intelfpga_lite/18.0/nios2eds/bin/gnu/h-x86_64-mingw32/bin/../lib/gcc/nios2-elf/5.3.0/../../../../../H-x86_64-mingw32/nios2-elf/lib/mno-hw-mul\libsmallc.a(lib_a-writer.o)
                              c:/intelfpga_lite/18.0/nios2eds/bin/gnu/h-x86_64-mingw32/bin/../lib/gcc/nios2-elf/5.3.0/../../../../../H-x86_64-mingw32/nios2-elf/lib/mno-hw-mul\libsmallc.a(lib_a-fvwrite_small_dev.o) (_write_r)
c:/intelfpga_lite/18.0/nios2eds/bin/gnu/h-x86_64-mingw32/bin/../lib/gcc/nios2-elf/5.3.0/../../../../../H-x86_64-mingw32/nios2-elf/lib/mno-hw-mul\libsmallc.a(lib_a-int_errno.o)
                              c:/intelfpga_lite/18.0/nios2eds/bin/gnu/h-x86_64-mingw32/bin/../lib/gcc/nios2-elf/5.3.0/../../../../../H-x86_64-mingw32/nios2-elf/lib/mno-hw-mul\libsmallc.a(lib_a-writer.o) (errno)
../prueba3_bsp/\libhal_bsp.a(alt_iic.o)
                              obj/default/buttons.o (alt_ic_isr_register)
../prueba3_bsp/\libhal_bsp.a(alt_iic_isr_register.o)
                              ../prueba3_bsp/\libhal_bsp.a(alt_iic.o) (alt_iic_isr_register)
../prueba3_bsp/\libhal_bsp.a(alt_irq_entry.o)
                              ../prueba3_bsp/\libhal_bsp.a(alt_iic_isr_register.o) (alt_irq_entry)
[...]
Memory Configuration

Name             Origin             Length             Attributes
reset            0x0000000000000000 0x0000000000000020
RAM              0x0000000000000020 0x0000000000007fe0
*default*        0x0000000000000000 0xffffffffffffffff

Linker script and memory map

LOAD ../prueba3_bsp//obj/HAL/src/crt0.o
LOAD obj/default/7_segments.o
LOAD obj/default/audio.o
LOAD obj/default/buttons.o
LOAD obj/default/filter.o
LOAD obj/default/main.o
LOAD obj/default/switches.o
LOAD obj/default/timer.o
LOAD obj/default/vga.o
LOAD c:/intelfpga_lite/18.0/nios2eds/bin/gnu/h-x86_64-mingw32/bin/../lib/gcc/nios2-elf/5.3.0/../../../../../H-x86_64-mingw32/nios2-elf/lib/mno-hw-mul\libstdc++.a
LOAD c:/intelfpga_lite/18.0/nios2eds/bin/gnu/h-x86_64-mingw32/bin/../lib/gcc/nios2-elf/5.3.0/../../../../../H-x86_64-mingw32/nios2-elf/lib/mno-hw-mul\libm.a
LOAD c:/intelfpga_lite/18.0/nios2eds/bin/gnu/h-x86_64-mingw32/bin/../lib/gcc/nios2-elf/5.3.0/mno-hw-mul\libgcc.a
START GROUP
LOAD c:/intelfpga_lite/18.0/nios2eds/bin/gnu/h-x86_64-mingw32/bin/../lib/gcc/nios2-elf/5.3.0/../../../../../H-x86_64-mingw32/nios2-elf/lib/mno-hw-mul\libsmallc.a
LOAD c:/intelfpga_lite/18.0/nios2eds/bin/gnu/h-x86_64-mingw32/bin/../lib/gcc/nios2-elf/5.3.0/mno-hw-mul\libgcc.a
LOAD ../prueba3_bsp/\libhal_bsp.a
LOAD c:/intelfpga_lite/18.0/nios2eds/bin/gnu/h-x86_64-mingw32/bin/../lib/gcc/nios2-elf/5.3.0/../../../../../H-x86_64-mingw32/nios2-elf/lib/mno-hw-mul\libm.a
END GROUP
LOAD c:/intelfpga_lite/18.0/nios2eds/bin/gnu/h-x86_64-mingw32/bin/../lib/gcc/nios2-elf/5.3.0/mno-hw-mul\libgcc.a
                0x0000000000000000                __alt_mem_RAM = 0x0

.entry          0x0000000000000000       0x20
 *(.entry)
 .entry         0x0000000000000000       0x20 ../prueba3_bsp//obj/HAL/src/crt0.o
                0x0000000000000000                __reset
                0x000000000000000c                _exit

.exceptions     0x0000000000000020      0x160
                0x0000000000000020                PROVIDE (__ram_exceptions_start, ABSOLUTE (.))
                0x0000000000000020                . = ALIGN (0x20)
 *(.irq)
 *(.exceptions.entry.label)
 .exceptions.entry.label
                0x0000000000000020        0x0 ../prueba3_bsp/\libhal_bsp.a(alt_irq_entry.o)
                0x0000000000000020                alt_irq_entry
 .exceptions.entry.label
                0x0000000000000020        0x0 ../prueba3_bsp/\libhal_bsp.a(alt_exception_entry.o)
                0x0000000000000020                alt_exception
 *(.exceptions.entry.user)
 *(.exceptions.entry.ecc_fatal)
 *(.exceptions.entry)
 .exceptions.entry
                0x0000000000000020       0x54 ../prueba3_bsp/\libhal_bsp.a(alt_exception_entry.o)
 *(.exceptions.irqtest.user)
 *(.exceptions.irqtest)
 .exceptions.irqtest
                0x0000000000000074       0x10 ../prueba3_bsp/\libhal_bsp.a(alt_irq_entry.o)
 *(.exceptions.irqhandler.user)
 *(.exceptions.irqhandler)
 .exceptions.irqhandler
                0x0000000000000084        0x4 ../prueba3_bsp/\libhal_bsp.a(alt_irq_entry.o)
 *(.exceptions.irqreturn.user)
 *(.exceptions.irqreturn)
 .exceptions.irqreturn
                0x0000000000000088        0x4 ../prueba3_bsp/\libhal_bsp.a(alt_irq_entry.o)
 *(.exceptions.notirq.label)
 .exceptions.notirq.label
                0x000000000000008c        0x0 ../prueba3_bsp/\libhal_bsp.a(alt_irq_entry.o)
 *(.exceptions.notirq.user)
 *(.exceptions.notirq)
 .exceptions.notirq
                0x000000000000008c        0x8 ../prueba3_bsp/\libhal_bsp.a(alt_exception_entry.o)
 *(.exceptions.soft.user)
 *(.exceptions.soft)
 *(.exceptions.unknown.user)
 *(.exceptions.unknown)
 .exceptions.unknown
                0x0000000000000094       0x14 ../prueba3_bsp/\libhal_bsp.a(alt_exception_entry.o)
 *(.exceptions.exit.label)
 .exceptions.exit.label
                0x00000000000000a8        0x0 ../prueba3_bsp/\libhal_bsp.a(alt_irq_entry.o)
 .exceptions.exit.label
                0x00000000000000a8        0x0 ../prueba3_bsp/\libhal_bsp.a(alt_exception_entry.o)
 *(.exceptions.exit.user)
 *(.exceptions.exit)
 .exceptions.exit
                0x00000000000000a8       0x54 ../prueba3_bsp/\libhal_bsp.a(alt_exception_entry.o)
 *(.exceptions)
 .exceptions    0x00000000000000fc       0x60 ../prueba3_bsp/\libhal_bsp.a(alt_irq_handler.o)
                0x00000000000000fc                alt_irq_handler
 .exceptions    0x000000000000015c       0x24 ../prueba3_bsp/\libhal_bsp.a(alt_instruction_exception_entry.o)
                0x000000000000015c                alt_instruction_exception_entry
                0x0000000000000180                PROVIDE (__ram_exceptions_end, ABSOLUTE (.))
                0x0000000000000020                PROVIDE (__flash_exceptions_start, LOADADDR (.exceptions))

.text           0x0000000000000180     0x2698
                [!provide]                        PROVIDE (stext, ABSOLUTE (.))
 *(.interp)
 *(.hash)
 *(.dynsym)
 *(.dynstr)
 *(.gnu.version)
 *(.gnu.version_d)
 *(.gnu.version_r)
 *(.rel.init)
 *(.rela.init)
 *(.rel.text .rel.text.* .rel.gnu.linkonce.t.*)
 *(.rela.text .rela.text.* .rela.gnu.linkonce.t.*)
 *(.rel.fini)
 *(.rela.fini)
 *(.rel.rodata .rel.rodata.* .rel.gnu.linkonce.r.*)
 *(.rela.rodata .rela.rodata.* .rela.gnu.linkonce.r.*)
 *(.rel.data .rel.data.* .rel.gnu.linkonce.d.*)
 *(.rela.data .rela.data.* .rela.gnu.linkonce.d.*)
 *(.rel.tdata .rel.tdata.* .rel.gnu.linkonce.td.*)
 *(.rela.tdata .rela.tdata.* .rela.gnu.linkonce.td.*)
 *(.rel.tbss .rel.tbss.* .rel.gnu.linkonce.tb.*)
 *(.rela.tbss .rela.tbss.* .rela.gnu.linkonce.tb.*)
 *(.rel.ctors)
 *(.rela.ctors)
 *(.rel.dtors)
 *(.rela.dtors)
 *(.rel.got)
 *(.rela.got)
 *(.rel.sdata .rel.sdata.* .rel.gnu.linkonce.s.*)
 *(.rela.sdata .rela.sdata.* .rela.gnu.linkonce.s.*)
 *(.rel.sbss .rel.sbss.* .rel.gnu.linkonce.sb.*)
 *(.rela.sbss .rela.sbss.* .rela.gnu.linkonce.sb.*)
 *(.rel.sdata2 .rel.sdata2.* .rel.gnu.linkonce.s2.*)
 *(.rela.sdata2 .rela.sdata2.* .rela.gnu.linkonce.s2.*)
 *(.rel.sbss2 .rel.sbss2.* .rel.gnu.linkonce.sb2.*)
 *(.rela.sbss2 .rela.sbss2.* .rela.gnu.linkonce.sb2.*)
 *(.rel.bss .rel.bss.* .rel.gnu.linkonce.b.*)
 *(.rela.bss .rela.bss.* .rela.gnu.linkonce.b.*)
 *(.rel.plt)
 *(.rela.plt)
 *(.rel.dyn)
 *(.init)
 *(.plt)
 *(.text .stub .text.* .gnu.linkonce.t.*)
 .text          0x0000000000000180       0x3c ../prueba3_bsp//obj/HAL/src/crt0.o
                0x0000000000000180                _start
 .text          0x00000000000001bc       0xf4 obj/default/7_segments.o
                0x00000000000001bc                display_time_4seg
 .text          0x00000000000002b0      0x238 obj/default/audio.o
                0x0000000000000304                audio_init
                0x0000000000000338                audio_wait_handshake
                0x00000000000003a4                audio_receive_metadata
                0x0000000000000438                audio_fifo_has_data
                0x0000000000000448                audio_process_sample
                0x00000000000004cc                audio_send_command
 .text          0x00000000000004e8       0xe0 obj/default/buttons.o
                0x00000000000004e8                buttons_isr
                0x0000000000000578                buttons_init
                0x00000000000005bc                buttons_clear_skip
 .text          0x00000000000005c8      0x3e0 obj/default/filter.o
                0x00000000000005c8                filter_init
                0x00000000000005e0                filter_set
                0x0000000000000600                filter_get
                0x0000000000000608                filter_get_name
                0x000000000000063c                filter_process
                0x00000000000008f8                filter_update_from_switches
 .text          0x00000000000009a8      0x250 obj/default/main.o
                0x00000000000009a8                update_vga_timer
                0x0000000000000a0c                update_vga_filter
                0x0000000000000a58                show_waiting_screen
                0x0000000000000b34                show_now_playing
 .text.startup  0x0000000000000bf8      0x1b4 obj/default/main.o
                0x0000000000000bf8                main
 .text          0x0000000000000dac        0x4 obj/default/switches.o
                0x0000000000000dac                switches_poll
 .text          0x0000000000000db0       0x34 obj/default/timer.o
                0x0000000000000db0                timer_init
                0x0000000000000dc8                timer_tick
 .text          0x0000000000000de4      0x1b4 obj/default/vga.o
                0x0000000000000de4                vga_clear
                0x0000000000000e00                vga_init
                0x0000000000000e58                vga_print
                0x0000000000000ec4                vga_print_center
                0x0000000000000f64                vga_clear_line
 .text          0x0000000000000f98      0x1b4 c:/intelfpga_lite/18.0/nios2eds/bin/gnu/h-x86_64-mingw32/bin/../lib/gcc/nios2-elf/5.3.0/mno-hw-mul\libgcc.a(lib2-divmod.o)
                0x0000000000000f98                __divsi3
                0x000000000000101c                __modsi3
                0x0000000000001090                __udivsi3
                0x00000000000010f4                __umodsi3
 .text          0x000000000000114c       0x28 c:/intelfpga_lite/18.0/nios2eds/bin/gnu/h-x86_64-mingw32/bin/../lib/gcc/nios2-elf/5.3.0/mno-hw-mul\libgcc.a(lib2-mul.o)
                0x000000000000114c                __mulsi3
 .text          0x0000000000001174        0x0 c:/intelfpga_lite/18.0/nios2eds/bin/gnu/h-x86_64-mingw32/bin/../lib/gcc/nios2-elf/5.3.0/../../../../../H-x86_64-mingw32/nios2-elf/lib/mno-hw-mul\libsmallc.a(lib_a-printf.o)
 .text._printf_r
                0x0000000000001174       0x3c c:/intelfpga_lite/18.0/nios2eds/bin/gnu/h-x86_64-mingw32/bin/../lib/gcc/nios2-elf/5.3.0/../../../../../H-x86_64-mingw32/nios2-elf/lib/mno-hw-mul\libsmallc.a(lib_a-printf.o)
                0x0000000000001174                _printf_r
 .text.printf   0x00000000000011b0       0x4c c:/intelfpga_lite/18.0/nios2eds/bin/gnu/h-x86_64-mingw32/bin/../lib/gcc/nios2-elf/5.3.0/../../../../../H-x86_64-mingw32/nios2-elf/lib/mno-hw-mul\libsmallc.a(lib_a-printf.o)
                0x00000000000011b0                printf
 .text          0x00000000000011fc        0x0 c:/intelfpga_lite/18.0/nios2eds/bin/gnu/h-x86_64-mingw32/bin/../lib/gcc/nios2-elf/5.3.0/../../../../../H-x86_64-mingw32/nios2-elf/lib/mno-hw-mul\libsmallc.a(lib_a-puts.o)
 .text._puts_r  0x00000000000011fc       0x80 c:/intelfpga_lite/18.0/nios2eds/bin/gnu/h-x86_64-mingw32/bin/../lib/gcc/nios2-elf/5.3.0/../../../../../H-x86_64-mingw32/nios2-elf/lib/mno-hw-mul\libsmallc.a(lib_a-puts.o)
                0x00000000000011fc                _puts_r
 .text.puts     0x000000000000127c       0x14 c:/intelfpga_lite/18.0/nios2eds/bin/gnu/h-x86_64-mingw32/bin/../lib/gcc/nios2-elf/5.3.0/../../../../../H-x86_64-mingw32/nios2-elf/lib/mno-hw-mul\libsmallc.a(lib_a-puts.o)
                0x000000000000127c                puts
 .text          0x0000000000001290        0x0 c:/intelfpga_lite/18.0/nios2eds/bin/gnu/h-x86_64-mingw32/bin/../lib/gcc/nios2-elf/5.3.0/../../../../../H-x86_64-mingw32/nios2-elf/lib/mno-hw-mul\libsmallc.a(lib_a-sprintf.o)
 .text._sprintf_r
                0x0000000000001290       0x64 c:/intelfpga_lite/18.0/nios2eds/bin/gnu/h-x86_64-mingw32/bin/../lib/gcc/nios2-elf/5.3.0/../../../../../H-x86_64-mingw32/nios2-elf/lib/mno-hw-mul\libsmallc.a(lib_a-sprintf.o)
                0x0000000000001290                _sprintf_r
 .text.sprintf  0x00000000000012f4       0x78 c:/intelfpga_lite/18.0/nios2eds/bin/gnu/h-x86_64-mingw32/bin/../lib/gcc/nios2-elf/5.3.0/../../../../../H-x86_64-mingw32/nios2-elf/lib/mno-hw-mul\libsmallc.a(lib_a-sprintf.o)
                0x00000000000012f4                sprintf
 .text          0x000000000000136c        0x0 c:/intelfpga_lite/18.0/nios2eds/bin/gnu/h-x86_64-mingw32/bin/../lib/gcc/nios2-elf/5.3.0/../../../../../H-x86_64-mingw32/nios2-elf/lib/mno-hw-mul\libsmallc.a(lib_a-strlen.o)
 .text.strlen   0x000000000000136c       0x1c c:/intelfpga_lite/18.0/nios2eds/bin/gnu/h-x86_64-mingw32/bin/../lib/gcc/nios2-elf/5.3.0/../../../../../H-x86_64-mingw32/nios2-elf/lib/mno-hw-mul\libsmallc.a(lib_a-strlen.o)
                0x000000000000136c                strlen
 .text          0x0000000000001388        0x0 c:/intelfpga_lite/18.0/nios2eds/bin/gnu/h-x86_64-mingw32/bin/../lib/gcc/nios2-elf/5.3.0/../../../../../H-x86_64-mingw32/nios2-elf/lib/mno-hw-mul\libsmallc.a(lib_a-svfprintf.o)
 .text.print_repeat
                0x0000000000001388       0x6c c:/intelfpga_lite/18.0/nios2eds/bin/gnu/h-x86_64-mingw32/bin/../lib/gcc/nios2-elf/5.3.0/../../../../../H-x86_64-mingw32/nios2-elf/lib/mno-hw-mul\libsmallc.a(lib_a-svfprintf.o)
 .text.___svfprintf_internal_r
                0x00000000000013f4      0x52c c:/intelfpga_lite/18.0/nios2eds/bin/gnu/h-x86_64-mingw32/bin/../lib/gcc/nios2-elf/5.3.0/../../../../../H-x86_64-mingw32/nios2-elf/lib/mno-hw-mul\libsmallc.a(lib_a-svfprintf.o)
                0x00000000000013f4                ___svfprintf_internal_r
 .text.__vfprintf_internal_unused
                0x0000000000001920       0x1c c:/intelfpga_lite/18.0/nios2eds/bin/gnu/h-x86_64-mingw32/bin/../lib/gcc/nios2-elf/5.3.0/../../../../../H-x86_64-mingw32/nios2-elf/lib/mno-hw-mul\libsmallc.a(lib_a-svfprintf.o)
                0x0000000000001920                __vfprintf_internal_unused
 .text          0x000000000000193c        0x0 c:/intelfpga_lite/18.0/nios2eds/bin/gnu/h-x86_64-mingw32/bin/../lib/gcc/nios2-elf/5.3.0/../../../../../H-x86_64-mingw32/nios2-elf/lib/mno-hw-mul\libsmallc.a(lib_a-vfprintf.o)
 .text.print_repeat
                0x000000000000193c       0x6c c:/intelfpga_lite/18.0/nios2eds/bin/gnu/h-x86_64-mingw32/bin/../lib/gcc/nios2-elf/5.3.0/../../../../../H-x86_64-mingw32/nios2-elf/lib/mno-hw-mul\libsmallc.a(lib_a-vfprintf.o)
 .text.___vfprintf_internal_r
                0x00000000000019a8      0x52c c:/intelfpga_lite/18.0/nios2eds/bin/gnu/h-x86_64-mingw32/bin/../lib/gcc/nios2-elf/5.3.0/../../../../../H-x86_64-mingw32/nios2-elf/lib/mno-hw-mul\libsmallc.a(lib_a-vfprintf.o)
                0x00000000000019a8                ___vfprintf_internal_r
 .text.__vfprintf_internal
                0x0000000000001ed4       0x1c c:/intelfpga_lite/18.0/nios2eds/bin/gnu/h-x86_64-mingw32/bin/../lib/gcc/nios2-elf/5.3.0/../../../../../H-x86_64-mingw32/nios2-elf/lib/mno-hw-mul\libsmallc.a(lib_a-vfprintf.o)
                0x0000000000001ed4                __vfprintf_internal
 .text          0x0000000000001ef0        0x0 c:/intelfpga_lite/18.0/nios2eds/bin/gnu/h-x86_64-mingw32/bin/../lib/gcc/nios2-elf/5.3.0/../../../../../H-x86_64-mingw32/nios2-elf/lib/mno-hw-mul\libsmallc.a(lib_a-fvwrite_small_dev.o)
 .text.__sfvwrite_small_dev
                0x0000000000001ef0       0xb8 c:/intelfpga_lite/18.0/nios2eds/bin/gnu/h-x86_64-mingw32/bin/../lib/gcc/nios2-elf/5.3.0/../../../../../H-x86_64-mingw32/nios2-elf/lib/mno-hw-mul\libsmallc.a(lib_a-fvwrite_small_dev.o)
                0x0000000000001ef0                __sfvwrite_small_dev
 .text          0x0000000000001fa8        0x0 c:/intelfpga_lite/18.0/nios2eds/bin/gnu/h-x86_64-mingw32/bin/../lib/gcc/nios2-elf/5.3.0/../../../../../H-x86_64-mingw32/nios2-elf/lib/mno-hw-mul\libsmallc.a(lib_a-fvwrite_small_str.o)
 .text.__sfvwrite_small_str
                0x0000000000001fa8       0xa8 c:/intelfpga_lite/18.0/nios2eds/bin/gnu/h-x86_64-mingw32/bin/../lib/gcc/nios2-elf/5.3.0/../../../../../H-x86_64-mingw32/nios2-elf/lib/mno-hw-mul\libsmallc.a(lib_a-fvwrite_small_str.o)
                0x0000000000001fa8                __sfvwrite_small_str
 .text          0x0000000000002050        0x0 c:/intelfpga_lite/18.0/nios2eds/bin/gnu/h-x86_64-mingw32/bin/../lib/gcc/nios2-elf/5.3.0/../../../../../H-x86_64-mingw32/nios2-elf/lib/mno-hw-mul\libsmallc.a(lib_a-impure.o)
 .text          0x0000000000002050        0x0 c:/intelfpga_lite/18.0/nios2eds/bin/gnu/h-x86_64-mingw32/bin/../lib/gcc/nios2-elf/5.3.0/../../../../../H-x86_64-mingw32/nios2-elf/lib/mno-hw-mul\libsmallc.a(lib_a-memmove.o)
 .text.memmove  0x0000000000002050       0x60 c:/intelfpga_lite/18.0/nios2eds/bin/gnu/h-x86_64-mingw32/bin/../lib/gcc/nios2-elf/5.3.0/../../../../../H-x86_64-mingw32/nios2-elf/lib/mno-hw-mul\libsmallc.a(lib_a-memmove.o)
                0x0000000000002050                memmove
 .text          0x00000000000020b0        0x0 c:/intelfpga_lite/18.0/nios2eds/bin/gnu/h-x86_64-mingw32/bin/../lib/gcc/nios2-elf/5.3.0/../../../../../H-x86_64-mingw32/nios2-elf/lib/mno-hw-mul\libsmallc.a(lib_a-writer.o)
 .text._write_r
                0x00000000000020b0       0x58 c:/intelfpga_lite/18.0/nios2eds/bin/gnu/h-x86_64-mingw32/bin/../lib/gcc/nios2-elf/5.3.0/../../../../../H-x86_64-mingw32/nios2-elf/lib/mno-hw-mul\libsmallc.a(lib_a-writer.o)
                0x00000000000020b0                _write_r
 .text          0x0000000000002108        0x0 c:/intelfpga_lite/18.0/nios2eds/bin/gnu/h-x86_64-mingw32/bin/../lib/gcc/nios2-elf/5.3.0/../../../../../H-x86_64-mingw32/nios2-elf/lib/mno-hw-mul\libsmallc.a(lib_a-int_errno.o)
 .text          0x0000000000002108       0x8c ../prueba3_bsp/\libhal_bsp.a(alt_iic.o)
                0x0000000000002108                alt_ic_isr_register
                0x000000000000210c                alt_ic_irq_enable
                0x0000000000002144                alt_ic_irq_disable
                0x000000000000217c                alt_ic_irq_enabled
 .text          0x0000000000002194       0x68 ../prueba3_bsp/\libhal_bsp.a(alt_iic_isr_register.o)
                0x0000000000002194                alt_iic_isr_register
 .text          0x00000000000021fc        0x0 ../prueba3_bsp/\libhal_bsp.a(alt_irq_entry.o)
 .text          0x00000000000021fc        0x0 ../prueba3_bsp/\libhal_bsp.a(alt_irq_handler.o)
 .text          0x00000000000021fc        0x0 ../prueba3_bsp/\libhal_bsp.a(alt_irq_vars.o)
 .text          0x00000000000021fc       0xe0 ../prueba3_bsp/\libhal_bsp.a(alt_load.o)
                0x00000000000021fc                alt_load
 .text          0x00000000000022dc       0x2c ../prueba3_bsp/\libhal_bsp.a(alt_main.o)
                0x00000000000022dc                alt_main
 .text          0x0000000000002308       0x38 ../prueba3_bsp/\libhal_bsp.a(alt_putstr.o)
                0x0000000000002308                alt_putstr
 .text          0x0000000000002340        0x4 ../prueba3_bsp/\libhal_bsp.a(alt_usleep.o)
                0x0000000000002340                usleep
 .text          0x0000000000002344       0x60 ../prueba3_bsp/\libhal_bsp.a(alt_write.o)
                0x0000000000002344                write
 .text          0x00000000000023a4       0xb4 ../prueba3_bsp/\libhal_bsp.a(alt_sys_init.o)
                0x00000000000023a4                alt_irq_init
                0x00000000000023c4                alt_sys_init
 .text          0x0000000000002458       0x34 ../prueba3_bsp/\libhal_bsp.a(altera_avalon_jtag_uart_write.o)
                0x0000000000002458                altera_avalon_jtag_uart_write
 .text          0x000000000000248c      0x130 ../prueba3_bsp/\libhal_bsp.a(altera_up_avalon_video_character_buffer_with_dma.o)
                0x000000000000248c                alt_up_char_buffer_init
                0x00000000000024d8                alt_up_char_buffer_open_dev
                0x00000000000024e0                alt_up_char_buffer_draw
                0x0000000000002530                alt_up_char_buffer_string
                0x000000000000259c                alt_up_char_buffer_clear
 .text          0x00000000000025bc       0x88 ../prueba3_bsp/\libhal_bsp.a(alt_busy_sleep.o)
                0x00000000000025bc                alt_busy_sleep
 .text          0x0000000000002644        0x4 ../prueba3_bsp/\libhal_bsp.a(alt_dcache_flush_all.o)
                0x0000000000002644                alt_dcache_flush_all
 .text          0x0000000000002648        0x8 ../prueba3_bsp/\libhal_bsp.a(alt_dev.o)
 .text          0x0000000000002650       0x6c ../prueba3_bsp/\libhal_bsp.a(alt_dev_llist_insert.o)
                0x0000000000002650                alt_dev_llist_insert
 .text          0x00000000000026bc        0x0 ../prueba3_bsp/\libhal_bsp.a(alt_errno.o)
 .text          0x00000000000026bc        0x0 ../prueba3_bsp/\libhal_bsp.a(alt_exception_entry.o)
 .text          0x00000000000026bc       0x74 ../prueba3_bsp/\libhal_bsp.a(alt_find_dev.o)
                0x00000000000026bc                alt_find_dev
 .text          0x0000000000002730        0x4 ../prueba3_bsp/\libhal_bsp.a(alt_icache_flush_all.o)
                0x0000000000002730                alt_icache_flush_all
 .text          0x0000000000002734       0x74 ../prueba3_bsp/\libhal_bsp.a(alt_instruction_exception_entry.o)
                0x0000000000002734                alt_exception_cause_generated_bad_addr
 .text          0x00000000000027a8        0x8 ../prueba3_bsp/\libhal_bsp.a(altera_nios2_gen2_irq.o)
                0x00000000000027a8                altera_nios2_gen2_irq_init
 .text          0x00000000000027b0        0x0 c:/intelfpga_lite/18.0/nios2eds/bin/gnu/h-x86_64-mingw32/bin/../lib/gcc/nios2-elf/5.3.0/../../../../../H-x86_64-mingw32/nios2-elf/lib/mno-hw-mul\libsmallc.a(lib_a-memcmp.o)
 .text.memcmp   0x00000000000027b0       0x30 c:/intelfpga_lite/18.0/nios2eds/bin/gnu/h-x86_64-mingw32/bin/../lib/gcc/nios2-elf/5.3.0/../../../../../H-x86_64-mingw32/nios2-elf/lib/mno-hw-mul\libsmallc.a(lib_a-memcmp.o)
                0x00000000000027b0                memcmp
 .text          0x00000000000027e0        0x0 c:/intelfpga_lite/18.0/nios2eds/bin/gnu/h-x86_64-mingw32/bin/../lib/gcc/nios2-elf/5.3.0/../../../../../H-x86_64-mingw32/nios2-elf/lib/mno-hw-mul\libsmallc.a(lib_a-strcmp.o)
 .text.strcmp   0x00000000000027e0       0x38 c:/intelfpga_lite/18.0/nios2eds/bin/gnu/h-x86_64-mingw32/bin/../lib/gcc/nios2-elf/5.3.0/../../../../../H-x86_64-mingw32/nios2-elf/lib/mno-hw-mul\libsmallc.a(lib_a-strcmp.o)
                0x00000000000027e0                strcmp
 *(.gnu.warning.*)
 *(.fini)
                [!provide]                        PROVIDE (__etext, ABSOLUTE (.))
                [!provide]                        PROVIDE (_etext, ABSOLUTE (.))
                [!provide]                        PROVIDE (etext, ABSOLUTE (.))
 *(.eh_frame_hdr)
                0x0000000000002818                . = ALIGN (0x4)
                [!provide]                        PROVIDE (__preinit_array_start, ABSOLUTE (.))
 *(.preinit_array)
                [!provide]                        PROVIDE (__preinit_array_end, ABSOLUTE (.))
                [!provide]                        PROVIDE (__init_array_start, ABSOLUTE (.))
 *(.init_array)
                [!provide]                        PROVIDE (__init_array_end, ABSOLUTE (.))
                [!provide]                        PROVIDE (__fini_array_start, ABSOLUTE (.))
 *(.fini_array)
                [!provide]                        PROVIDE (__fini_array_end, ABSOLUTE (.))
 *(.eh_frame)
 *(.gcc_except_table .gcc_except_table.*)
 *(.dynamic)
                [!provide]                        PROVIDE (__CTOR_LIST__, ABSOLUTE (.))
 *(.ctors)
 *(SORT(.ctors.*))
                [!provide]                        PROVIDE (__CTOR_END__, ABSOLUTE (.))
                [!provide]                        PROVIDE (__DTOR_LIST__, ABSOLUTE (.))
 *(.dtors)
 *(SORT(.dtors.*))
                [!provide]                        PROVIDE (__DTOR_END__, ABSOLUTE (.))
 *(.jcr)
                0x0000000000002818                . = ALIGN (0x4)

.rodata         0x0000000000002818      0x38c
                0x0000000000002818                PROVIDE (__ram_rodata_start, ABSOLUTE (.))
                0x0000000000002818                . = ALIGN (0x4)
 *(.rodata .rodata.* .gnu.linkonce.r.*)
 .rodata        0x0000000000002818       0x28 obj/default/7_segments.o
 .rodata.str1.4
                0x0000000000002840       0x3a obj/default/audio.o
 *fill*         0x000000000000287a        0x2 
 .rodata.str1.4
                0x000000000000287c       0x5e obj/default/filter.o
 *fill*         0x00000000000028da        0x2 
 .rodata        0x00000000000028dc       0x2c obj/default/filter.o
 .rodata.str1.4
                0x0000000000002908      0x205 obj/default/main.o
                                        0x21d (size before relaxing)
 *fill*         0x0000000000002b0d        0x3 
 .rodata.str1.4
                0x0000000000002b10       0x20 obj/default/vga.o
 .rodata.str1.4
                0x0000000000002b30       0x20 c:/intelfpga_lite/18.0/nios2eds/bin/gnu/h-x86_64-mingw32/bin/../lib/gcc/nios2-elf/5.3.0/../../../../../H-x86_64-mingw32/nios2-elf/lib/mno-hw-mul\libsmallc.a(lib_a-puts.o)
                                          0x2 (size before relaxing)
 .rodata.str1.4
                0x0000000000002b30       0x4a ../prueba3_bsp/\libhal_bsp.a(alt_sys_init.o)
 *fill*         0x0000000000002b7a        0x2 
 .rodata.str1.4
                0x0000000000002b7c       0x1a ../prueba3_bsp/\libhal_bsp.a(altera_up_avalon_video_character_buffer_with_dma.o)
 *fill*         0x0000000000002b96        0x2 
 .rodata.str1.4
                0x0000000000002b98        0xc ../prueba3_bsp/\libhal_bsp.a(alt_dev.o)
                                          0xa (size before relaxing)
 *(.rodata1)
                0x0000000000002ba4                . = ALIGN (0x4)
                0x0000000000002ba4                PROVIDE (__ram_rodata_end, ABSOLUTE (.))
                0x0000000000002818                PROVIDE (__flash_rodata_start, LOADADDR (.rodata))

.rwdata         0x0000000000002ba4      0x20c load address 0x0000000000002db0
                0x0000000000002ba4                PROVIDE (__ram_rwdata_start, ABSOLUTE (.))
                0x0000000000002ba4                . = ALIGN (0x4)
 *(.got.plt)
 *(.got)
 *(.data1)
 *(.data .data.* .gnu.linkonce.d.*)
 .data          0x0000000000002ba4        0x0 ../prueba3_bsp//obj/HAL/src/crt0.o
 .data          0x0000000000002ba4        0x0 obj/default/7_segments.o
 .data          0x0000000000002ba4        0x0 obj/default/audio.o
 .data          0x0000000000002ba4        0x0 obj/default/buttons.o
 .data          0x0000000000002ba4        0x0 obj/default/filter.o
 .data          0x0000000000002ba4        0x0 obj/default/main.o
 .data          0x0000000000002ba4        0x0 obj/default/switches.o
 .data          0x0000000000002ba4        0x0 obj/default/timer.o
 .data          0x0000000000002ba4        0x0 obj/default/vga.o
 .data          0x0000000000002ba4        0x0 c:/intelfpga_lite/18.0/nios2eds/bin/gnu/h-x86_64-mingw32/bin/../lib/gcc/nios2-elf/5.3.0/mno-hw-mul\libgcc.a(lib2-divmod.o)
 .data          0x0000000000002ba4        0x0 c:/intelfpga_lite/18.0/nios2eds/bin/gnu/h-x86_64-mingw32/bin/../lib/gcc/nios2-elf/5.3.0/mno-hw-mul\libgcc.a(lib2-mul.o)
 .data          0x0000000000002ba4        0x0 c:/intelfpga_lite/18.0/nios2eds/bin/gnu/h-x86_64-mingw32/bin/../lib/gcc/nios2-elf/5.3.0/../../../../../H-x86_64-mingw32/nios2-elf/lib/mno-hw-mul\libsmallc.a(lib_a-printf.o)
 .data          0x0000000000002ba4        0x0 c:/intelfpga_lite/18.0/nios2eds/bin/gnu/h-x86_64-mingw32/bin/../lib/gcc/nios2-elf/5.3.0/../../../../../H-x86_64-mingw32/nios2-elf/lib/mno-hw-mul\libsmallc.a(lib_a-puts.o)
 .data          0x0000000000002ba4        0x0 c:/intelfpga_lite/18.0/nios2eds/bin/gnu/h-x86_64-mingw32/bin/../lib/gcc/nios2-elf/5.3.0/../../../../../H-x86_64-mingw32/nios2-elf/lib/mno-hw-mul\libsmallc.a(lib_a-sprintf.o)
 .data          0x0000000000002ba4        0x0 c:/intelfpga_lite/18.0/nios2eds/bin/gnu/h-x86_64-mingw32/bin/../lib/gcc/nios2-elf/5.3.0/../../../../../H-x86_64-mingw32/nios2-elf/lib/mno-hw-mul\libsmallc.a(lib_a-strlen.o)
 .data          0x0000000000002ba4        0x0 c:/intelfpga_lite/18.0/nios2eds/bin/gnu/h-x86_64-mingw32/bin/../lib/gcc/nios2-elf/5.3.0/../../../../../H-x86_64-mingw32/nios2-elf/lib/mno-hw-mul\libsmallc.a(lib_a-svfprintf.o)
 .data          0x0000000000002ba4        0x0 c:/intelfpga_lite/18.0/nios2eds/bin/gnu/h-x86_64-mingw32/bin/../lib/gcc/nios2-elf/5.3.0/../../../../../H-x86_64-mingw32/nios2-elf/lib/mno-hw-mul\libsmallc.a(lib_a-vfprintf.o)
 .data          0x0000000000002ba4        0x0 c:/intelfpga_lite/18.0/nios2eds/bin/gnu/h-x86_64-mingw32/bin/../lib/gcc/nios2-elf/5.3.0/../../../../../H-x86_64-mingw32/nios2-elf/lib/mno-hw-mul\libsmallc.a(lib_a-fvwrite_small_dev.o)
 .data          0x0000000000002ba4        0x0 c:/intelfpga_lite/18.0/nios2eds/bin/gnu/h-x86_64-mingw32/bin/../lib/gcc/nios2-elf/5.3.0/../../../../../H-x86_64-mingw32/nios2-elf/lib/mno-hw-mul\libsmallc.a(lib_a-fvwrite_small_str.o)
 .data          0x0000000000002ba4        0x0 c:/intelfpga_lite/18.0/nios2eds/bin/gnu/h-x86_64-mingw32/bin/../lib/gcc/nios2-elf/5.3.0/../../../../../H-x86_64-mingw32/nios2-elf/lib/mno-hw-mul\libsmallc.a(lib_a-impure.o)
 .data.impure_data
                0x0000000000002ba4       0xe0 c:/intelfpga_lite/18.0/nios2eds/bin/gnu/h-x86_64-mingw32/bin/../lib/gcc/nios2-elf/5.3.0/../../../../../H-x86_64-mingw32/nios2-elf/lib/mno-hw-mul\libsmallc.a(lib_a-impure.o)
 .data          0x0000000000002c84        0x0 c:/intelfpga_lite/18.0/nios2eds/bin/gnu/h-x86_64-mingw32/bin/../lib/gcc/nios2-elf/5.3.0/../../../../../H-x86_64-mingw32/nios2-elf/lib/mno-hw-mul\libsmallc.a(lib_a-memmove.o)
 .data          0x0000000000002c84        0x0 c:/intelfpga_lite/18.0/nios2eds/bin/gnu/h-x86_64-mingw32/bin/../lib/gcc/nios2-elf/5.3.0/../../../../../H-x86_64-mingw32/nios2-elf/lib/mno-hw-mul\libsmallc.a(lib_a-writer.o)
 .data          0x0000000000002c84        0x0 c:/intelfpga_lite/18.0/nios2eds/bin/gnu/h-x86_64-mingw32/bin/../lib/gcc/nios2-elf/5.3.0/../../../../../H-x86_64-mingw32/nios2-elf/lib/mno-hw-mul\libsmallc.a(lib_a-int_errno.o)
 .data          0x0000000000002c84        0x0 ../prueba3_bsp/\libhal_bsp.a(alt_iic.o)
 .data          0x0000000000002c84        0x0 ../prueba3_bsp/\libhal_bsp.a(alt_iic_isr_register.o)
 .data          0x0000000000002c84        0x0 ../prueba3_bsp/\libhal_bsp.a(alt_irq_entry.o)
 .data          0x0000000000002c84        0x0 ../prueba3_bsp/\libhal_bsp.a(alt_irq_handler.o)
 .data          0x0000000000002c84        0x0 ../prueba3_bsp/\libhal_bsp.a(alt_irq_vars.o)
 .data          0x0000000000002c84        0x0 ../prueba3_bsp/\libhal_bsp.a(alt_load.o)
 .data          0x0000000000002c84        0x0 ../prueba3_bsp/\libhal_bsp.a(alt_main.o)
 .data          0x0000000000002c84        0x0 ../prueba3_bsp/\libhal_bsp.a(alt_putstr.o)
 .data          0x0000000000002c84        0x0 ../prueba3_bsp/\libhal_bsp.a(alt_usleep.o)
 .data          0x0000000000002c84        0x0 ../prueba3_bsp/\libhal_bsp.a(alt_write.o)
 .data          0x0000000000002c84       0xa8 ../prueba3_bsp/\libhal_bsp.a(alt_sys_init.o)
 .data          0x0000000000002d2c        0x0 ../prueba3_bsp/\libhal_bsp.a(altera_avalon_jtag_uart_write.o)
 .data          0x0000000000002d2c        0x0 ../prueba3_bsp/\libhal_bsp.a(altera_up_avalon_video_character_buffer_with_dma.o)
 .data          0x0000000000002d2c        0x0 ../prueba3_bsp/\libhal_bsp.a(alt_busy_sleep.o)
 .data          0x0000000000002d2c        0x0 ../prueba3_bsp/\libhal_bsp.a(alt_dcache_flush_all.o)
 .data          0x0000000000002d2c       0x58 ../prueba3_bsp/\libhal_bsp.a(alt_dev.o)
                0x0000000000002d2c                alt_fd_list
                0x0000000000002d5c                alt_dev_null
 .data          0x0000000000002d84        0x0 ../prueba3_bsp/\libhal_bsp.a(alt_dev_llist_insert.o)
 .data          0x0000000000002d84        0x0 ../prueba3_bsp/\libhal_bsp.a(alt_errno.o)
 .data          0x0000000000002d84        0x0 ../prueba3_bsp/\libhal_bsp.a(alt_exception_entry.o)
 .data          0x0000000000002d84        0x0 ../prueba3_bsp/\libhal_bsp.a(alt_find_dev.o)
 .data          0x0000000000002d84        0x0 ../prueba3_bsp/\libhal_bsp.a(alt_icache_flush_all.o)
 .data          0x0000000000002d84        0x0 ../prueba3_bsp/\libhal_bsp.a(alt_instruction_exception_entry.o)
 .data          0x0000000000002d84        0x0 ../prueba3_bsp/\libhal_bsp.a(altera_nios2_gen2_irq.o)
 .data          0x0000000000002d84        0x0 c:/intelfpga_lite/18.0/nios2eds/bin/gnu/h-x86_64-mingw32/bin/../lib/gcc/nios2-elf/5.3.0/../../../../../H-x86_64-mingw32/nios2-elf/lib/mno-hw-mul\libsmallc.a(lib_a-memcmp.o)
 .data          0x0000000000002d84        0x0 c:/intelfpga_lite/18.0/nios2eds/bin/gnu/h-x86_64-mingw32/bin/../lib/gcc/nios2-elf/5.3.0/../../../../../H-x86_64-mingw32/nios2-elf/lib/mno-hw-mul\libsmallc.a(lib_a-strcmp.o)
                0x000000000000ad84                _gp = ABSOLUTE ((. + 0x8000))
                [!provide]                        PROVIDE (gp, _gp)
 *(.rwdata .rwdata.*)
 *(.sdata .sdata.* .gnu.linkonce.s.*)
 .sdata         0x0000000000002d84        0x4 obj/default/buttons.o
                0x0000000000002d84                is_running
 .sdata._global_impure_ptr
                0x0000000000002d88        0x4 c:/intelfpga_lite/18.0/nios2eds/bin/gnu/h-x86_64-mingw32/bin/../lib/gcc/nios2-elf/5.3.0/../../../../../H-x86_64-mingw32/nios2-elf/lib/mno-hw-mul\libsmallc.a(lib_a-impure.o)
                0x0000000000002d88                _global_impure_ptr
 .sdata._impure_ptr
                0x0000000000002d8c        0x4 c:/intelfpga_lite/18.0/nios2eds/bin/gnu/h-x86_64-mingw32/bin/../lib/gcc/nios2-elf/5.3.0/../../../../../H-x86_64-mingw32/nios2-elf/lib/mno-hw-mul\libsmallc.a(lib_a-impure.o)
                0x0000000000002d8c                _impure_ptr
 .sdata         0x0000000000002d90        0x4 ../prueba3_bsp/\libhal_bsp.a(alt_irq_vars.o)
                0x0000000000002d90                alt_priority_mask
 .sdata         0x0000000000002d94        0x4 ../prueba3_bsp/\libhal_bsp.a(alt_sys_init.o)
                0x0000000000002d94                UART
 .sdata         0x0000000000002d98       0x14 ../prueba3_bsp/\libhal_bsp.a(alt_dev.o)
                0x0000000000002d98                alt_max_fd
                0x0000000000002d9c                alt_dev_list
                0x0000000000002da4                alt_fs_list
 .sdata         0x0000000000002dac        0x4 ../prueba3_bsp/\libhal_bsp.a(alt_errno.o)
                0x0000000000002dac                alt_errno
 *(.sdata2 .sdata2.* .gnu.linkonce.s2.*)
                0x0000000000002db0                . = ALIGN (0x4)
                0x0000000000002db0                _edata = ABSOLUTE (.)
                [!provide]                        PROVIDE (edata, ABSOLUTE (.))
                0x0000000000002db0                PROVIDE (__ram_rwdata_end, ABSOLUTE (.))
                0x0000000000002db0                PROVIDE (__flash_rwdata_start, LOADADDR (.rwdata))

.bss            0x0000000000002fbc      0x200
                0x0000000000002fbc                __bss_start = ABSOLUTE (.)
                [!provide]                        PROVIDE (__sbss_start, ABSOLUTE (.))
                [!provide]                        PROVIDE (___sbss_start, ABSOLUTE (.))
 *(.dynsbss)
 *(.sbss .sbss.* .gnu.linkonce.sb.*)
 .sbss          0x0000000000002fbc        0x4 obj/default/audio.o
                0x0000000000002fbc                volume_shift
 .sbss          0x0000000000002fc0        0xc obj/default/buttons.o
                0x0000000000002fc0                skip_direction
                0x0000000000002fc4                skip_request
                0x0000000000002fc8                reset_request
 .sbss          0x0000000000002fcc       0x18 obj/default/filter.o
 .sbss          0x0000000000002fe4        0x4 c:/intelfpga_lite/18.0/nios2eds/bin/gnu/h-x86_64-mingw32/bin/../lib/gcc/nios2-elf/5.3.0/../../../../../H-x86_64-mingw32/nios2-elf/lib/mno-hw-mul\libsmallc.a(lib_a-int_errno.o)
                0x0000000000002fe4                errno
 .sbss          0x0000000000002fe8        0x4 ../prueba3_bsp/\libhal_bsp.a(alt_irq_vars.o)
                0x0000000000002fe8                alt_irq_active
 .sbss          0x0000000000002fec        0xc ../prueba3_bsp/\libhal_bsp.a(alt_main.o)
                0x0000000000002fec                alt_envp
                0x0000000000002ff0                alt_argv
                0x0000000000002ff4                alt_argc
 .sbss          0x0000000000002ff8        0x4 ../prueba3_bsp/\libhal_bsp.a(alt_instruction_exception_entry.o)
                0x0000000000002ff8                alt_instruction_exception_handler
 *(.sbss2 .sbss2.* .gnu.linkonce.sb2.*)
 *(.scommon)
                [!provide]                        PROVIDE (__sbss_end, ABSOLUTE (.))
                [!provide]                        PROVIDE (___sbss_end, ABSOLUTE (.))
 *(.dynbss)
 *(.bss .bss.* .gnu.linkonce.b.*)
 .bss           0x0000000000002ffc        0x0 ../prueba3_bsp//obj/HAL/src/crt0.o
 .bss           0x0000000000002ffc        0x0 obj/default/7_segments.o
 .bss           0x0000000000002ffc        0x0 obj/default/audio.o
 .bss           0x0000000000002ffc        0x0 obj/default/buttons.o
 .bss           0x0000000000002ffc        0x0 obj/default/filter.o
 .bss           0x0000000000002ffc        0x0 obj/default/main.o
 .bss           0x0000000000002ffc        0x0 obj/default/switches.o
 .bss           0x0000000000002ffc        0x0 obj/default/timer.o
 .bss           0x0000000000002ffc        0x0 obj/default/vga.o
 .bss           0x0000000000002ffc        0x0 c:/intelfpga_lite/18.0/nios2eds/bin/gnu/h-x86_64-mingw32/bin/../lib/gcc/nios2-elf/5.3.0/mno-hw-mul\libgcc.a(lib2-divmod.o)
 .bss           0x0000000000002ffc        0x0 c:/intelfpga_lite/18.0/nios2eds/bin/gnu/h-x86_64-mingw32/bin/../lib/gcc/nios2-elf/5.3.0/mno-hw-mul\libgcc.a(lib2-mul.o)
 .bss           0x0000000000002ffc        0x0 c:/intelfpga_lite/18.0/nios2eds/bin/gnu/h-x86_64-mingw32/bin/../lib/gcc/nios2-elf/5.3.0/../../../../../H-x86_64-mingw32/nios2-elf/lib/mno-hw-mul\libsmallc.a(lib_a-printf.o)
 .bss           0x0000000000002ffc        0x0 c:/intelfpga_lite/18.0/nios2eds/bin/gnu/h-x86_64-mingw32/bin/../lib/gcc/nios2-elf/5.3.0/../../../../../H-x86_64-mingw32/nios2-elf/lib/mno-hw-mul\libsmallc.a(lib_a-puts.o)
 .bss           0x0000000000002ffc        0x0 c:/intelfpga_lite/18.0/nios2eds/bin/gnu/h-x86_64-mingw32/bin/../lib/gcc/nios2-elf/5.3.0/../../../../../H-x86_64-mingw32/nios2-elf/lib/mno-hw-mul\libsmallc.a(lib_a-sprintf.o)
 .bss           0x0000000000002ffc        0x0 c:/intelfpga_lite/18.0/nios2eds/bin/gnu/h-x86_64-mingw32/bin/../lib/gcc/nios2-elf/5.3.0/../../../../../H-x86_64-mingw32/nios2-elf/lib/mno-hw-mul\libsmallc.a(lib_a-strlen.o)
 .bss           0x0000000000002ffc        0x0 c:/intelfpga_lite/18.0/nios2eds/bin/gnu/h-x86_64-mingw32/bin/../lib/gcc/nios2-elf/5.3.0/../../../../../H-x86_64-mingw32/nios2-elf/lib/mno-hw-mul\libsmallc.a(lib_a-svfprintf.o)
 .bss           0x0000000000002ffc        0x0 c:/intelfpga_lite/18.0/nios2eds/bin/gnu/h-x86_64-mingw32/bin/../lib/gcc/nios2-elf/5.3.0/../../../../../H-x86_64-mingw32/nios2-elf/lib/mno-hw-mul\libsmallc.a(lib_a-vfprintf.o)
 .bss           0x0000000000002ffc        0x0 c:/intelfpga_lite/18.0/nios2eds/bin/gnu/h-x86_64-mingw32/bin/../lib/gcc/nios2-elf/5.3.0/../../../../../H-x86_64-mingw32/nios2-elf/lib/mno-hw-mul\libsmallc.a(lib_a-fvwrite_small_dev.o)
 .bss           0x0000000000002ffc        0x0 c:/intelfpga_lite/18.0/nios2eds/bin/gnu/h-x86_64-mingw32/bin/../lib/gcc/nios2-elf/5.3.0/../../../../../H-x86_64-mingw32/nios2-elf/lib/mno-hw-mul\libsmallc.a(lib_a-fvwrite_small_str.o)
 .bss           0x0000000000002ffc        0x0 c:/intelfpga_lite/18.0/nios2eds/bin/gnu/h-x86_64-mingw32/bin/../lib/gcc/nios2-elf/5.3.0/../../../../../H-x86_64-mingw32/nios2-elf/lib/mno-hw-mul\libsmallc.a(lib_a-impure.o)
 .bss           0x0000000000002ffc        0x0 c:/intelfpga_lite/18.0/nios2eds/bin/gnu/h-x86_64-mingw32/bin/../lib/gcc/nios2-elf/5.3.0/../../../../../H-x86_64-mingw32/nios2-elf/lib/mno-hw-mul\libsmallc.a(lib_a-memmove.o)
 .bss           0x0000000000002ffc        0x0 c:/intelfpga_lite/18.0/nios2eds/bin/gnu/h-x86_64-mingw32/bin/../lib/gcc/nios2-elf/5.3.0/../../../../../H-x86_64-mingw32/nios2-elf/lib/mno-hw-mul\libsmallc.a(lib_a-writer.o)
 .bss           0x0000000000002ffc        0x0 c:/intelfpga_lite/18.0/nios2eds/bin/gnu/h-x86_64-mingw32/bin/../lib/gcc/nios2-elf/5.3.0/../../../../../H-x86_64-mingw32/nios2-elf/lib/mno-hw-mul\libsmallc.a(lib_a-int_errno.o)
 .bss           0x0000000000002ffc        0x0 ../prueba3_bsp/\libhal_bsp.a(alt_iic.o)
 .bss           0x0000000000002ffc        0x0 ../prueba3_bsp/\libhal_bsp.a(alt_iic_isr_register.o)
 .bss           0x0000000000002ffc        0x0 ../prueba3_bsp/\libhal_bsp.a(alt_irq_entry.o)
 .bss           0x0000000000002ffc        0x0 ../prueba3_bsp/\libhal_bsp.a(alt_irq_handler.o)
 .bss           0x0000000000002ffc        0x0 ../prueba3_bsp/\libhal_bsp.a(alt_irq_vars.o)
 .bss           0x0000000000002ffc        0x0 ../prueba3_bsp/\libhal_bsp.a(alt_load.o)
 .bss           0x0000000000002ffc        0x0 ../prueba3_bsp/\libhal_bsp.a(alt_main.o)
 .bss           0x0000000000002ffc        0x0 ../prueba3_bsp/\libhal_bsp.a(alt_putstr.o)
 .bss           0x0000000000002ffc        0x0 ../prueba3_bsp/\libhal_bsp.a(alt_usleep.o)
 .bss           0x0000000000002ffc        0x0 ../prueba3_bsp/\libhal_bsp.a(alt_write.o)
 .bss           0x0000000000002ffc        0x0 ../prueba3_bsp/\libhal_bsp.a(alt_sys_init.o)
 .bss           0x0000000000002ffc        0x0 ../prueba3_bsp/\libhal_bsp.a(altera_avalon_jtag_uart_write.o)
 .bss           0x0000000000002ffc        0x0 ../prueba3_bsp/\libhal_bsp.a(altera_up_avalon_video_character_buffer_with_dma.o)
 .bss           0x0000000000002ffc        0x0 ../prueba3_bsp/\libhal_bsp.a(alt_busy_sleep.o)
 .bss           0x0000000000002ffc        0x0 ../prueba3_bsp/\libhal_bsp.a(alt_dcache_flush_all.o)
 .bss           0x0000000000002ffc        0x0 ../prueba3_bsp/\libhal_bsp.a(alt_dev.o)
 .bss           0x0000000000002ffc        0x0 ../prueba3_bsp/\libhal_bsp.a(alt_dev_llist_insert.o)
 .bss           0x0000000000002ffc        0x0 ../prueba3_bsp/\libhal_bsp.a(alt_errno.o)
 .bss           0x0000000000002ffc        0x0 ../prueba3_bsp/\libhal_bsp.a(alt_exception_entry.o)
 .bss           0x0000000000002ffc        0x0 ../prueba3_bsp/\libhal_bsp.a(alt_find_dev.o)
 .bss           0x0000000000002ffc        0x0 ../prueba3_bsp/\libhal_bsp.a(alt_icache_flush_all.o)
 .bss           0x0000000000002ffc        0x0 ../prueba3_bsp/\libhal_bsp.a(alt_instruction_exception_entry.o)
 .bss           0x0000000000002ffc        0x0 ../prueba3_bsp/\libhal_bsp.a(altera_nios2_gen2_irq.o)
 .bss           0x0000000000002ffc        0x0 c:/intelfpga_lite/18.0/nios2eds/bin/gnu/h-x86_64-mingw32/bin/../lib/gcc/nios2-elf/5.3.0/../../../../../H-x86_64-mingw32/nios2-elf/lib/mno-hw-mul\libsmallc.a(lib_a-memcmp.o)
 .bss           0x0000000000002ffc        0x0 c:/intelfpga_lite/18.0/nios2eds/bin/gnu/h-x86_64-mingw32/bin/../lib/gcc/nios2-elf/5.3.0/../../../../../H-x86_64-mingw32/nios2-elf/lib/mno-hw-mul\libsmallc.a(lib_a-strcmp.o)
 *(COMMON)
 COMMON         0x0000000000002ffc       0xc0 obj/default/audio.o
                0x0000000000002ffc                title_str
                0x000000000000303c                album_str
                0x000000000000307c                artist_str
 COMMON         0x00000000000030bc      0x100 ../prueba3_bsp/\libhal_bsp.a(alt_irq_handler.o)
                0x00000000000030bc                alt_irq
                0x00000000000031bc                . = ALIGN (0x4)
                0x00000000000031bc                __bss_end = ABSOLUTE (.)

.RAM            0x00000000000031bc        0x0
                [!provide]                        PROVIDE (_alt_partition_RAM_start, ABSOLUTE (.))
 *(.RAM .RAM. RAM.*)
                0x00000000000031bc                . = ALIGN (0x4)
                [!provide]                        PROVIDE (_alt_partition_RAM_end, ABSOLUTE (.))
                0x00000000000031bc                _end = ABSOLUTE (.)
                0x00000000000031bc                end = ABSOLUTE (.)
                0x00000000000031bc                __alt_stack_base = ABSOLUTE (.)
                [!provide]                        PROVIDE (_alt_partition_RAM_load_addr, LOADADDR (.RAM))

.stab
 *(.stab)

.stabstr
 *(.stabstr)

.stab.excl
 *(.stab.excl)

.stab.exclstr
 *(.stab.exclstr)

.stab.index
 *(.stab.index)

.stab.indexstr
 *(.stab.indexstr)

.comment        0x0000000000000000       0x23
 *(.comment)
 .comment       0x0000000000000000       0x23 obj/default/7_segments.o
                                         0x24 (size before relaxing)
 .comment       0x0000000000000023       0x24 obj/default/audio.o
 .comment       0x0000000000000023       0x24 obj/default/buttons.o
 .comment       0x0000000000000023       0x24 obj/default/filter.o
 .comment       0x0000000000000023       0x24 obj/default/main.o
 .comment       0x0000000000000023       0x24 obj/default/switches.o
 .comment       0x0000000000000023       0x24 obj/default/timer.o
 .comment       0x0000000000000023       0x24 obj/default/vga.o
 .comment       0x0000000000000023       0x24 c:/intelfpga_lite/18.0/nios2eds/bin/gnu/h-x86_64-mingw32/bin/../lib/gcc/nios2-elf/5.3.0/mno-hw-mul\libgcc.a(lib2-divmod.o)
 .comment       0x0000000000000023       0x24 c:/intelfpga_lite/18.0/nios2eds/bin/gnu/h-x86_64-mingw32/bin/../lib/gcc/nios2-elf/5.3.0/mno-hw-mul\libgcc.a(lib2-mul.o)
 .comment       0x0000000000000023       0x24 c:/intelfpga_lite/18.0/nios2eds/bin/gnu/h-x86_64-mingw32/bin/../lib/gcc/nios2-elf/5.3.0/../../../../../H-x86_64-mingw32/nios2-elf/lib/mno-hw-mul\libsmallc.a(lib_a-printf.o)
 .comment       0x0000000000000023       0x24 c:/intelfpga_lite/18.0/nios2eds/bin/gnu/h-x86_64-mingw32/bin/../lib/gcc/nios2-elf/5.3.0/../../../../../H-x86_64-mingw32/nios2-elf/lib/mno-hw-mul\libsmallc.a(lib_a-puts.o)
 .comment       0x0000000000000023       0x24 c:/intelfpga_lite/18.0/nios2eds/bin/gnu/h-x86_64-mingw32/bin/../lib/gcc/nios2-elf/5.3.0/../../../../../H-x86_64-mingw32/nios2-elf/lib/mno-hw-mul\libsmallc.a(lib_a-sprintf.o)
 .comment       0x0000000000000023       0x24 c:/intelfpga_lite/18.0/nios2eds/bin/gnu/h-x86_64-mingw32/bin/../lib/gcc/nios2-elf/5.3.0/../../../../../H-x86_64-mingw32/nios2-elf/lib/mno-hw-mul\libsmallc.a(lib_a-strlen.o)
 .comment       0x0000000000000023       0x24 c:/intelfpga_lite/18.0/nios2eds/bin/gnu/h-x86_64-mingw32/bin/../lib/gcc/nios2-elf/5.3.0/../../../../../H-x86_64-mingw32/nios2-elf/lib/mno-hw-mul\libsmallc.a(lib_a-svfprintf.o)
 .comment       0x0000000000000023       0x24 c:/intelfpga_lite/18.0/nios2eds/bin/gnu/h-x86_64-mingw32/bin/../lib/gcc/nios2-elf/5.3.0/../../../../../H-x86_64-mingw32/nios2-elf/lib/mno-hw-mul\libsmallc.a(lib_a-vfprintf.o)
 .comment       0x0000000000000023       0x24 c:/intelfpga_lite/18.0/nios2eds/bin/gnu/h-x86_64-mingw32/bin/../lib/gcc/nios2-elf/5.3.0/../../../../../H-x86_64-mingw32/nios2-elf/lib/mno-hw-mul\libsmallc.a(lib_a-fvwrite_small_dev.o)
 .comment       0x0000000000000023       0x24 c:/intelfpga_lite/18.0/nios2eds/bin/gnu/h-x86_64-mingw32/bin/../lib/gcc/nios2-elf/5.3.0/../../../../../H-x86_64-mingw32/nios2-elf/lib/mno-hw-mul\libsmallc.a(lib_a-fvwrite_small_str.o)
 .comment       0x0000000000000023       0x24 c:/intelfpga_lite/18.0/nios2eds/bin/gnu/h-x86_64-mingw32/bin/../lib/gcc/nios2-elf/5.3.0/../../../../../H-x86_64-mingw32/nios2-elf/lib/mno-hw-mul\libsmallc.a(lib_a-impure.o)
 .comment       0x0000000000000023       0x24 c:/intelfpga_lite/18.0/nios2eds/bin/gnu/h-x86_64-mingw32/bin/../lib/gcc/nios2-elf/5.3.0/../../../../../H-x86_64-mingw32/nios2-elf/lib/mno-hw-mul\libsmallc.a(lib_a-memmove.o)
 .comment       0x0000000000000023       0x24 c:/intelfpga_lite/18.0/nios2eds/bin/gnu/h-x86_64-mingw32/bin/../lib/gcc/nios2-elf/5.3.0/../../../../../H-x86_64-mingw32/nios2-elf/lib/mno-hw-mul\libsmallc.a(lib_a-writer.o)
 .comment       0x0000000000000023       0x24 c:/intelfpga_lite/18.0/nios2eds/bin/gnu/h-x86_64-mingw32/bin/../lib/gcc/nios2-elf/5.3.0/../../../../../H-x86_64-mingw32/nios2-elf/lib/mno-hw-mul\libsmallc.a(lib_a-int_errno.o)
 .comment       0x0000000000000023       0x24 ../prueba3_bsp/\libhal_bsp.a(alt_iic.o)
 .comment       0x0000000000000023       0x24 ../prueba3_bsp/\libhal_bsp.a(alt_iic_isr_register.o)
 .comment       0x0000000000000023       0x24 ../prueba3_bsp/\libhal_bsp.a(alt_irq_handler.o)
 .comment       0x0000000000000023       0x24 ../prueba3_bsp/\libhal_bsp.a(alt_irq_vars.o)
 .comment       0x0000000000000023       0x24 ../prueba3_bsp/\libhal_bsp.a(alt_load.o)
 .comment       0x0000000000000023       0x24 ../prueba3_bsp/\libhal_bsp.a(alt_main.o)
 .comment       0x0000000000000023       0x24 ../prueba3_bsp/\libhal_bsp.a(alt_putstr.o)
 .comment       0x0000000000000023       0x24 ../prueba3_bsp/\libhal_bsp.a(alt_usleep.o)
 .comment       0x0000000000000023       0x24 ../prueba3_bsp/\libhal_bsp.a(alt_write.o)
 .comment       0x0000000000000023       0x24 ../prueba3_bsp/\libhal_bsp.a(alt_sys_init.o)
 .comment       0x0000000000000023       0x24 ../prueba3_bsp/\libhal_bsp.a(altera_avalon_jtag_uart_write.o)
 .comment       0x0000000000000023       0x24 ../prueba3_bsp/\libhal_bsp.a(altera_up_avalon_video_character_buffer_with_dma.o)
 .comment       0x0000000000000023       0x24 ../prueba3_bsp/\libhal_bsp.a(alt_busy_sleep.o)
 .comment       0x0000000000000023       0x24 ../prueba3_bsp/\libhal_bsp.a(alt_dcache_flush_all.o)
 .comment       0x0000000000000023       0x24 ../prueba3_bsp/\libhal_bsp.a(alt_dev.o)
 .comment       0x0000000000000023       0x24 ../prueba3_bsp/\libhal_bsp.a(alt_dev_llist_insert.o)
 .comment       0x0000000000000023       0x24 ../prueba3_bsp/\libhal_bsp.a(alt_errno.o)
 .comment       0x0000000000000023       0x24 ../prueba3_bsp/\libhal_bsp.a(alt_find_dev.o)
 .comment       0x0000000000000023       0x24 ../prueba3_bsp/\libhal_bsp.a(alt_icache_flush_all.o)
 .comment       0x0000000000000023       0x24 ../prueba3_bsp/\libhal_bsp.a(alt_instruction_exception_entry.o)
 .comment       0x0000000000000023       0x24 ../prueba3_bsp/\libhal_bsp.a(altera_nios2_gen2_irq.o)
 .comment       0x0000000000000023       0x24 c:/intelfpga_lite/18.0/nios2eds/bin/gnu/h-x86_64-mingw32/bin/../lib/gcc/nios2-elf/5.3.0/../../../../../H-x86_64-mingw32/nios2-elf/lib/mno-hw-mul\libsmallc.a(lib_a-memcmp.o)
 .comment       0x0000000000000023       0x24 c:/intelfpga_lite/18.0/nios2eds/bin/gnu/h-x86_64-mingw32/bin/../lib/gcc/nios2-elf/5.3.0/../../../../../H-x86_64-mingw32/nios2-elf/lib/mno-hw-mul\libsmallc.a(lib_a-strcmp.o)

.debug
 *(.debug)

.line
 *(.line)

.debug_srcinfo
 *(.debug_srcinfo)

.debug_sfnames
 *(.debug_sfnames)

.debug_aranges  0x0000000000000000      0x658
 *(.debug_aranges)
 .debug_aranges
                0x0000000000000000       0x28 ../prueba3_bsp//obj/HAL/src/crt0.o
 .debug_aranges
                0x0000000000000028       0x20 obj/default/7_segments.o
 .debug_aranges
                0x0000000000000048       0x20 obj/default/audio.o
 .debug_aranges
                0x0000000000000068       0x20 obj/default/buttons.o
 .debug_aranges
                0x0000000000000088       0x20 obj/default/filter.o
 .debug_aranges
                0x00000000000000a8       0x28 obj/default/main.o
 .debug_aranges
                0x00000000000000d0       0x20 obj/default/switches.o
 .debug_aranges
                0x00000000000000f0       0x20 obj/default/timer.o
 .debug_aranges
                0x0000000000000110       0x20 obj/default/vga.o
 .debug_aranges
                0x0000000000000130       0x20 c:/intelfpga_lite/18.0/nios2eds/bin/gnu/h-x86_64-mingw32/bin/../lib/gcc/nios2-elf/5.3.0/mno-hw-mul\libgcc.a(lib2-divmod.o)
 .debug_aranges
                0x0000000000000150       0x20 c:/intelfpga_lite/18.0/nios2eds/bin/gnu/h-x86_64-mingw32/bin/../lib/gcc/nios2-elf/5.3.0/mno-hw-mul\libgcc.a(lib2-mul.o)
 .debug_aranges
                0x0000000000000170       0x28 c:/intelfpga_lite/18.0/nios2eds/bin/gnu/h-x86_64-mingw32/bin/../lib/gcc/nios2-elf/5.3.0/../../../../../H-x86_64-mingw32/nios2-elf/lib/mno-hw-mul\libsmallc.a(lib_a-printf.o)
 .debug_aranges
                0x0000000000000198       0x28 c:/intelfpga_lite/18.0/nios2eds/bin/gnu/h-x86_64-mingw32/bin/../lib/gcc/nios2-elf/5.3.0/../../../../../H-x86_64-mingw32/nios2-elf/lib/mno-hw-mul\libsmallc.a(lib_a-puts.o)
 .debug_aranges
                0x00000000000001c0       0x28 c:/intelfpga_lite/18.0/nios2eds/bin/gnu/h-x86_64-mingw32/bin/../lib/gcc/nios2-elf/5.3.0/../../../../../H-x86_64-mingw32/nios2-elf/lib/mno-hw-mul\libsmallc.a(lib_a-sprintf.o)
 .debug_aranges
                0x00000000000001e8       0x20 c:/intelfpga_lite/18.0/nios2eds/bin/gnu/h-x86_64-mingw32/bin/../lib/gcc/nios2-elf/5.3.0/../../../../../H-x86_64-mingw32/nios2-elf/lib/mno-hw-mul\libsmallc.a(lib_a-strlen.o)
 .debug_aranges
                0x0000000000000208       0x30 c:/intelfpga_lite/18.0/nios2eds/bin/gnu/h-x86_64-mingw32/bin/../lib/gcc/nios2-elf/5.3.0/../../../../../H-x86_64-mingw32/nios2-elf/lib/mno-hw-mul\libsmallc.a(lib_a-svfprintf.o)
 .debug_aranges
                0x0000000000000238       0x30 c:/intelfpga_lite/18.0/nios2eds/bin/gnu/h-x86_64-mingw32/bin/../lib/gcc/nios2-elf/5.3.0/../../../../../H-x86_64-mingw32/nios2-elf/lib/mno-hw-mul\libsmallc.a(lib_a-vfprintf.o)
 .debug_aranges
                0x0000000000000268       0x20 c:/intelfpga_lite/18.0/nios2eds/bin/gnu/h-x86_64-mingw32/bin/../lib/gcc/nios2-elf/5.3.0/../../../../../H-x86_64-mingw32/nios2-elf/lib/mno-hw-mul\libsmallc.a(lib_a-fvwrite_small_dev.o)
 .debug_aranges
                0x0000000000000288       0x20 c:/intelfpga_lite/18.0/nios2eds/bin/gnu/h-x86_64-mingw32/bin/../lib/gcc/nios2-elf/5.3.0/../../../../../H-x86_64-mingw32/nios2-elf/lib/mno-hw-mul\libsmallc.a(lib_a-fvwrite_small_str.o)
 .debug_aranges
                0x00000000000002a8       0x18 c:/intelfpga_lite/18.0/nios2eds/bin/gnu/h-x86_64-mingw32/bin/../lib/gcc/nios2-elf/5.3.0/../../../../../H-x86_64-mingw32/nios2-elf/lib/mno-hw-mul\libsmallc.a(lib_a-impure.o)
 .debug_aranges
                0x00000000000002c0       0x20 c:/intelfpga_lite/18.0/nios2eds/bin/gnu/h-x86_64-mingw32/bin/../lib/gcc/nios2-elf/5.3.0/../../../../../H-x86_64-mingw32/nios2-elf/lib/mno-hw-mul\libsmallc.a(lib_a-memmove.o)
 .debug_aranges
                0x00000000000002e0       0x20 c:/intelfpga_lite/18.0/nios2eds/bin/gnu/h-x86_64-mingw32/bin/../lib/gcc/nios2-elf/5.3.0/../../../../../H-x86_64-mingw32/nios2-elf/lib/mno-hw-mul\libsmallc.a(lib_a-writer.o)
 .debug_aranges
                0x0000000000000300       0x18 c:/intelfpga_lite/18.0/nios2eds/bin/gnu/h-x86_64-mingw32/bin/../lib/gcc/nios2-elf/5.3.0/../../../../../H-x86_64-mingw32/nios2-elf/lib/mno-hw-mul\libsmallc.a(lib_a-int_errno.o)
 .debug_aranges
                0x0000000000000318       0x20 ../prueba3_bsp/\libhal_bsp.a(alt_iic.o)
 .debug_aranges
                0x0000000000000338       0x20 ../prueba3_bsp/\libhal_bsp.a(alt_iic_isr_register.o)
 .debug_aranges
                0x0000000000000358       0x30 ../prueba3_bsp/\libhal_bsp.a(alt_irq_entry.o)
 .debug_aranges
                0x0000000000000388       0x20 ../prueba3_bsp/\libhal_bsp.a(alt_irq_handler.o)
 .debug_aranges
                0x00000000000003a8       0x18 ../prueba3_bsp/\libhal_bsp.a(alt_irq_vars.o)
 .debug_aranges
                0x00000000000003c0       0x20 ../prueba3_bsp/\libhal_bsp.a(alt_load.o)
 .debug_aranges
                0x00000000000003e0       0x20 ../prueba3_bsp/\libhal_bsp.a(alt_main.o)
 .debug_aranges
                0x0000000000000400       0x20 ../prueba3_bsp/\libhal_bsp.a(alt_putstr.o)
 .debug_aranges
                0x0000000000000420       0x20 ../prueba3_bsp/\libhal_bsp.a(alt_usleep.o)
 .debug_aranges
                0x0000000000000440       0x20 ../prueba3_bsp/\libhal_bsp.a(alt_write.o)
 .debug_aranges
                0x0000000000000460       0x20 ../prueba3_bsp/\libhal_bsp.a(alt_sys_init.o)
 .debug_aranges
                0x0000000000000480       0x20 ../prueba3_bsp/\libhal_bsp.a(altera_avalon_jtag_uart_write.o)
 .debug_aranges
                0x00000000000004a0       0x20 ../prueba3_bsp/\libhal_bsp.a(altera_up_avalon_video_character_buffer_with_dma.o)
 .debug_aranges
                0x00000000000004c0       0x20 ../prueba3_bsp/\libhal_bsp.a(alt_busy_sleep.o)
 .debug_aranges
                0x00000000000004e0       0x20 ../prueba3_bsp/\libhal_bsp.a(alt_dcache_flush_all.o)
 .debug_aranges
                0x0000000000000500       0x20 ../prueba3_bsp/\libhal_bsp.a(alt_dev.o)
 .debug_aranges
                0x0000000000000520       0x20 ../prueba3_bsp/\libhal_bsp.a(alt_dev_llist_insert.o)
 .debug_aranges
                0x0000000000000540       0x18 ../prueba3_bsp/\libhal_bsp.a(alt_errno.o)
 .debug_aranges
                0x0000000000000558       0x38 ../prueba3_bsp/\libhal_bsp.a(alt_exception_entry.o)
 .debug_aranges
                0x0000000000000590       0x20 ../prueba3_bsp/\libhal_bsp.a(alt_find_dev.o)
 .debug_aranges
                0x00000000000005b0       0x20 ../prueba3_bsp/\libhal_bsp.a(alt_icache_flush_all.o)
 .debug_aranges
                0x00000000000005d0       0x28 ../prueba3_bsp/\libhal_bsp.a(alt_instruction_exception_entry.o)
 .debug_aranges
                0x00000000000005f8       0x20 ../prueba3_bsp/\libhal_bsp.a(altera_nios2_gen2_irq.o)
 .debug_aranges
                0x0000000000000618       0x20 c:/intelfpga_lite/18.0/nios2eds/bin/gnu/h-x86_64-mingw32/bin/../lib/gcc/nios2-elf/5.3.0/../../../../../H-x86_64-mingw32/nios2-elf/lib/mno-hw-mul\libsmallc.a(lib_a-memcmp.o)
 .debug_aranges
                0x0000000000000638       0x20 c:/intelfpga_lite/18.0/nios2eds/bin/gnu/h-x86_64-mingw32/bin/../lib/gcc/nios2-elf/5.3.0/../../../../../H-x86_64-mingw32/nios2-elf/lib/mno-hw-mul\libsmallc.a(lib_a-strcmp.o)

.debug_pubnames
 *(.debug_pubnames)

.debug_info     0x0000000000000000     0x91f9
 *(.debug_info .gnu.linkonce.wi.*)
 .debug_info    0x0000000000000000       0x7d ../prueba3_bsp//obj/HAL/src/crt0.o
 .debug_info    0x000000000000007d      0x15b obj/default/7_segments.o
 .debug_info    0x00000000000001d8      0x41c obj/default/audio.o
 .debug_info    0x00000000000005f4      0x1d0 obj/default/buttons.o
 .debug_info    0x00000000000007c4      0x732 obj/default/filter.o
 .debug_info    0x0000000000000ef6      0x7ee obj/default/main.o
 .debug_info    0x00000000000016e4       0x9e obj/default/switches.o
 .debug_info    0x0000000000001782       0xa9 obj/default/timer.o
 .debug_info    0x000000000000182b      0x32c obj/default/vga.o
 .debug_info    0x0000000000001b57      0x2c6 c:/intelfpga_lite/18.0/nios2eds/bin/gnu/h-x86_64-mingw32/bin/../lib/gcc/nios2-elf/5.3.0/mno-hw-mul\libgcc.a(lib2-divmod.o)
 .debug_info    0x0000000000001e1d       0xb4 c:/intelfpga_lite/18.0/nios2eds/bin/gnu/h-x86_64-mingw32/bin/../lib/gcc/nios2-elf/5.3.0/mno-hw-mul\libgcc.a(lib2-mul.o)
 .debug_info    0x0000000000001ed1      0x699 c:/intelfpga_lite/18.0/nios2eds/bin/gnu/h-x86_64-mingw32/bin/../lib/gcc/nios2-elf/5.3.0/../../../../../H-x86_64-mingw32/nios2-elf/lib/mno-hw-mul\libsmallc.a(lib_a-printf.o)
 .debug_info    0x000000000000256a      0x66d c:/intelfpga_lite/18.0/nios2eds/bin/gnu/h-x86_64-mingw32/bin/../lib/gcc/nios2-elf/5.3.0/../../../../../H-x86_64-mingw32/nios2-elf/lib/mno-hw-mul\libsmallc.a(lib_a-puts.o)
 .debug_info    0x0000000000002bd7      0x7d9 c:/intelfpga_lite/18.0/nios2eds/bin/gnu/h-x86_64-mingw32/bin/../lib/gcc/nios2-elf/5.3.0/../../../../../H-x86_64-mingw32/nios2-elf/lib/mno-hw-mul\libsmallc.a(lib_a-sprintf.o)
 .debug_info    0x00000000000033b0       0xc9 c:/intelfpga_lite/18.0/nios2eds/bin/gnu/h-x86_64-mingw32/bin/../lib/gcc/nios2-elf/5.3.0/../../../../../H-x86_64-mingw32/nios2-elf/lib/mno-hw-mul\libsmallc.a(lib_a-strlen.o)
 .debug_info    0x0000000000003479      0xb2b c:/intelfpga_lite/18.0/nios2eds/bin/gnu/h-x86_64-mingw32/bin/../lib/gcc/nios2-elf/5.3.0/../../../../../H-x86_64-mingw32/nios2-elf/lib/mno-hw-mul\libsmallc.a(lib_a-svfprintf.o)
 .debug_info    0x0000000000003fa4      0xb2b c:/intelfpga_lite/18.0/nios2eds/bin/gnu/h-x86_64-mingw32/bin/../lib/gcc/nios2-elf/5.3.0/../../../../../H-x86_64-mingw32/nios2-elf/lib/mno-hw-mul\libsmallc.a(lib_a-vfprintf.o)
 .debug_info    0x0000000000004acf      0x62b c:/intelfpga_lite/18.0/nios2eds/bin/gnu/h-x86_64-mingw32/bin/../lib/gcc/nios2-elf/5.3.0/../../../../../H-x86_64-mingw32/nios2-elf/lib/mno-hw-mul\libsmallc.a(lib_a-fvwrite_small_dev.o)
 .debug_info    0x00000000000050fa      0x700 c:/intelfpga_lite/18.0/nios2eds/bin/gnu/h-x86_64-mingw32/bin/../lib/gcc/nios2-elf/5.3.0/../../../../../H-x86_64-mingw32/nios2-elf/lib/mno-hw-mul\libsmallc.a(lib_a-fvwrite_small_str.o)
 .debug_info    0x00000000000057fa      0x5a9 c:/intelfpga_lite/18.0/nios2eds/bin/gnu/h-x86_64-mingw32/bin/../lib/gcc/nios2-elf/5.3.0/../../../../../H-x86_64-mingw32/nios2-elf/lib/mno-hw-mul\libsmallc.a(lib_a-impure.o)
 .debug_info    0x0000000000005da3      0x10b c:/intelfpga_lite/18.0/nios2eds/bin/gnu/h-x86_64-mingw32/bin/../lib/gcc/nios2-elf/5.3.0/../../../../../H-x86_64-mingw32/nios2-elf/lib/mno-hw-mul\libsmallc.a(lib_a-memmove.o)
 .debug_info    0x0000000000005eae      0x630 c:/intelfpga_lite/18.0/nios2eds/bin/gnu/h-x86_64-mingw32/bin/../lib/gcc/nios2-elf/5.3.0/../../../../../H-x86_64-mingw32/nios2-elf/lib/mno-hw-mul\libsmallc.a(lib_a-writer.o)
 .debug_info    0x00000000000064de       0x8a c:/intelfpga_lite/18.0/nios2eds/bin/gnu/h-x86_64-mingw32/bin/../lib/gcc/nios2-elf/5.3.0/../../../../../H-x86_64-mingw32/nios2-elf/lib/mno-hw-mul\libsmallc.a(lib_a-int_errno.o)
 .debug_info    0x0000000000006568      0x38a ../prueba3_bsp/\libhal_bsp.a(alt_iic.o)
 .debug_info    0x00000000000068f2      0x232 ../prueba3_bsp/\libhal_bsp.a(alt_iic_isr_register.o)
 .debug_info    0x0000000000006b24       0x86 ../prueba3_bsp/\libhal_bsp.a(alt_irq_entry.o)
 .debug_info    0x0000000000006baa      0x184 ../prueba3_bsp/\libhal_bsp.a(alt_irq_handler.o)
 .debug_info    0x0000000000006d2e       0x88 ../prueba3_bsp/\libhal_bsp.a(alt_irq_vars.o)
 .debug_info    0x0000000000006db6      0x1c9 ../prueba3_bsp/\libhal_bsp.a(alt_load.o)
 .debug_info    0x0000000000006f7f      0x169 ../prueba3_bsp/\libhal_bsp.a(alt_main.o)
 .debug_info    0x00000000000070e8      0x13a ../prueba3_bsp/\libhal_bsp.a(alt_putstr.o)
 .debug_info    0x0000000000007222       0xd1 ../prueba3_bsp/\libhal_bsp.a(alt_usleep.o)
 .debug_info    0x00000000000072f3      0x1c7 ../prueba3_bsp/\libhal_bsp.a(alt_write.o)
 .debug_info    0x00000000000074ba      0x615 ../prueba3_bsp/\libhal_bsp.a(alt_sys_init.o)
 .debug_info    0x0000000000007acf      0x197 ../prueba3_bsp/\libhal_bsp.a(altera_avalon_jtag_uart_write.o)
 .debug_info    0x0000000000007c66      0x4ab ../prueba3_bsp/\libhal_bsp.a(altera_up_avalon_video_character_buffer_with_dma.o)
 .debug_info    0x0000000000008111       0xd8 ../prueba3_bsp/\libhal_bsp.a(alt_busy_sleep.o)
 .debug_info    0x00000000000081e9       0x92 ../prueba3_bsp/\libhal_bsp.a(alt_dcache_flush_all.o)
 .debug_info    0x000000000000827b      0x499 ../prueba3_bsp/\libhal_bsp.a(alt_dev.o)
 .debug_info    0x0000000000008714      0x1b3 ../prueba3_bsp/\libhal_bsp.a(alt_dev_llist_insert.o)
 .debug_info    0x00000000000088c7       0xa6 ../prueba3_bsp/\libhal_bsp.a(alt_errno.o)
 .debug_info    0x000000000000896d       0x8c ../prueba3_bsp/\libhal_bsp.a(alt_exception_entry.o)
 .debug_info    0x00000000000089f9      0x32d ../prueba3_bsp/\libhal_bsp.a(alt_find_dev.o)
 .debug_info    0x0000000000008d26       0x92 ../prueba3_bsp/\libhal_bsp.a(alt_icache_flush_all.o)
 .debug_info    0x0000000000008db8      0x1fd ../prueba3_bsp/\libhal_bsp.a(alt_instruction_exception_entry.o)
 .debug_info    0x0000000000008fb5       0x92 ../prueba3_bsp/\libhal_bsp.a(altera_nios2_gen2_irq.o)
 .debug_info    0x0000000000009047       0xf4 c:/intelfpga_lite/18.0/nios2eds/bin/gnu/h-x86_64-mingw32/bin/../lib/gcc/nios2-elf/5.3.0/../../../../../H-x86_64-mingw32/nios2-elf/lib/mno-hw-mul\libsmallc.a(lib_a-memcmp.o)
 .debug_info    0x000000000000913b       0xbe c:/intelfpga_lite/18.0/nios2eds/bin/gnu/h-x86_64-mingw32/bin/../lib/gcc/nios2-elf/5.3.0/../../../../../H-x86_64-mingw32/nios2-elf/lib/mno-hw-mul\libsmallc.a(lib_a-strcmp.o)

.debug_abbrev   0x0000000000000000     0x3120
 *(.debug_abbrev)
 .debug_abbrev  0x0000000000000000       0x12 ../prueba3_bsp//obj/HAL/src/crt0.o
 .debug_abbrev  0x0000000000000012       0xa9 obj/default/7_segments.o
 .debug_abbrev  0x00000000000000bb      0x1bc obj/default/audio.o
 .debug_abbrev  0x0000000000000277      0x11c obj/default/buttons.o
 .debug_abbrev  0x0000000000000393      0x214 obj/default/filter.o
 .debug_abbrev  0x00000000000005a7      0x18e obj/default/main.o
 .debug_abbrev  0x0000000000000735       0x51 obj/default/switches.o
 .debug_abbrev  0x0000000000000786       0x7a obj/default/timer.o
 .debug_abbrev  0x0000000000000800      0x150 obj/default/vga.o
 .debug_abbrev  0x0000000000000950      0x10e c:/intelfpga_lite/18.0/nios2eds/bin/gnu/h-x86_64-mingw32/bin/../lib/gcc/nios2-elf/5.3.0/mno-hw-mul\libgcc.a(lib2-divmod.o)
 .debug_abbrev  0x0000000000000a5e       0x6f c:/intelfpga_lite/18.0/nios2eds/bin/gnu/h-x86_64-mingw32/bin/../lib/gcc/nios2-elf/5.3.0/mno-hw-mul\libgcc.a(lib2-mul.o)
 .debug_abbrev  0x0000000000000acd      0x1ee c:/intelfpga_lite/18.0/nios2eds/bin/gnu/h-x86_64-mingw32/bin/../lib/gcc/nios2-elf/5.3.0/../../../../../H-x86_64-mingw32/nios2-elf/lib/mno-hw-mul\libsmallc.a(lib_a-printf.o)
 .debug_abbrev  0x0000000000000cbb      0x1d6 c:/intelfpga_lite/18.0/nios2eds/bin/gnu/h-x86_64-mingw32/bin/../lib/gcc/nios2-elf/5.3.0/../../../../../H-x86_64-mingw32/nios2-elf/lib/mno-hw-mul\libsmallc.a(lib_a-puts.o)
 .debug_abbrev  0x0000000000000e91      0x1d8 c:/intelfpga_lite/18.0/nios2eds/bin/gnu/h-x86_64-mingw32/bin/../lib/gcc/nios2-elf/5.3.0/../../../../../H-x86_64-mingw32/nios2-elf/lib/mno-hw-mul\libsmallc.a(lib_a-sprintf.o)
 .debug_abbrev  0x0000000000001069       0x7f c:/intelfpga_lite/18.0/nios2eds/bin/gnu/h-x86_64-mingw32/bin/../lib/gcc/nios2-elf/5.3.0/../../../../../H-x86_64-mingw32/nios2-elf/lib/mno-hw-mul\libsmallc.a(lib_a-strlen.o)
 .debug_abbrev  0x00000000000010e8      0x2a1 c:/intelfpga_lite/18.0/nios2eds/bin/gnu/h-x86_64-mingw32/bin/../lib/gcc/nios2-elf/5.3.0/../../../../../H-x86_64-mingw32/nios2-elf/lib/mno-hw-mul\libsmallc.a(lib_a-svfprintf.o)
 .debug_abbrev  0x0000000000001389      0x2a1 c:/intelfpga_lite/18.0/nios2eds/bin/gnu/h-x86_64-mingw32/bin/../lib/gcc/nios2-elf/5.3.0/../../../../../H-x86_64-mingw32/nios2-elf/lib/mno-hw-mul\libsmallc.a(lib_a-vfprintf.o)
 .debug_abbrev  0x000000000000162a      0x1bc c:/intelfpga_lite/18.0/nios2eds/bin/gnu/h-x86_64-mingw32/bin/../lib/gcc/nios2-elf/5.3.0/../../../../../H-x86_64-mingw32/nios2-elf/lib/mno-hw-mul\libsmallc.a(lib_a-fvwrite_small_dev.o)
 .debug_abbrev  0x00000000000017e6      0x1b5 c:/intelfpga_lite/18.0/nios2eds/bin/gnu/h-x86_64-mingw32/bin/../lib/gcc/nios2-elf/5.3.0/../../../../../H-x86_64-mingw32/nios2-elf/lib/mno-hw-mul\libsmallc.a(lib_a-fvwrite_small_str.o)
 .debug_abbrev  0x000000000000199b      0x14a c:/intelfpga_lite/18.0/nios2eds/bin/gnu/h-x86_64-mingw32/bin/../lib/gcc/nios2-elf/5.3.0/../../../../../H-x86_64-mingw32/nios2-elf/lib/mno-hw-mul\libsmallc.a(lib_a-impure.o)
 .debug_abbrev  0x0000000000001ae5       0x8d c:/intelfpga_lite/18.0/nios2eds/bin/gnu/h-x86_64-mingw32/bin/../lib/gcc/nios2-elf/5.3.0/../../../../../H-x86_64-mingw32/nios2-elf/lib/mno-hw-mul\libsmallc.a(lib_a-memmove.o)
 .debug_abbrev  0x0000000000001b72      0x1a6 c:/intelfpga_lite/18.0/nios2eds/bin/gnu/h-x86_64-mingw32/bin/../lib/gcc/nios2-elf/5.3.0/../../../../../H-x86_64-mingw32/nios2-elf/lib/mno-hw-mul\libsmallc.a(lib_a-writer.o)
 .debug_abbrev  0x0000000000001d18       0x37 c:/intelfpga_lite/18.0/nios2eds/bin/gnu/h-x86_64-mingw32/bin/../lib/gcc/nios2-elf/5.3.0/../../../../../H-x86_64-mingw32/nios2-elf/lib/mno-hw-mul\libsmallc.a(lib_a-int_errno.o)
 .debug_abbrev  0x0000000000001d4f      0x1a0 ../prueba3_bsp/\libhal_bsp.a(alt_iic.o)
 .debug_abbrev  0x0000000000001eef      0x19c ../prueba3_bsp/\libhal_bsp.a(alt_iic_isr_register.o)
 .debug_abbrev  0x000000000000208b       0x12 ../prueba3_bsp/\libhal_bsp.a(alt_irq_entry.o)
 .debug_abbrev  0x000000000000209d      0x120 ../prueba3_bsp/\libhal_bsp.a(alt_irq_handler.o)
 .debug_abbrev  0x00000000000021bd       0x40 ../prueba3_bsp/\libhal_bsp.a(alt_irq_vars.o)
 .debug_abbrev  0x00000000000021fd       0xd8 ../prueba3_bsp/\libhal_bsp.a(alt_load.o)
 .debug_abbrev  0x00000000000022d5       0xee ../prueba3_bsp/\libhal_bsp.a(alt_main.o)
 .debug_abbrev  0x00000000000023c3       0xd3 ../prueba3_bsp/\libhal_bsp.a(alt_putstr.o)
 .debug_abbrev  0x0000000000002496       0x8d ../prueba3_bsp/\libhal_bsp.a(alt_usleep.o)
 .debug_abbrev  0x0000000000002523      0x12e ../prueba3_bsp/\libhal_bsp.a(alt_write.o)
 .debug_abbrev  0x0000000000002651      0x1ed ../prueba3_bsp/\libhal_bsp.a(alt_sys_init.o)
 .debug_abbrev  0x000000000000283e       0xd5 ../prueba3_bsp/\libhal_bsp.a(altera_avalon_jtag_uart_write.o)
 .debug_abbrev  0x0000000000002913      0x16b ../prueba3_bsp/\libhal_bsp.a(altera_up_avalon_video_character_buffer_with_dma.o)
 .debug_abbrev  0x0000000000002a7e       0x8d ../prueba3_bsp/\libhal_bsp.a(alt_busy_sleep.o)
 .debug_abbrev  0x0000000000002b0b       0x42 ../prueba3_bsp/\libhal_bsp.a(alt_dcache_flush_all.o)
 .debug_abbrev  0x0000000000002b4d       0xd9 ../prueba3_bsp/\libhal_bsp.a(alt_dev.o)
 .debug_abbrev  0x0000000000002c26      0x11c ../prueba3_bsp/\libhal_bsp.a(alt_dev_llist_insert.o)
 .debug_abbrev  0x0000000000002d42       0x5a ../prueba3_bsp/\libhal_bsp.a(alt_errno.o)
 .debug_abbrev  0x0000000000002d9c       0x12 ../prueba3_bsp/\libhal_bsp.a(alt_exception_entry.o)
 .debug_abbrev  0x0000000000002dae      0x125 ../prueba3_bsp/\libhal_bsp.a(alt_find_dev.o)
 .debug_abbrev  0x0000000000002ed3       0x42 ../prueba3_bsp/\libhal_bsp.a(alt_icache_flush_all.o)
 .debug_abbrev  0x0000000000002f15       0xe7 ../prueba3_bsp/\libhal_bsp.a(alt_instruction_exception_entry.o)
 .debug_abbrev  0x0000000000002ffc       0x42 ../prueba3_bsp/\libhal_bsp.a(altera_nios2_gen2_irq.o)
 .debug_abbrev  0x000000000000303e       0x7f c:/intelfpga_lite/18.0/nios2eds/bin/gnu/h-x86_64-mingw32/bin/../lib/gcc/nios2-elf/5.3.0/../../../../../H-x86_64-mingw32/nios2-elf/lib/mno-hw-mul\libsmallc.a(lib_a-memcmp.o)
 .debug_abbrev  0x00000000000030bd       0x63 c:/intelfpga_lite/18.0/nios2eds/bin/gnu/h-x86_64-mingw32/bin/../lib/gcc/nios2-elf/5.3.0/../../../../../H-x86_64-mingw32/nios2-elf/lib/mno-hw-mul\libsmallc.a(lib_a-strcmp.o)

.debug_line     0x0000000000000000     0x363a
 *(.debug_line)
 .debug_line    0x0000000000000000       0x66 ../prueba3_bsp//obj/HAL/src/crt0.o
 .debug_line    0x0000000000000066       0x53 obj/default/7_segments.o
 .debug_line    0x00000000000000b9      0x1f3 obj/default/audio.o
 .debug_line    0x00000000000002ac       0xad obj/default/buttons.o
 .debug_line    0x0000000000000359      0x203 obj/default/filter.o
 .debug_line    0x000000000000055c      0x1ed obj/default/main.o
 .debug_line    0x0000000000000749       0x3a obj/default/switches.o
 .debug_line    0x0000000000000783       0x64 obj/default/timer.o
 .debug_line    0x00000000000007e7      0x156 obj/default/vga.o
 .debug_line    0x000000000000093d      0x105 c:/intelfpga_lite/18.0/nios2eds/bin/gnu/h-x86_64-mingw32/bin/../lib/gcc/nios2-elf/5.3.0/mno-hw-mul\libgcc.a(lib2-divmod.o)
 .debug_line    0x0000000000000a42       0x80 c:/intelfpga_lite/18.0/nios2eds/bin/gnu/h-x86_64-mingw32/bin/../lib/gcc/nios2-elf/5.3.0/mno-hw-mul\libgcc.a(lib2-mul.o)
 .debug_line    0x0000000000000ac2      0x203 c:/intelfpga_lite/18.0/nios2eds/bin/gnu/h-x86_64-mingw32/bin/../lib/gcc/nios2-elf/5.3.0/../../../../../H-x86_64-mingw32/nios2-elf/lib/mno-hw-mul\libsmallc.a(lib_a-printf.o)
 .debug_line    0x0000000000000cc5      0x206 c:/intelfpga_lite/18.0/nios2eds/bin/gnu/h-x86_64-mingw32/bin/../lib/gcc/nios2-elf/5.3.0/../../../../../H-x86_64-mingw32/nios2-elf/lib/mno-hw-mul\libsmallc.a(lib_a-puts.o)
 .debug_line    0x0000000000000ecb      0x210 c:/intelfpga_lite/18.0/nios2eds/bin/gnu/h-x86_64-mingw32/bin/../lib/gcc/nios2-elf/5.3.0/../../../../../H-x86_64-mingw32/nios2-elf/lib/mno-hw-mul\libsmallc.a(lib_a-sprintf.o)
 .debug_line    0x00000000000010db      0x15c c:/intelfpga_lite/18.0/nios2eds/bin/gnu/h-x86_64-mingw32/bin/../lib/gcc/nios2-elf/5.3.0/../../../../../H-x86_64-mingw32/nios2-elf/lib/mno-hw-mul\libsmallc.a(lib_a-strlen.o)
 .debug_line    0x0000000000001237      0x351 c:/intelfpga_lite/18.0/nios2eds/bin/gnu/h-x86_64-mingw32/bin/../lib/gcc/nios2-elf/5.3.0/../../../../../H-x86_64-mingw32/nios2-elf/lib/mno-hw-mul\libsmallc.a(lib_a-svfprintf.o)
 .debug_line    0x0000000000001588      0x351 c:/intelfpga_lite/18.0/nios2eds/bin/gnu/h-x86_64-mingw32/bin/../lib/gcc/nios2-elf/5.3.0/../../../../../H-x86_64-mingw32/nios2-elf/lib/mno-hw-mul\libsmallc.a(lib_a-vfprintf.o)
 .debug_line    0x00000000000018d9      0x1f0 c:/intelfpga_lite/18.0/nios2eds/bin/gnu/h-x86_64-mingw32/bin/../lib/gcc/nios2-elf/5.3.0/../../../../../H-x86_64-mingw32/nios2-elf/lib/mno-hw-mul\libsmallc.a(lib_a-fvwrite_small_dev.o)
 .debug_line    0x0000000000001ac9      0x1fe c:/intelfpga_lite/18.0/nios2eds/bin/gnu/h-x86_64-mingw32/bin/../lib/gcc/nios2-elf/5.3.0/../../../../../H-x86_64-mingw32/nios2-elf/lib/mno-hw-mul\libsmallc.a(lib_a-fvwrite_small_str.o)
 .debug_line    0x0000000000001cc7      0x156 c:/intelfpga_lite/18.0/nios2eds/bin/gnu/h-x86_64-mingw32/bin/../lib/gcc/nios2-elf/5.3.0/../../../../../H-x86_64-mingw32/nios2-elf/lib/mno-hw-mul\libsmallc.a(lib_a-impure.o)
 .debug_line    0x0000000000001e1d      0x16b c:/intelfpga_lite/18.0/nios2eds/bin/gnu/h-x86_64-mingw32/bin/../lib/gcc/nios2-elf/5.3.0/../../../../../H-x86_64-mingw32/nios2-elf/lib/mno-hw-mul\libsmallc.a(lib_a-memmove.o)
 .debug_line    0x0000000000001f88      0x1ed c:/intelfpga_lite/18.0/nios2eds/bin/gnu/h-x86_64-mingw32/bin/../lib/gcc/nios2-elf/5.3.0/../../../../../H-x86_64-mingw32/nios2-elf/lib/mno-hw-mul\libsmallc.a(lib_a-writer.o)
 .debug_line    0x0000000000002175       0x5f c:/intelfpga_lite/18.0/nios2eds/bin/gnu/h-x86_64-mingw32/bin/../lib/gcc/nios2-elf/5.3.0/../../../../../H-x86_64-mingw32/nios2-elf/lib/mno-hw-mul\libsmallc.a(lib_a-int_errno.o)
 .debug_line    0x00000000000021d4       0xf1 ../prueba3_bsp/\libhal_bsp.a(alt_iic.o)
 .debug_line    0x00000000000022c5       0xd6 ../prueba3_bsp/\libhal_bsp.a(alt_iic_isr_register.o)
 .debug_line    0x000000000000239b       0x6b ../prueba3_bsp/\libhal_bsp.a(alt_irq_entry.o)
 .debug_line    0x0000000000002406       0xa5 ../prueba3_bsp/\libhal_bsp.a(alt_irq_handler.o)
 .debug_line    0x00000000000024ab       0x50 ../prueba3_bsp/\libhal_bsp.a(alt_irq_vars.o)
 .debug_line    0x00000000000024fb       0xa4 ../prueba3_bsp/\libhal_bsp.a(alt_load.o)
 .debug_line    0x000000000000259f       0xbd ../prueba3_bsp/\libhal_bsp.a(alt_main.o)
 .debug_line    0x000000000000265c       0xa0 ../prueba3_bsp/\libhal_bsp.a(alt_putstr.o)
 .debug_line    0x00000000000026fc       0xcf ../prueba3_bsp/\libhal_bsp.a(alt_usleep.o)
 .debug_line    0x00000000000027cb      0x16a ../prueba3_bsp/\libhal_bsp.a(alt_write.o)
 .debug_line    0x0000000000002935      0x1f0 ../prueba3_bsp/\libhal_bsp.a(alt_sys_init.o)
 .debug_line    0x0000000000002b25       0xf0 ../prueba3_bsp/\libhal_bsp.a(altera_avalon_jtag_uart_write.o)
 .debug_line    0x0000000000002c15      0x1a5 ../prueba3_bsp/\libhal_bsp.a(altera_up_avalon_video_character_buffer_with_dma.o)
 .debug_line    0x0000000000002dba       0xb5 ../prueba3_bsp/\libhal_bsp.a(alt_busy_sleep.o)
 .debug_line    0x0000000000002e6f       0x4e ../prueba3_bsp/\libhal_bsp.a(alt_dcache_flush_all.o)
 .debug_line    0x0000000000002ebd       0xf6 ../prueba3_bsp/\libhal_bsp.a(alt_dev.o)
 .debug_line    0x0000000000002fb3       0xd8 ../prueba3_bsp/\libhal_bsp.a(alt_dev_llist_insert.o)
 .debug_line    0x000000000000308b       0x51 ../prueba3_bsp/\libhal_bsp.a(alt_errno.o)
 .debug_line    0x00000000000030dc       0xb3 ../prueba3_bsp/\libhal_bsp.a(alt_exception_entry.o)
 .debug_line    0x000000000000318f      0x107 ../prueba3_bsp/\libhal_bsp.a(alt_find_dev.o)
 .debug_line    0x0000000000003296       0x4e ../prueba3_bsp/\libhal_bsp.a(alt_icache_flush_all.o)
 .debug_line    0x00000000000032e4       0xbf ../prueba3_bsp/\libhal_bsp.a(alt_instruction_exception_entry.o)
 .debug_line    0x00000000000033a3       0x50 ../prueba3_bsp/\libhal_bsp.a(altera_nios2_gen2_irq.o)
 .debug_line    0x00000000000033f3      0x160 c:/intelfpga_lite/18.0/nios2eds/bin/gnu/h-x86_64-mingw32/bin/../lib/gcc/nios2-elf/5.3.0/../../../../../H-x86_64-mingw32/nios2-elf/lib/mno-hw-mul\libsmallc.a(lib_a-memcmp.o)
 .debug_line    0x0000000000003553       0xe7 c:/intelfpga_lite/18.0/nios2eds/bin/gnu/h-x86_64-mingw32/bin/../lib/gcc/nios2-elf/5.3.0/../../../../../H-x86_64-mingw32/nios2-elf/lib/mno-hw-mul\libsmallc.a(lib_a-strcmp.o)

.debug_frame    0x0000000000000000      0xafc
 *(.debug_frame)
 .debug_frame   0x0000000000000000       0x44 obj/default/7_segments.o
 .debug_frame   0x0000000000000044       0xcc obj/default/audio.o
 .debug_frame   0x0000000000000110       0x58 obj/default/buttons.o
 .debug_frame   0x0000000000000168       0x98 obj/default/filter.o
 .debug_frame   0x0000000000000200       0xb8 obj/default/main.o
 .debug_frame   0x00000000000002b8       0x20 obj/default/switches.o
 .debug_frame   0x00000000000002d8       0x30 obj/default/timer.o
 .debug_frame   0x0000000000000308       0x94 obj/default/vga.o
 .debug_frame   0x000000000000039c       0x50 c:/intelfpga_lite/18.0/nios2eds/bin/gnu/h-x86_64-mingw32/bin/../lib/gcc/nios2-elf/5.3.0/mno-hw-mul\libgcc.a(lib2-divmod.o)
 .debug_frame   0x00000000000003ec       0x20 c:/intelfpga_lite/18.0/nios2eds/bin/gnu/h-x86_64-mingw32/bin/../lib/gcc/nios2-elf/5.3.0/mno-hw-mul\libgcc.a(lib2-mul.o)
 .debug_frame   0x000000000000040c       0x48 c:/intelfpga_lite/18.0/nios2eds/bin/gnu/h-x86_64-mingw32/bin/../lib/gcc/nios2-elf/5.3.0/../../../../../H-x86_64-mingw32/nios2-elf/lib/mno-hw-mul\libsmallc.a(lib_a-printf.o)
 .debug_frame   0x0000000000000454       0x48 c:/intelfpga_lite/18.0/nios2eds/bin/gnu/h-x86_64-mingw32/bin/../lib/gcc/nios2-elf/5.3.0/../../../../../H-x86_64-mingw32/nios2-elf/lib/mno-hw-mul\libsmallc.a(lib_a-puts.o)
 .debug_frame   0x000000000000049c       0x48 c:/intelfpga_lite/18.0/nios2eds/bin/gnu/h-x86_64-mingw32/bin/../lib/gcc/nios2-elf/5.3.0/../../../../../H-x86_64-mingw32/nios2-elf/lib/mno-hw-mul\libsmallc.a(lib_a-sprintf.o)
 .debug_frame   0x00000000000004e4       0x20 c:/intelfpga_lite/18.0/nios2eds/bin/gnu/h-x86_64-mingw32/bin/../lib/gcc/nios2-elf/5.3.0/../../../../../H-x86_64-mingw32/nios2-elf/lib/mno-hw-mul\libsmallc.a(lib_a-strlen.o)
 .debug_frame   0x0000000000000504       0x8c c:/intelfpga_lite/18.0/nios2eds/bin/gnu/h-x86_64-mingw32/bin/../lib/gcc/nios2-elf/5.3.0/../../../../../H-x86_64-mingw32/nios2-elf/lib/mno-hw-mul\libsmallc.a(lib_a-svfprintf.o)
 .debug_frame   0x0000000000000590       0x8c c:/intelfpga_lite/18.0/nios2eds/bin/gnu/h-x86_64-mingw32/bin/../lib/gcc/nios2-elf/5.3.0/../../../../../H-x86_64-mingw32/nios2-elf/lib/mno-hw-mul\libsmallc.a(lib_a-vfprintf.o)
 .debug_frame   0x000000000000061c       0x58 c:/intelfpga_lite/18.0/nios2eds/bin/gnu/h-x86_64-mingw32/bin/../lib/gcc/nios2-elf/5.3.0/../../../../../H-x86_64-mingw32/nios2-elf/lib/mno-hw-mul\libsmallc.a(lib_a-fvwrite_small_dev.o)
 .debug_frame   0x0000000000000674       0x44 c:/intelfpga_lite/18.0/nios2eds/bin/gnu/h-x86_64-mingw32/bin/../lib/gcc/nios2-elf/5.3.0/../../../../../H-x86_64-mingw32/nios2-elf/lib/mno-hw-mul\libsmallc.a(lib_a-fvwrite_small_str.o)
 .debug_frame   0x00000000000006b8       0x20 c:/intelfpga_lite/18.0/nios2eds/bin/gnu/h-x86_64-mingw32/bin/../lib/gcc/nios2-elf/5.3.0/../../../../../H-x86_64-mingw32/nios2-elf/lib/mno-hw-mul\libsmallc.a(lib_a-memmove.o)
 .debug_frame   0x00000000000006d8       0x38 c:/intelfpga_lite/18.0/nios2eds/bin/gnu/h-x86_64-mingw32/bin/../lib/gcc/nios2-elf/5.3.0/../../../../../H-x86_64-mingw32/nios2-elf/lib/mno-hw-mul\libsmallc.a(lib_a-writer.o)
 .debug_frame   0x0000000000000710       0x50 ../prueba3_bsp/\libhal_bsp.a(alt_iic.o)
 .debug_frame   0x0000000000000760       0x30 ../prueba3_bsp/\libhal_bsp.a(alt_iic_isr_register.o)
 .debug_frame   0x0000000000000790       0x34 ../prueba3_bsp/\libhal_bsp.a(alt_irq_handler.o)
 .debug_frame   0x00000000000007c4       0x30 ../prueba3_bsp/\libhal_bsp.a(alt_load.o)
 .debug_frame   0x00000000000007f4       0x2c ../prueba3_bsp/\libhal_bsp.a(alt_main.o)
 .debug_frame   0x0000000000000820       0x30 ../prueba3_bsp/\libhal_bsp.a(alt_putstr.o)
 .debug_frame   0x0000000000000850       0x20 ../prueba3_bsp/\libhal_bsp.a(alt_usleep.o)
 .debug_frame   0x0000000000000870       0x2c ../prueba3_bsp/\libhal_bsp.a(alt_write.o)
 .debug_frame   0x000000000000089c       0x48 ../prueba3_bsp/\libhal_bsp.a(alt_sys_init.o)
 .debug_frame   0x00000000000008e4       0x20 ../prueba3_bsp/\libhal_bsp.a(altera_avalon_jtag_uart_write.o)
 .debug_frame   0x0000000000000904       0x70 ../prueba3_bsp/\libhal_bsp.a(altera_up_avalon_video_character_buffer_with_dma.o)
 .debug_frame   0x0000000000000974       0x30 ../prueba3_bsp/\libhal_bsp.a(alt_busy_sleep.o)
 .debug_frame   0x00000000000009a4       0x20 ../prueba3_bsp/\libhal_bsp.a(alt_dcache_flush_all.o)
 .debug_frame   0x00000000000009c4       0x20 ../prueba3_bsp/\libhal_bsp.a(alt_dev.o)
 .debug_frame   0x00000000000009e4       0x2c ../prueba3_bsp/\libhal_bsp.a(alt_dev_llist_insert.o)
 .debug_frame   0x0000000000000a10       0x3c ../prueba3_bsp/\libhal_bsp.a(alt_find_dev.o)
 .debug_frame   0x0000000000000a4c       0x20 ../prueba3_bsp/\libhal_bsp.a(alt_icache_flush_all.o)
 .debug_frame   0x0000000000000a6c       0x30 ../prueba3_bsp/\libhal_bsp.a(alt_instruction_exception_entry.o)
 .debug_frame   0x0000000000000a9c       0x20 ../prueba3_bsp/\libhal_bsp.a(altera_nios2_gen2_irq.o)
 .debug_frame   0x0000000000000abc       0x20 c:/intelfpga_lite/18.0/nios2eds/bin/gnu/h-x86_64-mingw32/bin/../lib/gcc/nios2-elf/5.3.0/../../../../../H-x86_64-mingw32/nios2-elf/lib/mno-hw-mul\libsmallc.a(lib_a-memcmp.o)
 .debug_frame   0x0000000000000adc       0x20 c:/intelfpga_lite/18.0/nios2eds/bin/gnu/h-x86_64-mingw32/bin/../lib/gcc/nios2-elf/5.3.0/../../../../../H-x86_64-mingw32/nios2-elf/lib/mno-hw-mul\libsmallc.a(lib_a-strcmp.o)

.debug_str      0x0000000000000000     0x218e
 *(.debug_str)
 .debug_str     0x0000000000000000      0x13d obj/default/7_segments.o
                                        0x171 (size before relaxing)
 .debug_str     0x000000000000013d      0x197 obj/default/audio.o
                                        0x2cf (size before relaxing)
 .debug_str     0x00000000000002d4       0x84 obj/default/buttons.o
                                        0x1d2 (size before relaxing)
 .debug_str     0x0000000000000358      0x1b9 obj/default/filter.o
                                        0x2fd (size before relaxing)
 .debug_str     0x0000000000000511       0xd8 obj/default/main.o
                                        0x356 (size before relaxing)
 .debug_str     0x00000000000005e9       0x25 obj/default/switches.o
                                        0x151 (size before relaxing)
 .debug_str     0x000000000000060e       0x1e obj/default/timer.o
                                        0x12a (size before relaxing)
 .debug_str     0x000000000000062c       0x32 obj/default/vga.o
                                        0x1aa (size before relaxing)
 .debug_str     0x000000000000065e      0x187 c:/intelfpga_lite/18.0/nios2eds/bin/gnu/h-x86_64-mingw32/bin/../lib/gcc/nios2-elf/5.3.0/mno-hw-mul\libgcc.a(lib2-divmod.o)
                                        0x1d2 (size before relaxing)
 .debug_str     0x00000000000007e5       0x40 c:/intelfpga_lite/18.0/nios2eds/bin/gnu/h-x86_64-mingw32/bin/../lib/gcc/nios2-elf/5.3.0/mno-hw-mul\libgcc.a(lib2-mul.o)
                                        0x193 (size before relaxing)
 .debug_str     0x0000000000000825      0x422 c:/intelfpga_lite/18.0/nios2eds/bin/gnu/h-x86_64-mingw32/bin/../lib/gcc/nios2-elf/5.3.0/../../../../../H-x86_64-mingw32/nios2-elf/lib/mno-hw-mul\libsmallc.a(lib_a-printf.o)
                                        0x504 (size before relaxing)
 .debug_str     0x0000000000000c47       0x57 c:/intelfpga_lite/18.0/nios2eds/bin/gnu/h-x86_64-mingw32/bin/../lib/gcc/nios2-elf/5.3.0/../../../../../H-x86_64-mingw32/nios2-elf/lib/mno-hw-mul\libsmallc.a(lib_a-puts.o)
                                        0x4cd (size before relaxing)
 .debug_str     0x0000000000000c9e       0x84 c:/intelfpga_lite/18.0/nios2eds/bin/gnu/h-x86_64-mingw32/bin/../lib/gcc/nios2-elf/5.3.0/../../../../../H-x86_64-mingw32/nios2-elf/lib/mno-hw-mul\libsmallc.a(lib_a-sprintf.o)
                                        0x529 (size before relaxing)
 .debug_str     0x0000000000000d22       0xd2 c:/intelfpga_lite/18.0/nios2eds/bin/gnu/h-x86_64-mingw32/bin/../lib/gcc/nios2-elf/5.3.0/../../../../../H-x86_64-mingw32/nios2-elf/lib/mno-hw-mul\libsmallc.a(lib_a-strlen.o)
                                        0x1e5 (size before relaxing)
 .debug_str     0x0000000000000df4      0x213 c:/intelfpga_lite/18.0/nios2eds/bin/gnu/h-x86_64-mingw32/bin/../lib/gcc/nios2-elf/5.3.0/../../../../../H-x86_64-mingw32/nios2-elf/lib/mno-hw-mul\libsmallc.a(lib_a-svfprintf.o)
                                        0x687 (size before relaxing)
 .debug_str     0x0000000000001007      0x67f c:/intelfpga_lite/18.0/nios2eds/bin/gnu/h-x86_64-mingw32/bin/../lib/gcc/nios2-elf/5.3.0/../../../../../H-x86_64-mingw32/nios2-elf/lib/mno-hw-mul\libsmallc.a(lib_a-vfprintf.o)
 .debug_str     0x0000000000001007       0x63 c:/intelfpga_lite/18.0/nios2eds/bin/gnu/h-x86_64-mingw32/bin/../lib/gcc/nios2-elf/5.3.0/../../../../../H-x86_64-mingw32/nios2-elf/lib/mno-hw-mul\libsmallc.a(lib_a-fvwrite_small_dev.o)
                                        0x4d4 (size before relaxing)
 .debug_str     0x000000000000106a       0x64 c:/intelfpga_lite/18.0/nios2eds/bin/gnu/h-x86_64-mingw32/bin/../lib/gcc/nios2-elf/5.3.0/../../../../../H-x86_64-mingw32/nios2-elf/lib/mno-hw-mul\libsmallc.a(lib_a-fvwrite_small_str.o)
                                        0x4f7 (size before relaxing)
 .debug_str     0x00000000000010ce       0xef c:/intelfpga_lite/18.0/nios2eds/bin/gnu/h-x86_64-mingw32/bin/../lib/gcc/nios2-elf/5.3.0/../../../../../H-x86_64-mingw32/nios2-elf/lib/mno-hw-mul\libsmallc.a(lib_a-impure.o)
                                        0x4be (size before relaxing)
 .debug_str     0x00000000000011bd       0x57 c:/intelfpga_lite/18.0/nios2eds/bin/gnu/h-x86_64-mingw32/bin/../lib/gcc/nios2-elf/5.3.0/../../../../../H-x86_64-mingw32/nios2-elf/lib/mno-hw-mul\libsmallc.a(lib_a-memmove.o)
                                        0x1fa (size before relaxing)
 .debug_str     0x0000000000001214       0x45 c:/intelfpga_lite/18.0/nios2eds/bin/gnu/h-x86_64-mingw32/bin/../lib/gcc/nios2-elf/5.3.0/../../../../../H-x86_64-mingw32/nios2-elf/lib/mno-hw-mul\libsmallc.a(lib_a-writer.o)
                                        0x4b8 (size before relaxing)
 .debug_str     0x0000000000001259       0x3f c:/intelfpga_lite/18.0/nios2eds/bin/gnu/h-x86_64-mingw32/bin/../lib/gcc/nios2-elf/5.3.0/../../../../../H-x86_64-mingw32/nios2-elf/lib/mno-hw-mul\libsmallc.a(lib_a-int_errno.o)
                                        0x1d8 (size before relaxing)
 .debug_str     0x0000000000001298      0x13e ../prueba3_bsp/\libhal_bsp.a(alt_iic.o)
                                        0x262 (size before relaxing)
 .debug_str     0x00000000000013d6       0x37 ../prueba3_bsp/\libhal_bsp.a(alt_iic_isr_register.o)
                                        0x21c (size before relaxing)
 .debug_str     0x000000000000140d       0x3a ../prueba3_bsp/\libhal_bsp.a(alt_irq_handler.o)
                                        0x1a6 (size before relaxing)
 .debug_str     0x0000000000001447       0x17 ../prueba3_bsp/\libhal_bsp.a(alt_irq_vars.o)
                                        0x149 (size before relaxing)
 .debug_str     0x000000000000145e      0x113 ../prueba3_bsp/\libhal_bsp.a(alt_load.o)
                                        0x24b (size before relaxing)
 .debug_str     0x0000000000001571       0x8a ../prueba3_bsp/\libhal_bsp.a(alt_main.o)
                                        0x1c4 (size before relaxing)
 .debug_str     0x00000000000015fb       0x58 ../prueba3_bsp/\libhal_bsp.a(alt_putstr.o)
                                        0x19a (size before relaxing)
 .debug_str     0x0000000000001653       0x2f ../prueba3_bsp/\libhal_bsp.a(alt_usleep.o)
                                        0x166 (size before relaxing)
 .debug_str     0x0000000000001682       0x2c ../prueba3_bsp/\libhal_bsp.a(alt_write.o)
                                        0x1e8 (size before relaxing)
 .debug_str     0x00000000000016ae      0x2d1 ../prueba3_bsp/\libhal_bsp.a(alt_sys_init.o)
                                        0x4a0 (size before relaxing)
 .debug_str     0x000000000000197f       0x2c ../prueba3_bsp/\libhal_bsp.a(altera_avalon_jtag_uart_write.o)
                                        0x224 (size before relaxing)
 .debug_str     0x00000000000019ab       0xc6 ../prueba3_bsp/\libhal_bsp.a(altera_up_avalon_video_character_buffer_with_dma.o)
                                        0x345 (size before relaxing)
 .debug_str     0x0000000000001a71       0x33 ../prueba3_bsp/\libhal_bsp.a(alt_busy_sleep.o)
                                        0x17a (size before relaxing)
 .debug_str     0x0000000000001aa4       0x1f ../prueba3_bsp/\libhal_bsp.a(alt_dcache_flush_all.o)
                                        0x164 (size before relaxing)
 .debug_str     0x0000000000001ac3      0x125 ../prueba3_bsp/\libhal_bsp.a(alt_dev.o)
                                        0x314 (size before relaxing)
 .debug_str     0x0000000000001be8       0x30 ../prueba3_bsp/\libhal_bsp.a(alt_dev_llist_insert.o)
                                        0x1db (size before relaxing)
 .debug_str     0x0000000000001c18       0x14 ../prueba3_bsp/\libhal_bsp.a(alt_errno.o)
                                        0x154 (size before relaxing)
 .debug_str     0x0000000000001c2c       0x1e ../prueba3_bsp/\libhal_bsp.a(alt_find_dev.o)
                                        0x209 (size before relaxing)
 .debug_str     0x0000000000001c4a       0x1f ../prueba3_bsp/\libhal_bsp.a(alt_icache_flush_all.o)
                                        0x164 (size before relaxing)
 .debug_str     0x0000000000001c69      0x48b ../prueba3_bsp/\libhal_bsp.a(alt_instruction_exception_entry.o)
                                        0x5af (size before relaxing)
 .debug_str     0x00000000000020f4       0x20 ../prueba3_bsp/\libhal_bsp.a(altera_nios2_gen2_irq.o)
                                        0x16b (size before relaxing)
 .debug_str     0x0000000000002114       0x3d c:/intelfpga_lite/18.0/nios2eds/bin/gnu/h-x86_64-mingw32/bin/../lib/gcc/nios2-elf/5.3.0/../../../../../H-x86_64-mingw32/nios2-elf/lib/mno-hw-mul\libsmallc.a(lib_a-memcmp.o)
                                        0x1df (size before relaxing)
 .debug_str     0x0000000000002151       0x3d c:/intelfpga_lite/18.0/nios2eds/bin/gnu/h-x86_64-mingw32/bin/../lib/gcc/nios2-elf/5.3.0/../../../../../H-x86_64-mingw32/nios2-elf/lib/mno-hw-mul\libsmallc.a(lib_a-strcmp.o)
                                        0x1d8 (size before relaxing)

.debug_loc      0x0000000000000000     0x3a35
 *(.debug_loc)
 .debug_loc     0x0000000000000000      0x300 obj/default/7_segments.o
 .debug_loc     0x0000000000000300      0x14b obj/default/audio.o
 .debug_loc     0x000000000000044b       0x5b obj/default/buttons.o
 .debug_loc     0x00000000000004a6      0x808 obj/default/filter.o
 .debug_loc     0x0000000000000cae      0x118 obj/default/main.o
 .debug_loc     0x0000000000000dc6       0x13 obj/default/timer.o
 .debug_loc     0x0000000000000dd9      0x30e obj/default/vga.o
 .debug_loc     0x00000000000010e7      0x4ce c:/intelfpga_lite/18.0/nios2eds/bin/gnu/h-x86_64-mingw32/bin/../lib/gcc/nios2-elf/5.3.0/mno-hw-mul\libgcc.a(lib2-divmod.o)
 .debug_loc     0x00000000000015b5       0x93 c:/intelfpga_lite/18.0/nios2eds/bin/gnu/h-x86_64-mingw32/bin/../lib/gcc/nios2-elf/5.3.0/mno-hw-mul\libgcc.a(lib2-mul.o)
 .debug_loc     0x0000000000001648       0xc6 c:/intelfpga_lite/18.0/nios2eds/bin/gnu/h-x86_64-mingw32/bin/../lib/gcc/nios2-elf/5.3.0/../../../../../H-x86_64-mingw32/nios2-elf/lib/mno-hw-mul\libsmallc.a(lib_a-printf.o)
 .debug_loc     0x000000000000170e       0x97 c:/intelfpga_lite/18.0/nios2eds/bin/gnu/h-x86_64-mingw32/bin/../lib/gcc/nios2-elf/5.3.0/../../../../../H-x86_64-mingw32/nios2-elf/lib/mno-hw-mul\libsmallc.a(lib_a-puts.o)
 .debug_loc     0x00000000000017a5      0x122 c:/intelfpga_lite/18.0/nios2eds/bin/gnu/h-x86_64-mingw32/bin/../lib/gcc/nios2-elf/5.3.0/../../../../../H-x86_64-mingw32/nios2-elf/lib/mno-hw-mul\libsmallc.a(lib_a-sprintf.o)
 .debug_loc     0x00000000000018c7       0x1e c:/intelfpga_lite/18.0/nios2eds/bin/gnu/h-x86_64-mingw32/bin/../lib/gcc/nios2-elf/5.3.0/../../../../../H-x86_64-mingw32/nios2-elf/lib/mno-hw-mul\libsmallc.a(lib_a-strlen.o)
 .debug_loc     0x00000000000018e5      0x954 c:/intelfpga_lite/18.0/nios2eds/bin/gnu/h-x86_64-mingw32/bin/../lib/gcc/nios2-elf/5.3.0/../../../../../H-x86_64-mingw32/nios2-elf/lib/mno-hw-mul\libsmallc.a(lib_a-svfprintf.o)
 .debug_loc     0x0000000000002239      0x954 c:/intelfpga_lite/18.0/nios2eds/bin/gnu/h-x86_64-mingw32/bin/../lib/gcc/nios2-elf/5.3.0/../../../../../H-x86_64-mingw32/nios2-elf/lib/mno-hw-mul\libsmallc.a(lib_a-vfprintf.o)
 .debug_loc     0x0000000000002b8d      0x110 c:/intelfpga_lite/18.0/nios2eds/bin/gnu/h-x86_64-mingw32/bin/../lib/gcc/nios2-elf/5.3.0/../../../../../H-x86_64-mingw32/nios2-elf/lib/mno-hw-mul\libsmallc.a(lib_a-fvwrite_small_dev.o)
 .debug_loc     0x0000000000002c9d      0x15f c:/intelfpga_lite/18.0/nios2eds/bin/gnu/h-x86_64-mingw32/bin/../lib/gcc/nios2-elf/5.3.0/../../../../../H-x86_64-mingw32/nios2-elf/lib/mno-hw-mul\libsmallc.a(lib_a-fvwrite_small_str.o)
 .debug_loc     0x0000000000002dfc      0x19d c:/intelfpga_lite/18.0/nios2eds/bin/gnu/h-x86_64-mingw32/bin/../lib/gcc/nios2-elf/5.3.0/../../../../../H-x86_64-mingw32/nios2-elf/lib/mno-hw-mul\libsmallc.a(lib_a-memmove.o)
 .debug_loc     0x0000000000002f99       0xa5 c:/intelfpga_lite/18.0/nios2eds/bin/gnu/h-x86_64-mingw32/bin/../lib/gcc/nios2-elf/5.3.0/../../../../../H-x86_64-mingw32/nios2-elf/lib/mno-hw-mul\libsmallc.a(lib_a-writer.o)
 .debug_loc     0x000000000000303e      0x170 ../prueba3_bsp/\libhal_bsp.a(alt_iic.o)
 .debug_loc     0x00000000000031ae      0x193 ../prueba3_bsp/\libhal_bsp.a(alt_iic_isr_register.o)
 .debug_loc     0x0000000000003341       0x72 ../prueba3_bsp/\libhal_bsp.a(alt_irq_handler.o)
 .debug_loc     0x00000000000033b3       0x37 ../prueba3_bsp/\libhal_bsp.a(alt_putstr.o)
 .debug_loc     0x00000000000033ea       0x21 ../prueba3_bsp/\libhal_bsp.a(alt_usleep.o)
 .debug_loc     0x000000000000340b       0xcf ../prueba3_bsp/\libhal_bsp.a(alt_write.o)
 .debug_loc     0x00000000000034da       0x51 ../prueba3_bsp/\libhal_bsp.a(alt_sys_init.o)
 .debug_loc     0x000000000000352b       0x8b ../prueba3_bsp/\libhal_bsp.a(altera_avalon_jtag_uart_write.o)
 .debug_loc     0x00000000000035b6      0x1e7 ../prueba3_bsp/\libhal_bsp.a(altera_up_avalon_video_character_buffer_with_dma.o)
 .debug_loc     0x000000000000379d       0x67 ../prueba3_bsp/\libhal_bsp.a(alt_busy_sleep.o)