Archive member included to satisfy reference by file (symbol)

d:/quartus18/nios2eds/bin/gnu/h-x86_64-mingw32/bin/../lib/gcc/nios2-elf/5.3.0/mno-hw-mul\libgcc.a(lib2-divmod.o)
                              obj/default/hello_world_small.o (__divsi3)
d:/quartus18/nios2eds/bin/gnu/h-x86_64-mingw32/bin/../lib/gcc/nios2-elf/5.3.0/../../../../../H-x86_64-mingw32/nios2-elf/lib/mno-hw-mul\libsmallc.a(lib_a-memcpy.o)
                              obj/default/hello_world_small.o (memcpy)
../soc_bsp/\libhal_bsp.a(alt_load.o)
                              ../soc_bsp//obj/HAL/src/crt0.o (alt_load)
../soc_bsp/\libhal_bsp.a(alt_main.o)
                              ../soc_bsp//obj/HAL/src/crt0.o (alt_main)
../soc_bsp/\libhal_bsp.a(alt_printf.o)
                              obj/default/hello_world_small.o (alt_printf)
../soc_bsp/\libhal_bsp.a(alt_putchar.o)
                              ../soc_bsp/\libhal_bsp.a(alt_printf.o) (alt_putchar)
../soc_bsp/\libhal_bsp.a(alt_putstr.o)
                              obj/default/hello_world_small.o (alt_putstr)
../soc_bsp/\libhal_bsp.a(alt_sys_init.o)
                              ../soc_bsp/\libhal_bsp.a(alt_main.o) (alt_irq_init)
../soc_bsp/\libhal_bsp.a(altera_avalon_jtag_uart_write.o)
                              ../soc_bsp/\libhal_bsp.a(alt_putchar.o) (altera_avalon_jtag_uart_write)
../soc_bsp/\libhal_bsp.a(alt_dcache_flush_all.o)
                              ../soc_bsp/\libhal_bsp.a(alt_load.o) (alt_dcache_flush_all)
../soc_bsp/\libhal_bsp.a(alt_icache_flush_all.o)
                              ../soc_bsp/\libhal_bsp.a(alt_load.o) (alt_icache_flush_all)
../soc_bsp/\libhal_bsp.a(altera_nios2_gen2_irq.o)
                              ../soc_bsp/\libhal_bsp.a(alt_sys_init.o) (altera_nios2_gen2_irq_init)
d:/quartus18/nios2eds/bin/gnu/h-x86_64-mingw32/bin/../lib/gcc/nios2-elf/5.3.0/../../../../../H-x86_64-mingw32/nios2-elf/lib/mno-hw-mul\libsmallc.a(lib_a-strlen.o)
                              ../soc_bsp/\libhal_bsp.a(alt_putstr.o) (strlen)

Memory Configuration

Name             Origin             Length             Attributes
reset            0x0000000000000000 0x0000000000000020
RAM              0x0000000000000020 0x0000000000001fe0
*default*        0x0000000000000000 0xffffffffffffffff

Linker script and memory map

LOAD ../soc_bsp//obj/HAL/src/crt0.o
LOAD obj/default/hello_world_small.o
LOAD d:/quartus18/nios2eds/bin/gnu/h-x86_64-mingw32/bin/../lib/gcc/nios2-elf/5.3.0/../../../../../H-x86_64-mingw32/nios2-elf/lib/mno-hw-mul\libstdc++.a
LOAD d:/quartus18/nios2eds/bin/gnu/h-x86_64-mingw32/bin/../lib/gcc/nios2-elf/5.3.0/../../../../../H-x86_64-mingw32/nios2-elf/lib/mno-hw-mul\libm.a
LOAD d:/quartus18/nios2eds/bin/gnu/h-x86_64-mingw32/bin/../lib/gcc/nios2-elf/5.3.0/mno-hw-mul\libgcc.a
START GROUP
LOAD d:/quartus18/nios2eds/bin/gnu/h-x86_64-mingw32/bin/../lib/gcc/nios2-elf/5.3.0/../../../../../H-x86_64-mingw32/nios2-elf/lib/mno-hw-mul\libsmallc.a
LOAD d:/quartus18/nios2eds/bin/gnu/h-x86_64-mingw32/bin/../lib/gcc/nios2-elf/5.3.0/mno-hw-mul\libgcc.a
LOAD ../soc_bsp/\libhal_bsp.a
LOAD d:/quartus18/nios2eds/bin/gnu/h-x86_64-mingw32/bin/../lib/gcc/nios2-elf/5.3.0/../../../../../H-x86_64-mingw32/nios2-elf/lib/mno-hw-mul\libm.a
END GROUP
LOAD d:/quartus18/nios2eds/bin/gnu/h-x86_64-mingw32/bin/../lib/gcc/nios2-elf/5.3.0/mno-hw-mul\libgcc.a
                0x0000000000000000                __alt_mem_RAM = 0x0

.entry          0x0000000000000000       0x20
 *(.entry)
 .entry         0x0000000000000000       0x20 ../soc_bsp//obj/HAL/src/crt0.o
                0x0000000000000000                __reset
                0x000000000000000c                _exit

.exceptions     0x0000000000000020        0x0
                0x0000000000000020                PROVIDE (__ram_exceptions_start, ABSOLUTE (.))
                0x0000000000000020                . = ALIGN (0x20)
 *(.irq)
 *(.exceptions.entry.label)
 *(.exceptions.entry.user)
 *(.exceptions.entry.ecc_fatal)
 *(.exceptions.entry)
 *(.exceptions.irqtest.user)
 *(.exceptions.irqtest)
 *(.exceptions.irqhandler.user)
 *(.exceptions.irqhandler)
 *(.exceptions.irqreturn.user)
 *(.exceptions.irqreturn)
 *(.exceptions.notirq.label)
 *(.exceptions.notirq.user)
 *(.exceptions.notirq)
 *(.exceptions.soft.user)
 *(.exceptions.soft)
 *(.exceptions.unknown.user)
 *(.exceptions.unknown)
 *(.exceptions.exit.label)
 *(.exceptions.exit.user)
 *(.exceptions.exit)
 *(.exceptions)
                0x0000000000000020                PROVIDE (__ram_exceptions_end, ABSOLUTE (.))
                0x0000000000000020                PROVIDE (__flash_exceptions_start, LOADADDR (.exceptions))

.text           0x0000000000000020      0x7a0
                [!provide]                        PROVIDE (stext, ABSOLUTE (.))
 *(.interp)
 *(.hash)
 *(.dynsym)
 *(.dynstr)
 *(.gnu.version)
 *(.gnu.version_d)
 *(.gnu.version_r)
 *(.rel.init)
 *(.rela.init)
 *(.rel.text .rel.text.* .rel.gnu.linkonce.t.*)
 *(.rela.text .rela.text.* .rela.gnu.linkonce.t.*)
 *(.rel.fini)
 *(.rela.fini)
 *(.rel.rodata .rel.rodata.* .rel.gnu.linkonce.r.*)
 *(.rela.rodata .rela.rodata.* .rela.gnu.linkonce.r.*)
 *(.rel.data .rel.data.* .rel.gnu.linkonce.d.*)
 *(.rela.data .rela.data.* .rela.gnu.linkonce.d.*)
 *(.rel.tdata .rel.tdata.* .rel.gnu.linkonce.td.*)
 *(.rela.tdata .rela.tdata.* .rela.gnu.linkonce.td.*)
 *(.rel.tbss .rel.tbss.* .rel.gnu.linkonce.tb.*)
 *(.rela.tbss .rela.tbss.* .rela.gnu.linkonce.tb.*)
 *(.rel.ctors)
 *(.rela.ctors)
 *(.rel.dtors)
 *(.rela.dtors)
 *(.rel.got)
 *(.rela.got)
 *(.rel.sdata .rel.sdata.* .rel.gnu.linkonce.s.*)
 *(.rela.sdata .rela.sdata.* .rela.gnu.linkonce.s.*)
 *(.rel.sbss .rel.sbss.* .rel.gnu.linkonce.sb.*)
 *(.rela.sbss .rela.sbss.* .rela.gnu.linkonce.sb.*)
 *(.rel.sdata2 .rel.sdata2.* .rel.gnu.linkonce.s2.*)
 *(.rela.sdata2 .rela.sdata2.* .rela.gnu.linkonce.s2.*)
 *(.rel.sbss2 .rel.sbss2.* .rel.gnu.linkonce.sb2.*)
 *(.rela.sbss2 .rela.sbss2.* .rela.gnu.linkonce.sb2.*)
 *(.rel.bss .rel.bss.* .rel.gnu.linkonce.b.*)
 *(.rela.bss .rela.bss.* .rela.gnu.linkonce.b.*)
 *(.rel.plt)
 *(.rela.plt)
 *(.rel.dyn)
 *(.init)
 *(.plt)
 *(.text .stub .text.* .gnu.linkonce.t.*)
 .text          0x0000000000000020       0x3c ../soc_bsp//obj/HAL/src/crt0.o
                0x0000000000000020                _start
 .text          0x000000000000005c       0xf8 obj/default/hello_world_small.o
                0x000000000000005c                display_time_4seg
 .text.startup  0x0000000000000154      0x110 obj/default/hello_world_small.o
                0x0000000000000154                main
 .text          0x0000000000000264      0x1b4 d:/quartus18/nios2eds/bin/gnu/h-x86_64-mingw32/bin/../lib/gcc/nios2-elf/5.3.0/mno-hw-mul\libgcc.a(lib2-divmod.o)
                0x0000000000000264                __divsi3
                0x00000000000002e8                __modsi3
                0x000000000000035c                __udivsi3
                0x00000000000003c0                __umodsi3
 .text          0x0000000000000418        0x0 d:/quartus18/nios2eds/bin/gnu/h-x86_64-mingw32/bin/../lib/gcc/nios2-elf/5.3.0/../../../../../H-x86_64-mingw32/nios2-elf/lib/mno-hw-mul\libsmallc.a(lib_a-memcpy.o)
 .text.memcpy   0x0000000000000418       0x28 d:/quartus18/nios2eds/bin/gnu/h-x86_64-mingw32/bin/../lib/gcc/nios2-elf/5.3.0/../../../../../H-x86_64-mingw32/nios2-elf/lib/mno-hw-mul\libsmallc.a(lib_a-memcpy.o)
                0x0000000000000418                memcpy
 .text          0x0000000000000440       0xe0 ../soc_bsp/\libhal_bsp.a(alt_load.o)
                0x0000000000000440                alt_load
 .text          0x0000000000000520       0x2c ../soc_bsp/\libhal_bsp.a(alt_main.o)
                0x0000000000000520                alt_main
 .text          0x000000000000054c      0x170 ../soc_bsp/\libhal_bsp.a(alt_printf.o)
                0x000000000000054c                alt_printf
 .text          0x00000000000006bc       0x48 ../soc_bsp/\libhal_bsp.a(alt_putchar.o)
                0x00000000000006bc                alt_putchar
 .text          0x0000000000000704       0x38 ../soc_bsp/\libhal_bsp.a(alt_putstr.o)
                0x0000000000000704                alt_putstr
 .text          0x000000000000073c       0x24 ../soc_bsp/\libhal_bsp.a(alt_sys_init.o)
                0x000000000000073c                alt_irq_init
                0x000000000000075c                alt_sys_init
 .text          0x0000000000000760       0x34 ../soc_bsp/\libhal_bsp.a(altera_avalon_jtag_uart_write.o)
                0x0000000000000760                altera_avalon_jtag_uart_write
 .text          0x0000000000000794        0x4 ../soc_bsp/\libhal_bsp.a(alt_dcache_flush_all.o)
                0x0000000000000794                alt_dcache_flush_all
 .text          0x0000000000000798        0x4 ../soc_bsp/\libhal_bsp.a(alt_icache_flush_all.o)
                0x0000000000000798                alt_icache_flush_all
 .text          0x000000000000079c        0x8 ../soc_bsp/\libhal_bsp.a(altera_nios2_gen2_irq.o)
                0x000000000000079c                altera_nios2_gen2_irq_init
 .text          0x00000000000007a4        0x0 d:/quartus18/nios2eds/bin/gnu/h-x86_64-mingw32/bin/../lib/gcc/nios2-elf/5.3.0/../../../../../H-x86_64-mingw32/nios2-elf/lib/mno-hw-mul\libsmallc.a(lib_a-strlen.o)
 .text.strlen   0x00000000000007a4       0x1c d:/quartus18/nios2eds/bin/gnu/h-x86_64-mingw32/bin/../lib/gcc/nios2-elf/5.3.0/../../../../../H-x86_64-mingw32/nios2-elf/lib/mno-hw-mul\libsmallc.a(lib_a-strlen.o)
                0x00000000000007a4                strlen
 *(.gnu.warning.*)
 *(.fini)
                [!provide]                        PROVIDE (__etext, ABSOLUTE (.))
                [!provide]                        PROVIDE (_etext, ABSOLUTE (.))
                [!provide]                        PROVIDE (etext, ABSOLUTE (.))
 *(.eh_frame_hdr)
                0x00000000000007c0                . = ALIGN (0x4)
                [!provide]                        PROVIDE (__preinit_array_start, ABSOLUTE (.))
 *(.preinit_array)
                [!provide]                        PROVIDE (__preinit_array_end, ABSOLUTE (.))
                [!provide]                        PROVIDE (__init_array_start, ABSOLUTE (.))
 *(.init_array)
                [!provide]                        PROVIDE (__init_array_end, ABSOLUTE (.))
                [!provide]                        PROVIDE (__fini_array_start, ABSOLUTE (.))
 *(.fini_array)
                [!provide]                        PROVIDE (__fini_array_end, ABSOLUTE (.))
 *(.eh_frame)
 *(.gcc_except_table .gcc_except_table.*)
 *(.dynamic)
                [!provide]                        PROVIDE (__CTOR_LIST__, ABSOLUTE (.))
 *(.ctors)
 *(SORT(.ctors.*))
                [!provide]                        PROVIDE (__CTOR_END__, ABSOLUTE (.))
                [!provide]                        PROVIDE (__DTOR_LIST__, ABSOLUTE (.))
 *(.dtors)
 *(SORT(.dtors.*))
                [!provide]                        PROVIDE (__DTOR_END__, ABSOLUTE (.))
 *(.jcr)
                0x00000000000007c0                . = ALIGN (0x4)

.rodata         0x00000000000007c0       0x98
                0x00000000000007c0                PROVIDE (__ram_rodata_start, ABSOLUTE (.))
                0x00000000000007c0                . = ALIGN (0x4)
 *(.rodata .rodata.* .gnu.linkonce.r.*)
 .rodata        0x00000000000007c0       0x28 obj/default/hello_world_small.o
 .rodata.str1.4
                0x00000000000007e8       0x70 obj/default/hello_world_small.o
 *(.rodata1)
                0x0000000000000858                . = ALIGN (0x4)
                0x0000000000000858                PROVIDE (__ram_rodata_end, ABSOLUTE (.))
                0x00000000000007c0                PROVIDE (__flash_rodata_start, LOADADDR (.rodata))

.rwdata         0x0000000000000858        0x4 load address 0x000000000000085c
                0x0000000000000858                PROVIDE (__ram_rwdata_start, ABSOLUTE (.))
                0x0000000000000858                . = ALIGN (0x4)
 *(.got.plt)
 *(.got)
 *(.data1)
 *(.data .data.* .gnu.linkonce.d.*)
 .data          0x0000000000000858        0x0 ../soc_bsp//obj/HAL/src/crt0.o
 .data          0x0000000000000858        0x0 obj/default/hello_world_small.o
 .data          0x0000000000000858        0x0 d:/quartus18/nios2eds/bin/gnu/h-x86_64-mingw32/bin/../lib/gcc/nios2-elf/5.3.0/mno-hw-mul\libgcc.a(lib2-divmod.o)
 .data          0x0000000000000858        0x0 d:/quartus18/nios2eds/bin/gnu/h-x86_64-mingw32/bin/../lib/gcc/nios2-elf/5.3.0/../../../../../H-x86_64-mingw32/nios2-elf/lib/mno-hw-mul\libsmallc.a(lib_a-memcpy.o)
 .data          0x0000000000000858        0x0 ../soc_bsp/\libhal_bsp.a(alt_load.o)
 .data          0x0000000000000858        0x0 ../soc_bsp/\libhal_bsp.a(alt_main.o)
 .data          0x0000000000000858        0x0 ../soc_bsp/\libhal_bsp.a(alt_printf.o)
 .data          0x0000000000000858        0x0 ../soc_bsp/\libhal_bsp.a(alt_putchar.o)
 .data          0x0000000000000858        0x0 ../soc_bsp/\libhal_bsp.a(alt_putstr.o)
 .data          0x0000000000000858        0x0 ../soc_bsp/\libhal_bsp.a(alt_sys_init.o)
 .data          0x0000000000000858        0x0 ../soc_bsp/\libhal_bsp.a(altera_avalon_jtag_uart_write.o)
 .data          0x0000000000000858        0x0 ../soc_bsp/\libhal_bsp.a(alt_dcache_flush_all.o)
 .data          0x0000000000000858        0x0 ../soc_bsp/\libhal_bsp.a(alt_icache_flush_all.o)
 .data          0x0000000000000858        0x0 ../soc_bsp/\libhal_bsp.a(altera_nios2_gen2_irq.o)
 .data          0x0000000000000858        0x0 d:/quartus18/nios2eds/bin/gnu/h-x86_64-mingw32/bin/../lib/gcc/nios2-elf/5.3.0/../../../../../H-x86_64-mingw32/nios2-elf/lib/mno-hw-mul\libsmallc.a(lib_a-strlen.o)
                0x0000000000008858                _gp = ABSOLUTE ((. + 0x8000))
                [!provide]                        PROVIDE (gp, _gp)
 *(.rwdata .rwdata.*)
 *(.sdata .sdata.* .gnu.linkonce.s.*)
 .sdata         0x0000000000000858        0x4 ../soc_bsp/\libhal_bsp.a(alt_sys_init.o)
                0x0000000000000858                UART
 *(.sdata2 .sdata2.* .gnu.linkonce.s2.*)
                0x000000000000085c                . = ALIGN (0x4)
                0x000000000000085c                _edata = ABSOLUTE (.)
                [!provide]                        PROVIDE (edata, ABSOLUTE (.))
                0x000000000000085c                PROVIDE (__ram_rwdata_end, ABSOLUTE (.))
                0x000000000000085c                PROVIDE (__flash_rwdata_start, LOADADDR (.rwdata))

.bss            0x0000000000000860        0xc
                0x0000000000000860                __bss_start = ABSOLUTE (.)
                [!provide]                        PROVIDE (__sbss_start, ABSOLUTE (.))
                [!provide]                        PROVIDE (___sbss_start, ABSOLUTE (.))
 *(.dynsbss)
 *(.sbss .sbss.* .gnu.linkonce.sb.*)
 .sbss          0x0000000000000860        0xc ../soc_bsp/\libhal_bsp.a(alt_main.o)
                0x0000000000000860                alt_envp
                0x0000000000000864                alt_argv
                0x0000000000000868                alt_argc
 *(.sbss2 .sbss2.* .gnu.linkonce.sb2.*)
 *(.scommon)
                [!provide]                        PROVIDE (__sbss_end, ABSOLUTE (.))
                [!provide]                        PROVIDE (___sbss_end, ABSOLUTE (.))
 *(.dynbss)
 *(.bss .bss.* .gnu.linkonce.b.*)
 .bss           0x000000000000086c        0x0 ../soc_bsp//obj/HAL/src/crt0.o
 .bss           0x000000000000086c        0x0 obj/default/hello_world_small.o
 .bss           0x000000000000086c        0x0 d:/quartus18/nios2eds/bin/gnu/h-x86_64-mingw32/bin/../lib/gcc/nios2-elf/5.3.0/mno-hw-mul\libgcc.a(lib2-divmod.o)
 .bss           0x000000000000086c        0x0 d:/quartus18/nios2eds/bin/gnu/h-x86_64-mingw32/bin/../lib/gcc/nios2-elf/5.3.0/../../../../../H-x86_64-mingw32/nios2-elf/lib/mno-hw-mul\libsmallc.a(lib_a-memcpy.o)
 .bss           0x000000000000086c        0x0 ../soc_bsp/\libhal_bsp.a(alt_load.o)
 .bss           0x000000000000086c        0x0 ../soc_bsp/\libhal_bsp.a(alt_main.o)
 .bss           0x000000000000086c        0x0 ../soc_bsp/\libhal_bsp.a(alt_printf.o)
 .bss           0x000000000000086c        0x0 ../soc_bsp/\libhal_bsp.a(alt_putchar.o)
 .bss           0x000000000000086c        0x0 ../soc_bsp/\libhal_bsp.a(alt_putstr.o)
 .bss           0x000000000000086c        0x0 ../soc_bsp/\libhal_bsp.a(alt_sys_init.o)
 .bss           0x000000000000086c        0x0 ../soc_bsp/\libhal_bsp.a(altera_avalon_jtag_uart_write.o)
 .bss           0x000000000000086c        0x0 ../soc_bsp/\libhal_bsp.a(alt_dcache_flush_all.o)
 .bss           0x000000000000086c        0x0 ../soc_bsp/\libhal_bsp.a(alt_icache_flush_all.o)
 .bss           0x000000000000086c        0x0 ../soc_bsp/\libhal_bsp.a(altera_nios2_gen2_irq.o)
 .bss           0x000000000000086c        0x0 d:/quartus18/nios2eds/bin/gnu/h-x86_64-mingw32/bin/../lib/gcc/nios2-elf/5.3.0/../../../../../H-x86_64-mingw32/nios2-elf/lib/mno-hw-mul\libsmallc.a(lib_a-strlen.o)
 *(COMMON)
                0x000000000000086c                . = ALIGN (0x4)
                0x000000000000086c                __bss_end = ABSOLUTE (.)

.RAM            0x000000000000086c        0x0
                [!provide]                        PROVIDE (_alt_partition_RAM_start, ABSOLUTE (.))
 *(.RAM .RAM. RAM.*)
                0x000000000000086c                . = ALIGN (0x4)
                [!provide]                        PROVIDE (_alt_partition_RAM_end, ABSOLUTE (.))
                0x000000000000086c                _end = ABSOLUTE (.)
                0x000000000000086c                end = ABSOLUTE (.)
                0x000000000000086c                __alt_stack_base = ABSOLUTE (.)
                [!provide]                        PROVIDE (_alt_partition_RAM_load_addr, LOADADDR (.RAM))

.stab
 *(.stab)

.stabstr
 *(.stabstr)

.stab.excl
 *(.stab.excl)

.stab.exclstr
 *(.stab.exclstr)

.stab.index
 *(.stab.index)

.stab.indexstr
 *(.stab.indexstr)

.comment        0x0000000000000000       0x23
 *(.comment)
 .comment       0x0000000000000000       0x23 obj/default/hello_world_small.o
                                         0x24 (size before relaxing)
 .comment       0x0000000000000023       0x24 d:/quartus18/nios2eds/bin/gnu/h-x86_64-mingw32/bin/../lib/gcc/nios2-elf/5.3.0/mno-hw-mul\libgcc.a(lib2-divmod.o)
 .comment       0x0000000000000023       0x24 d:/quartus18/nios2eds/bin/gnu/h-x86_64-mingw32/bin/../lib/gcc/nios2-elf/5.3.0/../../../../../H-x86_64-mingw32/nios2-elf/lib/mno-hw-mul\libsmallc.a(lib_a-memcpy.o)
 .comment       0x0000000000000023       0x24 ../soc_bsp/\libhal_bsp.a(alt_load.o)
 .comment       0x0000000000000023       0x24 ../soc_bsp/\libhal_bsp.a(alt_main.o)
 .comment       0x0000000000000023       0x24 ../soc_bsp/\libhal_bsp.a(alt_printf.o)
 .comment       0x0000000000000023       0x24 ../soc_bsp/\libhal_bsp.a(alt_putchar.o)
 .comment       0x0000000000000023       0x24 ../soc_bsp/\libhal_bsp.a(alt_putstr.o)
 .comment       0x0000000000000023       0x24 ../soc_bsp/\libhal_bsp.a(alt_sys_init.o)
 .comment       0x0000000000000023       0x24 ../soc_bsp/\libhal_bsp.a(altera_avalon_jtag_uart_write.o)
 .comment       0x0000000000000023       0x24 ../soc_bsp/\libhal_bsp.a(alt_dcache_flush_all.o)
 .comment       0x0000000000000023       0x24 ../soc_bsp/\libhal_bsp.a(alt_icache_flush_all.o)
 .comment       0x0000000000000023       0x24 ../soc_bsp/\libhal_bsp.a(altera_nios2_gen2_irq.o)
 .comment       0x0000000000000023       0x24 d:/quartus18/nios2eds/bin/gnu/h-x86_64-mingw32/bin/../lib/gcc/nios2-elf/5.3.0/../../../../../H-x86_64-mingw32/nios2-elf/lib/mno-hw-mul\libsmallc.a(lib_a-strlen.o)

.debug
 *(.debug)

.line
 *(.line)

.debug_srcinfo
 *(.debug_srcinfo)

.debug_sfnames
 *(.debug_sfnames)

.debug_aranges  0x0000000000000000      0x1f0
 *(.debug_aranges)
 .debug_aranges
                0x0000000000000000       0x28 ../soc_bsp//obj/HAL/src/crt0.o
 .debug_aranges
                0x0000000000000028       0x28 obj/default/hello_world_small.o
 .debug_aranges
                0x0000000000000050       0x20 d:/quartus18/nios2eds/bin/gnu/h-x86_64-mingw32/bin/../lib/gcc/nios2-elf/5.3.0/mno-hw-mul\libgcc.a(lib2-divmod.o)
 .debug_aranges
                0x0000000000000070       0x20 d:/quartus18/nios2eds/bin/gnu/h-x86_64-mingw32/bin/../lib/gcc/nios2-elf/5.3.0/../../../../../H-x86_64-mingw32/nios2-elf/lib/mno-hw-mul\libsmallc.a(lib_a-memcpy.o)
 .debug_aranges
                0x0000000000000090       0x20 ../soc_bsp/\libhal_bsp.a(alt_load.o)
 .debug_aranges
                0x00000000000000b0       0x20 ../soc_bsp/\libhal_bsp.a(alt_main.o)
 .debug_aranges
                0x00000000000000d0       0x20 ../soc_bsp/\libhal_bsp.a(alt_printf.o)
 .debug_aranges
                0x00000000000000f0       0x20 ../soc_bsp/\libhal_bsp.a(alt_putchar.o)
 .debug_aranges
                0x0000000000000110       0x20 ../soc_bsp/\libhal_bsp.a(alt_putstr.o)
 .debug_aranges
                0x0000000000000130       0x20 ../soc_bsp/\libhal_bsp.a(alt_sys_init.o)
 .debug_aranges
                0x0000000000000150       0x20 ../soc_bsp/\libhal_bsp.a(altera_avalon_jtag_uart_write.o)
 .debug_aranges
                0x0000000000000170       0x20 ../soc_bsp/\libhal_bsp.a(alt_dcache_flush_all.o)
 .debug_aranges
                0x0000000000000190       0x20 ../soc_bsp/\libhal_bsp.a(alt_icache_flush_all.o)
 .debug_aranges
                0x00000000000001b0       0x20 ../soc_bsp/\libhal_bsp.a(altera_nios2_gen2_irq.o)
 .debug_aranges
                0x00000000000001d0       0x20 d:/quartus18/nios2eds/bin/gnu/h-x86_64-mingw32/bin/../lib/gcc/nios2-elf/5.3.0/../../../../../H-x86_64-mingw32/nios2-elf/lib/mno-hw-mul\libsmallc.a(lib_a-strlen.o)

.debug_pubnames
 *(.debug_pubnames)

.debug_info     0x0000000000000000     0x13cb
 *(.debug_info .gnu.linkonce.wi.*)
 .debug_info    0x0000000000000000       0x76 ../soc_bsp//obj/HAL/src/crt0.o
 .debug_info    0x0000000000000076      0x268 obj/default/hello_world_small.o
 .debug_info    0x00000000000002de      0x2c6 d:/quartus18/nios2eds/bin/gnu/h-x86_64-mingw32/bin/../lib/gcc/nios2-elf/5.3.0/mno-hw-mul\libgcc.a(lib2-divmod.o)
 .debug_info    0x00000000000005a4      0x119 d:/quartus18/nios2eds/bin/gnu/h-x86_64-mingw32/bin/../lib/gcc/nios2-elf/5.3.0/../../../../../H-x86_64-mingw32/nios2-elf/lib/mno-hw-mul\libsmallc.a(lib_a-memcpy.o)
 .debug_info    0x00000000000006bd      0x1c9 ../soc_bsp/\libhal_bsp.a(alt_load.o)
 .debug_info    0x0000000000000886      0x18f ../soc_bsp/\libhal_bsp.a(alt_main.o)
 .debug_info    0x0000000000000a15      0x14d ../soc_bsp/\libhal_bsp.a(alt_printf.o)
 .debug_info    0x0000000000000b62      0x12a ../soc_bsp/\libhal_bsp.a(alt_putchar.o)
 .debug_info    0x0000000000000c8c      0x13a ../soc_bsp/\libhal_bsp.a(alt_putstr.o)
 .debug_info    0x0000000000000dc6      0x1b3 ../soc_bsp/\libhal_bsp.a(alt_sys_init.o)
 .debug_info    0x0000000000000f79      0x1ad ../soc_bsp/\libhal_bsp.a(altera_avalon_jtag_uart_write.o)
 .debug_info    0x0000000000001126       0x92 ../soc_bsp/\libhal_bsp.a(alt_dcache_flush_all.o)
 .debug_info    0x00000000000011b8       0x92 ../soc_bsp/\libhal_bsp.a(alt_icache_flush_all.o)
 .debug_info    0x000000000000124a       0xb8 ../soc_bsp/\libhal_bsp.a(altera_nios2_gen2_irq.o)
 .debug_info    0x0000000000001302       0xc9 d:/quartus18/nios2eds/bin/gnu/h-x86_64-mingw32/bin/../lib/gcc/nios2-elf/5.3.0/../../../../../H-x86_64-mingw32/nios2-elf/lib/mno-hw-mul\libsmallc.a(lib_a-strlen.o)

.debug_abbrev   0x0000000000000000      0xa5d
 *(.debug_abbrev)
 .debug_abbrev  0x0000000000000000       0x12 ../soc_bsp//obj/HAL/src/crt0.o
 .debug_abbrev  0x0000000000000012      0x10d obj/default/hello_world_small.o
 .debug_abbrev  0x000000000000011f      0x10e d:/quartus18/nios2eds/bin/gnu/h-x86_64-mingw32/bin/../lib/gcc/nios2-elf/5.3.0/mno-hw-mul\libgcc.a(lib2-divmod.o)
 .debug_abbrev  0x000000000000022d       0x9c d:/quartus18/nios2eds/bin/gnu/h-x86_64-mingw32/bin/../lib/gcc/nios2-elf/5.3.0/../../../../../H-x86_64-mingw32/nios2-elf/lib/mno-hw-mul\libsmallc.a(lib_a-memcpy.o)
 .debug_abbrev  0x00000000000002c9       0xd8 ../soc_bsp/\libhal_bsp.a(alt_load.o)
 .debug_abbrev  0x00000000000003a1       0xf5 ../soc_bsp/\libhal_bsp.a(alt_main.o)
 .debug_abbrev  0x0000000000000496       0xd5 ../soc_bsp/\libhal_bsp.a(alt_printf.o)
 .debug_abbrev  0x000000000000056b       0xd2 ../soc_bsp/\libhal_bsp.a(alt_putchar.o)
 .debug_abbrev  0x000000000000063d       0xd3 ../soc_bsp/\libhal_bsp.a(alt_putstr.o)
 .debug_abbrev  0x0000000000000710      0x10e ../soc_bsp/\libhal_bsp.a(alt_sys_init.o)
 .debug_abbrev  0x000000000000081e       0xd5 ../soc_bsp/\libhal_bsp.a(altera_avalon_jtag_uart_write.o)
 .debug_abbrev  0x00000000000008f3       0x42 ../soc_bsp/\libhal_bsp.a(alt_dcache_flush_all.o)
 .debug_abbrev  0x0000000000000935       0x42 ../soc_bsp/\libhal_bsp.a(alt_icache_flush_all.o)
 .debug_abbrev  0x0000000000000977       0x67 ../soc_bsp/\libhal_bsp.a(altera_nios2_gen2_irq.o)
 .debug_abbrev  0x00000000000009de       0x7f d:/quartus18/nios2eds/bin/gnu/h-x86_64-mingw32/bin/../lib/gcc/nios2-elf/5.3.0/../../../../../H-x86_64-mingw32/nios2-elf/lib/mno-hw-mul\libsmallc.a(lib_a-strlen.o)

.debug_line     0x0000000000000000      0xbc3
 *(.debug_line)
 .debug_line    0x0000000000000000       0x66 ../soc_bsp//obj/HAL/src/crt0.o
 .debug_line    0x0000000000000066       0xc3 obj/default/hello_world_small.o
 .debug_line    0x0000000000000129      0x105 d:/quartus18/nios2eds/bin/gnu/h-x86_64-mingw32/bin/../lib/gcc/nios2-elf/5.3.0/mno-hw-mul\libgcc.a(lib2-divmod.o)
 .debug_line    0x000000000000022e      0x15e d:/quartus18/nios2eds/bin/gnu/h-x86_64-mingw32/bin/../lib/gcc/nios2-elf/5.3.0/../../../../../H-x86_64-mingw32/nios2-elf/lib/mno-hw-mul\libsmallc.a(lib_a-memcpy.o)
 .debug_line    0x000000000000038c       0xa4 ../soc_bsp/\libhal_bsp.a(alt_load.o)
 .debug_line    0x0000000000000430       0xea ../soc_bsp/\libhal_bsp.a(alt_main.o)
 .debug_line    0x000000000000051a      0x108 ../soc_bsp/\libhal_bsp.a(alt_printf.o)
 .debug_line    0x0000000000000622       0x55 ../soc_bsp/\libhal_bsp.a(alt_putchar.o)
 .debug_line    0x0000000000000677       0x96 ../soc_bsp/\libhal_bsp.a(alt_putstr.o)
 .debug_line    0x000000000000070d      0x12e ../soc_bsp/\libhal_bsp.a(alt_sys_init.o)
 .debug_line    0x000000000000083b      0x104 ../soc_bsp/\libhal_bsp.a(altera_avalon_jtag_uart_write.o)
 .debug_line    0x000000000000093f       0x4e ../soc_bsp/\libhal_bsp.a(alt_dcache_flush_all.o)
 .debug_line    0x000000000000098d       0x4e ../soc_bsp/\libhal_bsp.a(alt_icache_flush_all.o)
 .debug_line    0x00000000000009db       0x8c ../soc_bsp/\libhal_bsp.a(altera_nios2_gen2_irq.o)
 .debug_line    0x0000000000000a67      0x15c d:/quartus18/nios2eds/bin/gnu/h-x86_64-mingw32/bin/../lib/gcc/nios2-elf/5.3.0/../../../../../H-x86_64-mingw32/nios2-elf/lib/mno-hw-mul\libsmallc.a(lib_a-strlen.o)

.debug_frame    0x0000000000000000      0x2d0
 *(.debug_frame)
 .debug_frame   0x0000000000000000       0x74 obj/default/hello_world_small.o
 .debug_frame   0x0000000000000074       0x50 d:/quartus18/nios2eds/bin/gnu/h-x86_64-mingw32/bin/../lib/gcc/nios2-elf/5.3.0/mno-hw-mul\libgcc.a(lib2-divmod.o)
 .debug_frame   0x00000000000000c4       0x20 d:/quartus18/nios2eds/bin/gnu/h-x86_64-mingw32/bin/../lib/gcc/nios2-elf/5.3.0/../../../../../H-x86_64-mingw32/nios2-elf/lib/mno-hw-mul\libsmallc.a(lib_a-memcpy.o)
 .debug_frame   0x00000000000000e4       0x30 ../soc_bsp/\libhal_bsp.a(alt_load.o)
 .debug_frame   0x0000000000000114       0x2c ../soc_bsp/\libhal_bsp.a(alt_main.o)
 .debug_frame   0x0000000000000140       0x54 ../soc_bsp/\libhal_bsp.a(alt_printf.o)
 .debug_frame   0x0000000000000194       0x30 ../soc_bsp/\libhal_bsp.a(alt_putchar.o)
 .debug_frame   0x00000000000001c4       0x30 ../soc_bsp/\libhal_bsp.a(alt_putstr.o)
 .debug_frame   0x00000000000001f4       0x3c ../soc_bsp/\libhal_bsp.a(alt_sys_init.o)
 .debug_frame   0x0000000000000230       0x20 ../soc_bsp/\libhal_bsp.a(altera_avalon_jtag_uart_write.o)
 .debug_frame   0x0000000000000250       0x20 ../soc_bsp/\libhal_bsp.a(alt_dcache_flush_all.o)
 .debug_frame   0x0000000000000270       0x20 ../soc_bsp/\libhal_bsp.a(alt_icache_flush_all.o)
 .debug_frame   0x0000000000000290       0x20 ../soc_bsp/\libhal_bsp.a(altera_nios2_gen2_irq.o)
 .debug_frame   0x00000000000002b0       0x20 d:/quartus18/nios2eds/bin/gnu/h-x86_64-mingw32/bin/../lib/gcc/nios2-elf/5.3.0/../../../../../H-x86_64-mingw32/nios2-elf/lib/mno-hw-mul\libsmallc.a(lib_a-strlen.o)

.debug_str      0x0000000000000000      0x8f6
 *(.debug_str)
 .debug_str     0x0000000000000000      0x157 obj/default/hello_world_small.o
                                        0x169 (size before relaxing)
 .debug_str     0x0000000000000157      0x1b2 d:/quartus18/nios2eds/bin/gnu/h-x86_64-mingw32/bin/../lib/gcc/nios2-elf/5.3.0/mno-hw-mul\libgcc.a(lib2-divmod.o)
                                        0x1d2 (size before relaxing)
 .debug_str     0x0000000000000309      0x17f d:/quartus18/nios2eds/bin/gnu/h-x86_64-mingw32/bin/../lib/gcc/nios2-elf/5.3.0/../../../../../H-x86_64-mingw32/nios2-elf/lib/mno-hw-mul\libsmallc.a(lib_a-memcpy.o)
                                        0x1f3 (size before relaxing)
 .debug_str     0x0000000000000488      0x15d ../soc_bsp/\libhal_bsp.a(alt_load.o)
                                        0x244 (size before relaxing)
 .debug_str     0x00000000000005e5       0xb0 ../soc_bsp/\libhal_bsp.a(alt_main.o)
                                        0x1e6 (size before relaxing)
 .debug_str     0x0000000000000695       0x59 ../soc_bsp/\libhal_bsp.a(alt_printf.o)
                                        0x10e (size before relaxing)
 .debug_str     0x00000000000006ee       0x59 ../soc_bsp/\libhal_bsp.a(alt_putchar.o)
                                        0x18e (size before relaxing)
 .debug_str     0x0000000000000747       0x1c ../soc_bsp/\libhal_bsp.a(alt_putstr.o)
                                        0x193 (size before relaxing)
 .debug_str     0x0000000000000763       0xb9 ../soc_bsp/\libhal_bsp.a(alt_sys_init.o)
                                        0x280 (size before relaxing)
 .debug_str     0x000000000000081c       0x3f ../soc_bsp/\libhal_bsp.a(altera_avalon_jtag_uart_write.o)
                                        0x23e (size before relaxing)
 .debug_str     0x000000000000085b       0x1f ../soc_bsp/\libhal_bsp.a(alt_dcache_flush_all.o)
                                        0x15d (size before relaxing)
 .debug_str     0x000000000000087a       0x1f ../soc_bsp/\libhal_bsp.a(alt_icache_flush_all.o)
                                        0x15d (size before relaxing)
 .debug_str     0x0000000000000899       0x20 ../soc_bsp/\libhal_bsp.a(altera_nios2_gen2_irq.o)
                                        0x18d (size before relaxing)
 .debug_str     0x00000000000008b9       0x3d d:/quartus18/nios2eds/bin/gnu/h-x86_64-mingw32/bin/../lib/gcc/nios2-elf/5.3.0/../../../../../H-x86_64-mingw32/nios2-elf/lib/mno-hw-mul\libsmallc.a(lib_a-strlen.o)
                                        0x1e5 (size before relaxing)

.debug_loc      0x0000000000000000      0xb6d
 *(.debug_loc)
 .debug_loc     0x0000000000000000      0x25f obj/default/hello_world_small.o
 .debug_loc     0x000000000000025f      0x4ce d:/quartus18/nios2eds/bin/gnu/h-x86_64-mingw32/bin/../lib/gcc/nios2-elf/5.3.0/mno-hw-mul\libgcc.a(lib2-divmod.o)
 .debug_loc     0x000000000000072d      0x135 d:/quartus18/nios2eds/bin/gnu/h-x86_64-mingw32/bin/../lib/gcc/nios2-elf/5.3.0/../../../../../H-x86_64-mingw32/nios2-elf/lib/mno-hw-mul\libsmallc.a(lib_a-memcpy.o)
 .debug_loc     0x0000000000000862      0x1de ../soc_bsp/\libhal_bsp.a(alt_printf.o)
 .debug_loc     0x0000000000000a40       0x2c ../soc_bsp/\libhal_bsp.a(alt_putchar.o)
 .debug_loc     0x0000000000000a6c       0x37 ../soc_bsp/\libhal_bsp.a(alt_putstr.o)
 .debug_loc     0x0000000000000aa3       0x21 ../soc_bsp/\libhal_bsp.a(alt_sys_init.o)
 .debug_loc     0x0000000000000ac4       0x8b ../soc_bsp/\libhal_bsp.a(altera_avalon_jtag_uart_write.o)
 .debug_loc     0x0000000000000b4f       0x1e d:/quartus18/nios2eds/bin/gnu/h-x86_64-mingw32/bin/../lib/gcc/nios2-elf/5.3.0/../../../../../H-x86_64-mingw32/nios2-elf/lib/mno-hw-mul\libsmallc.a(lib_a-strlen.o)

.debug_macinfo
 *(.debug_macinfo)

.debug_weaknames
 *(.debug_weaknames)

.debug_funcnames
 *(.debug_funcnames)

.debug_typenames
 *(.debug_typenames)

.debug_varnames
 *(.debug_varnames)

.debug_alt_sim_info
                0x0000000000000000       0x10
 *(.debug_alt_sim_info)
 .debug_alt_sim_info
                0x0000000000000000       0x10 ../soc_bsp//obj/HAL/src/crt0.o
                0x0000000000002000                __alt_data_end = 0x2000
                0x0000000000002000                PROVIDE (__alt_stack_pointer, __alt_data_end)
                [!provide]                        PROVIDE (__alt_stack_limit, __alt_stack_base)
                [!provide]                        PROVIDE (__alt_heap_start, end)
                [!provide]                        PROVIDE (__alt_heap_limit, 0x2000)
OUTPUT(soc.elf elf32-littlenios2)

.debug_ranges   0x0000000000000000      0x118
 .debug_ranges  0x0000000000000000       0x20 ../soc_bsp//obj/HAL/src/crt0.o
 .debug_ranges  0x0000000000000020       0x18 obj/default/hello_world_small.o
 .debug_ranges  0x0000000000000038       0x60 d:/quartus18/nios2eds/bin/gnu/h-x86_64-mingw32/bin/../lib/gcc/nios2-elf/5.3.0/mno-hw-mul\libgcc.a(lib2-divmod.o)
 .debug_ranges  0x0000000000000098       0x10 d:/quartus18/nios2eds/bin/gnu/h-x86_64-mingw32/bin/../lib/gcc/nios2-elf/5.3.0/../../../../../H-x86_64-mingw32/nios2-elf/lib/mno-hw-mul\libsmallc.a(lib_a-memcpy.o)
 .debug_ranges  0x00000000000000a8       0x48 ../soc_bsp/\libhal_bsp.a(alt_load.o)
 .debug_ranges  0x00000000000000f0       0x18 ../soc_bsp/\libhal_bsp.a(alt_printf.o)
 .debug_ranges  0x0000000000000108       0x10 d:/quartus18/nios2eds/bin/gnu/h-x86_64-mingw32/bin/../lib/gcc/nios2-elf/5.3.0/../../../../../H-x86_64-mingw32/nios2-elf/lib/mno-hw-mul\libsmallc.a(lib_a-strlen.o)
