Flow report for SystemOnChip
Wed Dec 03 07:56:34 2025
Quartus Prime Version 18.0.0 Build 614 04/24/2018 SJ Lite Edition


---------------------
; Table of Contents ;
---------------------
  1. Legal Notice
  2. Flow Summary
  3. Flow Settings
  4. Flow Non-Default Global Settings
  5. Flow Elapsed Time
  6. Flow OS Summary
  7. Flow Log
  8. Flow Messages
  9. Flow Suppressed Messages



----------------
; Legal Notice ;
----------------
Copyright (C) 2018  Intel Corporation. All rights reserved.
Your use of Intel Corporation's design tools, logic functions 
and other software and tools, and its AMPP partner logic 
functions, and any output files from any of the foregoing 
(including device programming or simulation files), and any 
associated documentation or information are expressly subject 
to the terms and conditions of the Intel Program License 
Subscription Agreement, the Intel Quartus Prime License Agreement,
the Intel FPGA IP License Agreement, or other applicable license
agreement, including, without limitation, that your use is for
the sole purpose of programming logic devices manufactured by
Intel and sold by Intel or its authorized distributors.  Please
refer to the applicable agreement for further details.



+-------------------------------------------------------------------------------+
; Flow Summary                                                                  ;
+---------------------------------+---------------------------------------------+
; Flow Status                     ; Successful - Wed Dec 03 07:56:11 2025       ;
; Quartus Prime Version           ; 18.0.0 Build 614 04/24/2018 SJ Lite Edition ;
; Revision Name                   ; SystemOnChip                                ;
; Top-level Entity Name           ; system_on_chip                              ;
; Family                          ; Cyclone V                                   ;
; Device                          ; 5CSEMA5F31C6                                ;
; Timing Models                   ; Final                                       ;
; Logic utilization (in ALMs)     ; 2,353 / 32,070 ( 7 % )                      ;
; Total registers                 ; 3583                                        ;
; Total pins                      ; 118 / 457 ( 26 % )                          ;
; Total virtual pins              ; 0                                           ;
; Total block memory bits         ; 217,088 / 4,065,280 ( 5 % )                 ;
; Total DSP Blocks                ; 0 / 87 ( 0 % )                              ;
; Total HSSI RX PCSs              ; 0                                           ;
; Total HSSI PMA RX Deserializers ; 0                                           ;
; Total HSSI TX PCSs              ; 0                                           ;
; Total HSSI PMA TX Serializers   ; 0                                           ;
; Total PLLs                      ; 2 / 6 ( 33 % )                              ;
; Total DLLs                      ; 1 / 4 ( 25 % )                              ;
+---------------------------------+---------------------------------------------+


+-----------------------------------------+
; Flow Settings                           ;
+-------------------+---------------------+
; Option            ; Setting             ;
+-------------------+---------------------+
; Start date & time ; 12/03/2025 07:49:18 ;
; Main task         ; Compilation         ;
; Revision Name     ; SystemOnChip        ;
+-------------------+---------------------+


+--------------------------------------------------------------------------------------------------------------------------------------------------------------------------------------+
; Flow Non-Default Global Settings                                                                                                                                                     ;
+---------------------------------------+------------------------------------------------------------------------------+---------------+----------------------------------+------------+
; Assignment Name                       ; Value                                                                        ; Default Value ; Entity Name                      ; Section Id ;
+---------------------------------------+------------------------------------------------------------------------------+---------------+----------------------------------+------------+
; COMPILER_SIGNATURE_ID                 ; 42549057552815.176476975426476                                               ; --            ; --                               ; --         ;
; ECO_REGENERATE_REPORT                 ; On                                                                           ; Off           ; --                               ; --         ;
; HPS_ISW_FILE                          ; system_on_chip/synthesis/submodules/sequencer/alt_types.pre.h                ; --            ; system_on_chip_ARM_hps_io_border ; --         ;
; HPS_ISW_FILE                          ; system_on_chip/synthesis/submodules/sequencer/emif.pre.xml                   ; --            ; system_on_chip_ARM_hps_io_border ; --         ;
; HPS_ISW_FILE                          ; system_on_chip/synthesis/submodules/sequencer/sdram_io.pre.h                 ; --            ; system_on_chip_ARM_hps_io_border ; --         ;
; HPS_ISW_FILE                          ; system_on_chip/synthesis/submodules/sequencer/sequencer.pre.c                ; --            ; system_on_chip_ARM_hps_io_border ; --         ;
; HPS_ISW_FILE                          ; system_on_chip/synthesis/submodules/sequencer/sequencer.pre.h                ; --            ; system_on_chip_ARM_hps_io_border ; --         ;
; HPS_ISW_FILE                          ; system_on_chip/synthesis/submodules/sequencer/sequencer_auto.pre.h           ; --            ; system_on_chip_ARM_hps_io_border ; --         ;
; HPS_ISW_FILE                          ; system_on_chip/synthesis/submodules/sequencer/sequencer_auto_ac_init.pre.c   ; --            ; system_on_chip_ARM_hps_io_border ; --         ;
; HPS_ISW_FILE                          ; system_on_chip/synthesis/submodules/sequencer/sequencer_auto_inst_init.pre.c ; --            ; system_on_chip_ARM_hps_io_border ; --         ;
; HPS_ISW_FILE                          ; system_on_chip/synthesis/submodules/sequencer/sequencer_defines.pre.h        ; --            ; system_on_chip_ARM_hps_io_border ; --         ;
; HPS_ISW_FILE                          ; system_on_chip/synthesis/submodules/sequencer/system.pre.h                   ; --            ; system_on_chip_ARM_hps_io_border ; --         ;
; HPS_ISW_FILE                          ; system_on_chip/synthesis/submodules/sequencer/tclrpt.pre.c                   ; --            ; system_on_chip_ARM_hps_io_border ; --         ;
; HPS_ISW_FILE                          ; system_on_chip/synthesis/submodules/sequencer/tclrpt.pre.h                   ; --            ; system_on_chip_ARM_hps_io_border ; --         ;
; HPS_ISW_FILE                          ; system_on_chip/synthesis/submodules/hps.pre.xml                              ; --            ; system_on_chip_ARM_hps_io_border ; --         ;
; HPS_PARTITION                         ; On                                                                           ; --            ; system_on_chip_ARM_hps_io_border ; --         ;
; MAX_CORE_JUNCTION_TEMP                ; 85                                                                           ; --            ; --                               ; --         ;
; MIN_CORE_JUNCTION_TEMP                ; 0                                                                            ; --            ; --                               ; --         ;
; MISC_FILE                             ; system_on_chip/synthesis/../system_on_chip.cmp                               ; --            ; --                               ; --         ;
; MISC_FILE                             ; system_on_chip/synthesis/../../output_files/C                                ; --            ; --                               ; --         ;
; MISC_FILE                             ; system_on_chip/synthesis/system_on_chip_ARM_hps.svd                          ; --            ; --                               ; --         ;
; MISC_FILE                             ; system_on_chip/synthesis/../../system_on_chip.qsys                           ; --            ; --                               ; --         ;
; MISC_FILE                             ; system_on_chip/synthesis/submodules/sequencer/alt_types.pre.h                ; --            ; --                               ; --         ;
; MISC_FILE                             ; system_on_chip/synthesis/submodules/sequencer/emif.pre.xml                   ; --            ; --                               ; --         ;
; MISC_FILE                             ; system_on_chip/synthesis/submodules/sequencer/sdram_io.pre.h                 ; --            ; --                               ; --         ;
; MISC_FILE                             ; system_on_chip/synthesis/submodules/sequencer/sequencer.pre.c                ; --            ; --                               ; --         ;
; MISC_FILE                             ; system_on_chip/synthesis/submodules/sequencer/sequencer.pre.h                ; --            ; --                               ; --         ;
; MISC_FILE                             ; system_on_chip/synthesis/submodules/sequencer/sequencer_auto.pre.h           ; --            ; --                               ; --         ;
; MISC_FILE                             ; system_on_chip/synthesis/submodules/sequencer/sequencer_auto_ac_init.pre.c   ; --            ; --                               ; --         ;
; MISC_FILE                             ; system_on_chip/synthesis/submodules/sequencer/sequencer_auto_inst_init.pre.c ; --            ; --                               ; --         ;
; MISC_FILE                             ; system_on_chip/synthesis/submodules/sequencer/sequencer_defines.pre.h        ; --            ; --                               ; --         ;
; MISC_FILE                             ; system_on_chip/synthesis/submodules/sequencer/system.pre.h                   ; --            ; --                               ; --         ;
; MISC_FILE                             ; system_on_chip/synthesis/submodules/sequencer/tclrpt.pre.c                   ; --            ; --                               ; --         ;
; MISC_FILE                             ; system_on_chip/synthesis/submodules/sequencer/tclrpt.pre.h                   ; --            ; --                               ; --         ;
; MISC_FILE                             ; system_on_chip/synthesis/submodules/hps.pre.xml                              ; --            ; --                               ; --         ;
; PARTITION_COLOR                       ; -- (Not supported for targeted family)                                       ; --            ; system_on_chip                   ; Top        ;
; PARTITION_FITTER_PRESERVATION_LEVEL   ; -- (Not supported for targeted family)                                       ; --            ; system_on_chip                   ; Top        ;
; PARTITION_NETLIST_TYPE                ; -- (Not supported for targeted family)                                       ; --            ; system_on_chip                   ; Top        ;
; POWER_BOARD_THERMAL_MODEL             ; None (CONSERVATIVE)                                                          ; --            ; --                               ; --         ;
; POWER_PRESET_COOLING_SOLUTION         ; 23 MM HEAT SINK WITH 200 LFPM AIRFLOW                                        ; --            ; --                               ; --         ;
; PROJECT_OUTPUT_DIRECTORY              ; output_files                                                                 ; --            ; --                               ; --         ;
; SLD_FILE                              ; system_on_chip/synthesis/system_on_chip.regmap                               ; --            ; --                               ; --         ;
; SLD_FILE                              ; system_on_chip/synthesis/system_on_chip.debuginfo                            ; --            ; --                               ; --         ;
; SLD_INFO                              ; QSYS_NAME system_on_chip HAS_SOPCINFO 1 GENERATION_ID 1764769585             ; --            ; system_on_chip                   ; --         ;
; SOPCINFO_FILE                         ; system_on_chip/synthesis/../../system_on_chip.sopcinfo                       ; --            ; --                               ; --         ;
; SYNTHESIS_ONLY_QIP                    ; On                                                                           ; --            ; --                               ; --         ;
; TOP_LEVEL_ENTITY                      ; system_on_chip                                                               ; SystemOnChip  ; --                               ; --         ;
; USE_DLL_FREQUENCY_FOR_DQS_DELAY_CHAIN ; On                                                                           ; Off           ; --                               ; --         ;
+---------------------------------------+------------------------------------------------------------------------------+---------------+----------------------------------+------------+


+--------------------------------------------------------------------------------------------------------------------------+
; Flow Elapsed Time                                                                                                        ;
+----------------------+--------------+-------------------------+---------------------+------------------------------------+
; Module Name          ; Elapsed Time ; Average Processors Used ; Peak Virtual Memory ; Total CPU Time (on all processors) ;
+----------------------+--------------+-------------------------+---------------------+------------------------------------+
; Analysis & Synthesis ; 00:01:04     ; 1.0                     ; 5290 MB             ; 00:01:04                           ;
; Fitter               ; 00:03:21     ; 1.1                     ; 8342 MB             ; 00:16:13                           ;
; Assembler            ; 00:00:08     ; 1.0                     ; 4931 MB             ; 00:00:08                           ;
; Timing Analyzer      ; 00:00:22     ; 1.7                     ; 5806 MB             ; 00:00:30                           ;
; Total                ; 00:04:55     ; --                      ; --                  ; 00:17:55                           ;
+----------------------+--------------+-------------------------+---------------------+------------------------------------+


+------------------------------------------------------------------------------------+
; Flow OS Summary                                                                    ;
+----------------------+------------------+------------+------------+----------------+
; Module Name          ; Machine Hostname ; OS Name    ; OS Version ; Processor type ;
+----------------------+------------------+------------+------------+----------------+
; Analysis & Synthesis ; Emilio           ; Windows 10 ; 10.0       ; x86_64         ;
; Fitter               ; Emilio           ; Windows 10 ; 10.0       ; x86_64         ;
; Assembler            ; Emilio           ; Windows 10 ; 10.0       ; x86_64         ;
; Timing Analyzer      ; Emilio           ; Windows 10 ; 10.0       ; x86_64         ;
+----------------------+------------------+------------+------------+----------------+


------------
; Flow Log ;
------------
quartus_map --read_settings_files=on --write_settings_files=off SystemOnChip -c SystemOnChip
quartus_fit --read_settings_files=off --write_settings_files=off SystemOnChip -c SystemOnChip
quartus_asm --read_settings_files=off --write_settings_files=off SystemOnChip -c SystemOnChip
quartus_sta SystemOnChip -c SystemOnChip



