Archive member included to satisfy reference by file (symbol)

c:/intelfpga_lite/18.0/nios2eds/bin/gnu/h-x86_64-mingw32/bin/../lib/gcc/nios2-elf/5.3.0/mno-hw-mul\libgcc.a(lib2-divmod.o)
                              obj/default/hello_world_small.o (__divsi3)
c:/intelfpga_lite/18.0/nios2eds/bin/gnu/h-x86_64-mingw32/bin/../lib/gcc/nios2-elf/5.3.0/../../../../../H-x86_64-mingw32/nios2-elf/lib/mno-hw-mul\libsmallc.a(lib_a-memcpy.o)
                              obj/default/hello_world_small.o (memcpy)
../7_segment_bsp/\libhal_bsp.a(alt_load.o)
                              ../7_segment_bsp//obj/HAL/src/crt0.o (alt_load)
../7_segment_bsp/\libhal_bsp.a(alt_main.o)
                              ../7_segment_bsp//obj/HAL/src/crt0.o (alt_main)
../7_segment_bsp/\libhal_bsp.a(alt_printf.o)
                              obj/default/hello_world_small.o (alt_printf)
../7_segment_bsp/\libhal_bsp.a(alt_putchar.o)
                              ../7_segment_bsp/\libhal_bsp.a(alt_printf.o) (alt_putchar)
../7_segment_bsp/\libhal_bsp.a(alt_putstr.o)
                              obj/default/hello_world_small.o (alt_putstr)
../7_segment_bsp/\libhal_bsp.a(alt_sys_init.o)
                              ../7_segment_bsp/\libhal_bsp.a(alt_main.o) (alt_irq_init)
../7_segment_bsp/\libhal_bsp.a(altera_avalon_jtag_uart_write.o)
                              ../7_segment_bsp/\libhal_bsp.a(alt_putchar.o) (altera_avalon_jtag_uart_write)
../7_segment_bsp/\libhal_bsp.a(alt_dcache_flush_all.o)
                              ../7_segment_bsp/\libhal_bsp.a(alt_load.o) (alt_dcache_flush_all)
../7_segment_bsp/\libhal_bsp.a(alt_icache_flush_all.o)
                              ../7_segment_bsp/\libhal_bsp.a(alt_load.o) (alt_icache_flush_all)
../7_segment_bsp/\libhal_bsp.a(altera_nios2_gen2_irq.o)
                              ../7_segment_bsp/\libhal_bsp.a(alt_sys_init.o) (altera_nios2_gen2_irq_init)
c:/intelfpga_lite/18.0/nios2eds/bin/gnu/h-x86_64-mingw32/bin/../lib/gcc/nios2-elf/5.3.0/../../../../../H-x86_64-mingw32/nios2-elf/lib/mno-hw-mul\libsmallc.a(lib_a-strlen.o)
                              ../7_segment_bsp/\libhal_bsp.a(alt_putstr.o) (strlen)

Memory Configuration

Name             Origin             Length             Attributes
reset            0x0000000000000000 0x0000000000000020
RAM              0x0000000000000020 0x0000000000001fe0
*default*        0x0000000000000000 0xffffffffffffffff

Linker script and memory map

LOAD ../7_segment_bsp//obj/HAL/src/crt0.o
LOAD obj/default/hello_world_small.o
LOAD c:/intelfpga_lite/18.0/nios2eds/bin/gnu/h-x86_64-mingw32/bin/../lib/gcc/nios2-elf/5.3.0/../../../../../H-x86_64-mingw32/nios2-elf/lib/mno-hw-mul\libstdc++.a
LOAD c:/intelfpga_lite/18.0/nios2eds/bin/gnu/h-x86_64-mingw32/bin/../lib/gcc/nios2-elf/5.3.0/../../../../../H-x86_64-mingw32/nios2-elf/lib/mno-hw-mul\libm.a
LOAD c:/intelfpga_lite/18.0/nios2eds/bin/gnu/h-x86_64-mingw32/bin/../lib/gcc/nios2-elf/5.3.0/mno-hw-mul\libgcc.a
START GROUP
LOAD c:/intelfpga_lite/18.0/nios2eds/bin/gnu/h-x86_64-mingw32/bin/../lib/gcc/nios2-elf/5.3.0/../../../../../H-x86_64-mingw32/nios2-elf/lib/mno-hw-mul\libsmallc.a
LOAD c:/intelfpga_lite/18.0/nios2eds/bin/gnu/h-x86_64-mingw32/bin/../lib/gcc/nios2-elf/5.3.0/mno-hw-mul\libgcc.a
LOAD ../7_segment_bsp/\libhal_bsp.a
LOAD c:/intelfpga_lite/18.0/nios2eds/bin/gnu/h-x86_64-mingw32/bin/../lib/gcc/nios2-elf/5.3.0/../../../../../H-x86_64-mingw32/nios2-elf/lib/mno-hw-mul\libm.a
END GROUP
LOAD c:/intelfpga_lite/18.0/nios2eds/bin/gnu/h-x86_64-mingw32/bin/../lib/gcc/nios2-elf/5.3.0/mno-hw-mul\libgcc.a
                0x0000000000000000                __alt_mem_RAM = 0x0

.entry          0x0000000000000000       0x20
 *(.entry)
 .entry         0x0000000000000000       0x20 ../7_segment_bsp//obj/HAL/src/crt0.o
                0x0000000000000000                __reset
                0x000000000000000c                _exit

.exceptions     0x0000000000000020        0x0
                0x0000000000000020                PROVIDE (__ram_exceptions_start, ABSOLUTE (.))
                0x0000000000000020                . = ALIGN (0x20)
 *(.irq)
 *(.exceptions.entry.label)
 *(.exceptions.entry.user)
 *(.exceptions.entry.ecc_fatal)
 *(.exceptions.entry)
 *(.exceptions.irqtest.user)
 *(.exceptions.irqtest)
 *(.exceptions.irqhandler.user)
 *(.exceptions.irqhandler)
 *(.exceptions.irqreturn.user)
 *(.exceptions.irqreturn)
 *(.exceptions.notirq.label)
 *(.exceptions.notirq.user)
 *(.exceptions.notirq)
 *(.exceptions.soft.user)
 *(.exceptions.soft)
 *(.exceptions.unknown.user)
 *(.exceptions.unknown)
 *(.exceptions.exit.label)
 *(.exceptions.exit.user)
 *(.exceptions.exit)
 *(.exceptions)
                0x0000000000000020                PROVIDE (__ram_exceptions_end, ABSOLUTE (.))
                0x0000000000000020                PROVIDE (__flash_exceptions_start, LOADADDR (.exceptions))

.text           0x0000000000000020      0x7b4
                [!provide]                        PROVIDE (stext, ABSOLUTE (.))
 *(.interp)
 *(.hash)
 *(.dynsym)
 *(.dynstr)
 *(.gnu.version)
 *(.gnu.version_d)
 *(.gnu.version_r)
 *(.rel.init)
 *(.rela.init)
 *(.rel.text .rel.text.* .rel.gnu.linkonce.t.*)
 *(.rela.text .rela.text.* .rela.gnu.linkonce.t.*)
 *(.rel.fini)
 *(.rela.fini)
 *(.rel.rodata .rel.rodata.* .rel.gnu.linkonce.r.*)
 *(.rela.rodata .rela.rodata.* .rela.gnu.linkonce.r.*)
 *(.rel.data .rel.data.* .rel.gnu.linkonce.d.*)
 *(.rela.data .rela.data.* .rela.gnu.linkonce.d.*)
 *(.rel.tdata .rel.tdata.* .rel.gnu.linkonce.td.*)
 *(.rela.tdata .rela.tdata.* .rela.gnu.linkonce.td.*)
 *(.rel.tbss .rel.tbss.* .rel.gnu.linkonce.tb.*)
 *(.rela.tbss .rela.tbss.* .rela.gnu.linkonce.tb.*)
 *(.rel.ctors)
 *(.rela.ctors)
 *(.rel.dtors)
 *(.rela.dtors)
 *(.rel.got)
 *(.rela.got)
 *(.rel.sdata .rel.sdata.* .rel.gnu.linkonce.s.*)
 *(.rela.sdata .rela.sdata.* .rela.gnu.linkonce.s.*)
 *(.rel.sbss .rel.sbss.* .rel.gnu.linkonce.sb.*)
 *(.rela.sbss .rela.sbss.* .rela.gnu.linkonce.sb.*)
 *(.rel.sdata2 .rel.sdata2.* .rel.gnu.linkonce.s2.*)
 *(.rela.sdata2 .rela.sdata2.* .rela.gnu.linkonce.s2.*)
 *(.rel.sbss2 .rel.sbss2.* .rel.gnu.linkonce.sb2.*)
 *(.rela.sbss2 .rela.sbss2.* .rela.gnu.linkonce.sb2.*)
 *(.rel.bss .rel.bss.* .rel.gnu.linkonce.b.*)
 *(.rela.bss .rela.bss.* .rela.gnu.linkonce.b.*)
 *(.rel.plt)
 *(.rela.plt)
 *(.rel.dyn)
 *(.init)
 *(.plt)
 *(.text .stub .text.* .gnu.linkonce.t.*)
 .text          0x0000000000000020       0x3c ../7_segment_bsp//obj/HAL/src/crt0.o
                0x0000000000000020                _start
 .text          0x000000000000005c      0x200 obj/default/hello_world_small.o
                0x000000000000005c                display_time_4seg
                0x0000000000000154                song_timer
 .text.startup  0x000000000000025c       0x1c obj/default/hello_world_small.o
                0x000000000000025c                main
 .text          0x0000000000000278      0x1b4 c:/intelfpga_lite/18.0/nios2eds/bin/gnu/h-x86_64-mingw32/bin/../lib/gcc/nios2-elf/5.3.0/mno-hw-mul\libgcc.a(lib2-divmod.o)
                0x0000000000000278                __divsi3
                0x00000000000002fc                __modsi3
                0x0000000000000370                __udivsi3
                0x00000000000003d4                __umodsi3
 .text          0x000000000000042c        0x0 c:/intelfpga_lite/18.0/nios2eds/bin/gnu/h-x86_64-mingw32/bin/../lib/gcc/nios2-elf/5.3.0/../../../../../H-x86_64-mingw32/nios2-elf/lib/mno-hw-mul\libsmallc.a(lib_a-memcpy.o)
 .text.memcpy   0x000000000000042c       0x28 c:/intelfpga_lite/18.0/nios2eds/bin/gnu/h-x86_64-mingw32/bin/../lib/gcc/nios2-elf/5.3.0/../../../../../H-x86_64-mingw32/nios2-elf/lib/mno-hw-mul\libsmallc.a(lib_a-memcpy.o)
                0x000000000000042c                memcpy
 .text          0x0000000000000454       0xe0 ../7_segment_bsp/\libhal_bsp.a(alt_load.o)
                0x0000000000000454                alt_load
 .text          0x0000000000000534       0x2c ../7_segment_bsp/\libhal_bsp.a(alt_main.o)
                0x0000000000000534                alt_main
 .text          0x0000000000000560      0x170 ../7_segment_bsp/\libhal_bsp.a(alt_printf.o)
                0x0000000000000560                alt_printf
 .text          0x00000000000006d0       0x48 ../7_segment_bsp/\libhal_bsp.a(alt_putchar.o)
                0x00000000000006d0                alt_putchar
 .text          0x0000000000000718       0x38 ../7_segment_bsp/\libhal_bsp.a(alt_putstr.o)
                0x0000000000000718                alt_putstr
 .text          0x0000000000000750       0x24 ../7_segment_bsp/\libhal_bsp.a(alt_sys_init.o)
                0x0000000000000750                alt_irq_init
                0x0000000000000770                alt_sys_init
 .text          0x0000000000000774       0x34 ../7_segment_bsp/\libhal_bsp.a(altera_avalon_jtag_uart_write.o)
                0x0000000000000774                altera_avalon_jtag_uart_write
 .text          0x00000000000007a8        0x4 ../7_segment_bsp/\libhal_bsp.a(alt_dcache_flush_all.o)
                0x00000000000007a8                alt_dcache_flush_all
 .text          0x00000000000007ac        0x4 ../7_segment_bsp/\libhal_bsp.a(alt_icache_flush_all.o)
                0x00000000000007ac                alt_icache_flush_all
 .text          0x00000000000007b0        0x8 ../7_segment_bsp/\libhal_bsp.a(altera_nios2_gen2_irq.o)
                0x00000000000007b0                altera_nios2_gen2_irq_init
 .text          0x00000000000007b8        0x0 c:/intelfpga_lite/18.0/nios2eds/bin/gnu/h-x86_64-mingw32/bin/../lib/gcc/nios2-elf/5.3.0/../../../../../H-x86_64-mingw32/nios2-elf/lib/mno-hw-mul\libsmallc.a(lib_a-strlen.o)
 .text.strlen   0x00000000000007b8       0x1c c:/intelfpga_lite/18.0/nios2eds/bin/gnu/h-x86_64-mingw32/bin/../lib/gcc/nios2-elf/5.3.0/../../../../../H-x86_64-mingw32/nios2-elf/lib/mno-hw-mul\libsmallc.a(lib_a-strlen.o)
                0x00000000000007b8                strlen
 *(.gnu.warning.*)
 *(.fini)
                [!provide]                        PROVIDE (__etext, ABSOLUTE (.))
                [!provide]                        PROVIDE (_etext, ABSOLUTE (.))
                [!provide]                        PROVIDE (etext, ABSOLUTE (.))
 *(.eh_frame_hdr)
                0x00000000000007d4                . = ALIGN (0x4)
                [!provide]                        PROVIDE (__preinit_array_start, ABSOLUTE (.))
 *(.preinit_array)
                [!provide]                        PROVIDE (__preinit_array_end, ABSOLUTE (.))
                [!provide]                        PROVIDE (__init_array_start, ABSOLUTE (.))
 *(.init_array)
                [!provide]                        PROVIDE (__init_array_end, ABSOLUTE (.))
                [!provide]                        PROVIDE (__fini_array_start, ABSOLUTE (.))
 *(.fini_array)
                [!provide]                        PROVIDE (__fini_array_end, ABSOLUTE (.))
 *(.eh_frame)
 *(.gcc_except_table .gcc_except_table.*)
 *(.dynamic)
                [!provide]                        PROVIDE (__CTOR_LIST__, ABSOLUTE (.))
 *(.ctors)
 *(SORT(.ctors.*))
                [!provide]                        PROVIDE (__CTOR_END__, ABSOLUTE (.))
                [!provide]                        PROVIDE (__DTOR_LIST__, ABSOLUTE (.))
 *(.dtors)
 *(SORT(.dtors.*))
                [!provide]                        PROVIDE (__DTOR_END__, ABSOLUTE (.))
 *(.jcr)
                0x00000000000007d4                . = ALIGN (0x4)

.rodata         0x00000000000007d4       0x88
                0x00000000000007d4                PROVIDE (__ram_rodata_start, ABSOLUTE (.))
                0x00000000000007d4                . = ALIGN (0x4)
 *(.rodata .rodata.* .gnu.linkonce.r.*)
 .rodata        0x00000000000007d4       0x28 obj/default/hello_world_small.o
 .rodata.str1.4
                0x00000000000007fc       0x60 obj/default/hello_world_small.o
                                         0x5e (size before relaxing)
 *(.rodata1)
                0x000000000000085c                . = ALIGN (0x4)
                0x000000000000085c                PROVIDE (__ram_rodata_end, ABSOLUTE (.))
                0x00000000000007d4                PROVIDE (__flash_rodata_start, LOADADDR (.rodata))

.rwdata         0x000000000000085c        0x4 load address 0x0000000000000860
                0x000000000000085c                PROVIDE (__ram_rwdata_start, ABSOLUTE (.))
                0x000000000000085c                . = ALIGN (0x4)
 *(.got.plt)
 *(.got)
 *(.data1)
 *(.data .data.* .gnu.linkonce.d.*)
 .data          0x000000000000085c        0x0 ../7_segment_bsp//obj/HAL/src/crt0.o
 .data          0x000000000000085c        0x0 obj/default/hello_world_small.o
 .data          0x000000000000085c        0x0 c:/intelfpga_lite/18.0/nios2eds/bin/gnu/h-x86_64-mingw32/bin/../lib/gcc/nios2-elf/5.3.0/mno-hw-mul\libgcc.a(lib2-divmod.o)
 .data          0x000000000000085c        0x0 c:/intelfpga_lite/18.0/nios2eds/bin/gnu/h-x86_64-mingw32/bin/../lib/gcc/nios2-elf/5.3.0/../../../../../H-x86_64-mingw32/nios2-elf/lib/mno-hw-mul\libsmallc.a(lib_a-memcpy.o)
 .data          0x000000000000085c        0x0 ../7_segment_bsp/\libhal_bsp.a(alt_load.o)
 .data          0x000000000000085c        0x0 ../7_segment_bsp/\libhal_bsp.a(alt_main.o)
 .data          0x000000000000085c        0x0 ../7_segment_bsp/\libhal_bsp.a(alt_printf.o)
 .data          0x000000000000085c        0x0 ../7_segment_bsp/\libhal_bsp.a(alt_putchar.o)
 .data          0x000000000000085c        0x0 ../7_segment_bsp/\libhal_bsp.a(alt_putstr.o)
 .data          0x000000000000085c        0x0 ../7_segment_bsp/\libhal_bsp.a(alt_sys_init.o)
 .data          0x000000000000085c        0x0 ../7_segment_bsp/\libhal_bsp.a(altera_avalon_jtag_uart_write.o)
 .data          0x000000000000085c        0x0 ../7_segment_bsp/\libhal_bsp.a(alt_dcache_flush_all.o)
 .data          0x000000000000085c        0x0 ../7_segment_bsp/\libhal_bsp.a(alt_icache_flush_all.o)
 .data          0x000000000000085c        0x0 ../7_segment_bsp/\libhal_bsp.a(altera_nios2_gen2_irq.o)
 .data          0x000000000000085c        0x0 c:/intelfpga_lite/18.0/nios2eds/bin/gnu/h-x86_64-mingw32/bin/../lib/gcc/nios2-elf/5.3.0/../../../../../H-x86_64-mingw32/nios2-elf/lib/mno-hw-mul\libsmallc.a(lib_a-strlen.o)
                0x000000000000885c                _gp = ABSOLUTE ((. + 0x8000))
                [!provide]                        PROVIDE (gp, _gp)
 *(.rwdata .rwdata.*)
 *(.sdata .sdata.* .gnu.linkonce.s.*)
 .sdata         0x000000000000085c        0x4 ../7_segment_bsp/\libhal_bsp.a(alt_sys_init.o)
                0x000000000000085c                UART
 *(.sdata2 .sdata2.* .gnu.linkonce.s2.*)
                0x0000000000000860                . = ALIGN (0x4)
                0x0000000000000860                _edata = ABSOLUTE (.)
                [!provide]                        PROVIDE (edata, ABSOLUTE (.))
                0x0000000000000860                PROVIDE (__ram_rwdata_end, ABSOLUTE (.))
                0x0000000000000860                PROVIDE (__flash_rwdata_start, LOADADDR (.rwdata))

.bss            0x0000000000000864        0xc
                0x0000000000000864                __bss_start = ABSOLUTE (.)
                [!provide]                        PROVIDE (__sbss_start, ABSOLUTE (.))
                [!provide]                        PROVIDE (___sbss_start, ABSOLUTE (.))
 *(.dynsbss)
 *(.sbss .sbss.* .gnu.linkonce.sb.*)
 .sbss          0x0000000000000864        0xc ../7_segment_bsp/\libhal_bsp.a(alt_main.o)
                0x0000000000000864                alt_envp
                0x0000000000000868                alt_argv
                0x000000000000086c                alt_argc
 *(.sbss2 .sbss2.* .gnu.linkonce.sb2.*)
 *(.scommon)
                [!provide]                        PROVIDE (__sbss_end, ABSOLUTE (.))
                [!provide]                        PROVIDE (___sbss_end, ABSOLUTE (.))
 *(.dynbss)
 *(.bss .bss.* .gnu.linkonce.b.*)
 .bss           0x0000000000000870        0x0 ../7_segment_bsp//obj/HAL/src/crt0.o
 .bss           0x0000000000000870        0x0 obj/default/hello_world_small.o
 .bss           0x0000000000000870        0x0 c:/intelfpga_lite/18.0/nios2eds/bin/gnu/h-x86_64-mingw32/bin/../lib/gcc/nios2-elf/5.3.0/mno-hw-mul\libgcc.a(lib2-divmod.o)
 .bss           0x0000000000000870        0x0 c:/intelfpga_lite/18.0/nios2eds/bin/gnu/h-x86_64-mingw32/bin/../lib/gcc/nios2-elf/5.3.0/../../../../../H-x86_64-mingw32/nios2-elf/lib/mno-hw-mul\libsmallc.a(lib_a-memcpy.o)
 .bss           0x0000000000000870        0x0 ../7_segment_bsp/\libhal_bsp.a(alt_load.o)
 .bss           0x0000000000000870        0x0 ../7_segment_bsp/\libhal_bsp.a(alt_main.o)
 .bss           0x0000000000000870        0x0 ../7_segment_bsp/\libhal_bsp.a(alt_printf.o)
 .bss           0x0000000000000870        0x0 ../7_segment_bsp/\libhal_bsp.a(alt_putchar.o)
 .bss           0x0000000000000870        0x0 ../7_segment_bsp/\libhal_bsp.a(alt_putstr.o)
 .bss           0x0000000000000870        0x0 ../7_segment_bsp/\libhal_bsp.a(alt_sys_init.o)
 .bss           0x0000000000000870        0x0 ../7_segment_bsp/\libhal_bsp.a(altera_avalon_jtag_uart_write.o)
 .bss           0x0000000000000870        0x0 ../7_segment_bsp/\libhal_bsp.a(alt_dcache_flush_all.o)
 .bss           0x0000000000000870        0x0 ../7_segment_bsp/\libhal_bsp.a(alt_icache_flush_all.o)
 .bss           0x0000000000000870        0x0 ../7_segment_bsp/\libhal_bsp.a(altera_nios2_gen2_irq.o)
 .bss           0x0000000000000870        0x0 c:/intelfpga_lite/18.0/nios2eds/bin/gnu/h-x86_64-mingw32/bin/../lib/gcc/nios2-elf/5.3.0/../../../../../H-x86_64-mingw32/nios2-elf/lib/mno-hw-mul\libsmallc.a(lib_a-strlen.o)
 *(COMMON)
                0x0000000000000870                . = ALIGN (0x4)
                0x0000000000000870                __bss_end = ABSOLUTE (.)

.RAM            0x0000000000000870        0x0
                [!provide]                        PROVIDE (_alt_partition_RAM_start, ABSOLUTE (.))
 *(.RAM .RAM. RAM.*)
                0x0000000000000870                . = ALIGN (0x4)
                [!provide]                        PROVIDE (_alt_partition_RAM_end, ABSOLUTE (.))
                0x0000000000000870                _end = ABSOLUTE (.)
                0x0000000000000870                end = ABSOLUTE (.)
                0x0000000000000870                __alt_stack_base = ABSOLUTE (.)
                [!provide]                        PROVIDE (_alt_partition_RAM_load_addr, LOADADDR (.RAM))

.stab
 *(.stab)

.stabstr
 *(.stabstr)

.stab.excl
 *(.stab.excl)

.stab.exclstr
 *(.stab.exclstr)

.stab.index
 *(.stab.index)

.stab.indexstr
 *(.stab.indexstr)

.comment        0x0000000000000000       0x23
 *(.comment)
 .comment       0x0000000000000000       0x23 obj/default/hello_world_small.o
                                         0x24 (size before relaxing)
 .comment       0x0000000000000023       0x24 c:/intelfpga_lite/18.0/nios2eds/bin/gnu/h-x86_64-mingw32/bin/../lib/gcc/nios2-elf/5.3.0/mno-hw-mul\libgcc.a(lib2-divmod.o)
 .comment       0x0000000000000023       0x24 c:/intelfpga_lite/18.0/nios2eds/bin/gnu/h-x86_64-mingw32/bin/../lib/gcc/nios2-elf/5.3.0/../../../../../H-x86_64-mingw32/nios2-elf/lib/mno-hw-mul\libsmallc.a(lib_a-memcpy.o)
 .comment       0x0000000000000023       0x24 ../7_segment_bsp/\libhal_bsp.a(alt_load.o)
 .comment       0x0000000000000023       0x24 ../7_segment_bsp/\libhal_bsp.a(alt_main.o)
 .comment       0x0000000000000023       0x24 ../7_segment_bsp/\libhal_bsp.a(alt_printf.o)
 .comment       0x0000000000000023       0x24 ../7_segment_bsp/\libhal_bsp.a(alt_putchar.o)
 .comment       0x0000000000000023       0x24 ../7_segment_bsp/\libhal_bsp.a(alt_putstr.o)
 .comment       0x0000000000000023       0x24 ../7_segment_bsp/\libhal_bsp.a(alt_sys_init.o)
 .comment       0x0000000000000023       0x24 ../7_segment_bsp/\libhal_bsp.a(altera_avalon_jtag_uart_write.o)
 .comment       0x0000000000000023       0x24 ../7_segment_bsp/\libhal_bsp.a(alt_dcache_flush_all.o)
 .comment       0x0000000000000023       0x24 ../7_segment_bsp/\libhal_bsp.a(alt_icache_flush_all.o)
 .comment       0x0000000000000023       0x24 ../7_segment_bsp/\libhal_bsp.a(altera_nios2_gen2_irq.o)
 .comment       0x0000000000000023       0x24 c:/intelfpga_lite/18.0/nios2eds/bin/gnu/h-x86_64-mingw32/bin/../lib/gcc/nios2-elf/5.3.0/../../../../../H-x86_64-mingw32/nios2-elf/lib/mno-hw-mul\libsmallc.a(lib_a-strlen.o)

.debug
 *(.debug)

.line
 *(.line)

.debug_srcinfo
 *(.debug_srcinfo)

.debug_sfnames
 *(.debug_sfnames)

.debug_aranges  0x0000000000000000      0x1f0
 *(.debug_aranges)
 .debug_aranges
                0x0000000000000000       0x28 ../7_segment_bsp//obj/HAL/src/crt0.o
 .debug_aranges
                0x0000000000000028       0x28 obj/default/hello_world_small.o
 .debug_aranges
                0x0000000000000050       0x20 c:/intelfpga_lite/18.0/nios2eds/bin/gnu/h-x86_64-mingw32/bin/../lib/gcc/nios2-elf/5.3.0/mno-hw-mul\libgcc.a(lib2-divmod.o)
 .debug_aranges
                0x0000000000000070       0x20 c:/intelfpga_lite/18.0/nios2eds/bin/gnu/h-x86_64-mingw32/bin/../lib/gcc/nios2-elf/5.3.0/../../../../../H-x86_64-mingw32/nios2-elf/lib/mno-hw-mul\libsmallc.a(lib_a-memcpy.o)
 .debug_aranges
                0x0000000000000090       0x20 ../7_segment_bsp/\libhal_bsp.a(alt_load.o)
 .debug_aranges
                0x00000000000000b0       0x20 ../7_segment_bsp/\libhal_bsp.a(alt_main.o)
 .debug_aranges
                0x00000000000000d0       0x20 ../7_segment_bsp/\libhal_bsp.a(alt_printf.o)
 .debug_aranges
                0x00000000000000f0       0x20 ../7_segment_bsp/\libhal_bsp.a(alt_putchar.o)
 .debug_aranges
                0x0000000000000110       0x20 ../7_segment_bsp/\libhal_bsp.a(alt_putstr.o)
 .debug_aranges
                0x0000000000000130       0x20 ../7_segment_bsp/\libhal_bsp.a(alt_sys_init.o)
 .debug_aranges
                0x0000000000000150       0x20 ../7_segment_bsp/\libhal_bsp.a(altera_avalon_jtag_uart_write.o)
 .debug_aranges
                0x0000000000000170       0x20 ../7_segment_bsp/\libhal_bsp.a(alt_dcache_flush_all.o)
 .debug_aranges
                0x0000000000000190       0x20 ../7_segment_bsp/\libhal_bsp.a(alt_icache_flush_all.o)
 .debug_aranges
                0x00000000000001b0       0x20 ../7_segment_bsp/\libhal_bsp.a(altera_nios2_gen2_irq.o)
 .debug_aranges
                0x00000000000001d0       0x20 c:/intelfpga_lite/18.0/nios2eds/bin/gnu/h-x86_64-mingw32/bin/../lib/gcc/nios2-elf/5.3.0/../../../../../H-x86_64-mingw32/nios2-elf/lib/mno-hw-mul\libsmallc.a(lib_a-strlen.o)

.debug_pubnames
 *(.debug_pubnames)

.debug_info     0x0000000000000000     0x136a
 *(.debug_info .gnu.linkonce.wi.*)
 .debug_info    0x0000000000000000       0x87 ../7_segment_bsp//obj/HAL/src/crt0.o
 .debug_info    0x0000000000000087      0x26e obj/default/hello_world_small.o
 .debug_info    0x00000000000002f5      0x2c6 c:/intelfpga_lite/18.0/nios2eds/bin/gnu/h-x86_64-mingw32/bin/../lib/gcc/nios2-elf/5.3.0/mno-hw-mul\libgcc.a(lib2-divmod.o)
 .debug_info    0x00000000000005bb      0x119 c:/intelfpga_lite/18.0/nios2eds/bin/gnu/h-x86_64-mingw32/bin/../lib/gcc/nios2-elf/5.3.0/../../../../../H-x86_64-mingw32/nios2-elf/lib/mno-hw-mul\libsmallc.a(lib_a-memcpy.o)
 .debug_info    0x00000000000006d4      0x1c9 ../7_segment_bsp/\libhal_bsp.a(alt_load.o)
 .debug_info    0x000000000000089d      0x169 ../7_segment_bsp/\libhal_bsp.a(alt_main.o)
 .debug_info    0x0000000000000a06      0x14d ../7_segment_bsp/\libhal_bsp.a(alt_printf.o)
 .debug_info    0x0000000000000b53      0x12a ../7_segment_bsp/\libhal_bsp.a(alt_putchar.o)
 .debug_info    0x0000000000000c7d      0x13a ../7_segment_bsp/\libhal_bsp.a(alt_putstr.o)
 .debug_info    0x0000000000000db7      0x19d ../7_segment_bsp/\libhal_bsp.a(alt_sys_init.o)
 .debug_info    0x0000000000000f54      0x197 ../7_segment_bsp/\libhal_bsp.a(altera_avalon_jtag_uart_write.o)
 .debug_info    0x00000000000010eb       0x92 ../7_segment_bsp/\libhal_bsp.a(alt_dcache_flush_all.o)
 .debug_info    0x000000000000117d       0x92 ../7_segment_bsp/\libhal_bsp.a(alt_icache_flush_all.o)
 .debug_info    0x000000000000120f       0x92 ../7_segment_bsp/\libhal_bsp.a(altera_nios2_gen2_irq.o)
 .debug_info    0x00000000000012a1       0xc9 c:/intelfpga_lite/18.0/nios2eds/bin/gnu/h-x86_64-mingw32/bin/../lib/gcc/nios2-elf/5.3.0/../../../../../H-x86_64-mingw32/nios2-elf/lib/mno-hw-mul\libsmallc.a(lib_a-strlen.o)

.debug_abbrev   0x0000000000000000      0xa3c
 *(.debug_abbrev)
 .debug_abbrev  0x0000000000000000       0x12 ../7_segment_bsp//obj/HAL/src/crt0.o
 .debug_abbrev  0x0000000000000012      0x118 obj/default/hello_world_small.o
 .debug_abbrev  0x000000000000012a      0x10e c:/intelfpga_lite/18.0/nios2eds/bin/gnu/h-x86_64-mingw32/bin/../lib/gcc/nios2-elf/5.3.0/mno-hw-mul\libgcc.a(lib2-divmod.o)
 .debug_abbrev  0x0000000000000238       0x9c c:/intelfpga_lite/18.0/nios2eds/bin/gnu/h-x86_64-mingw32/bin/../lib/gcc/nios2-elf/5.3.0/../../../../../H-x86_64-mingw32/nios2-elf/lib/mno-hw-mul\libsmallc.a(lib_a-memcpy.o)
 .debug_abbrev  0x00000000000002d4       0xd8 ../7_segment_bsp/\libhal_bsp.a(alt_load.o)
 .debug_abbrev  0x00000000000003ac       0xee ../7_segment_bsp/\libhal_bsp.a(alt_main.o)
 .debug_abbrev  0x000000000000049a       0xd5 ../7_segment_bsp/\libhal_bsp.a(alt_printf.o)
 .debug_abbrev  0x000000000000056f       0xd2 ../7_segment_bsp/\libhal_bsp.a(alt_putchar.o)
 .debug_abbrev  0x0000000000000641       0xd3 ../7_segment_bsp/\libhal_bsp.a(alt_putstr.o)
 .debug_abbrev  0x0000000000000714      0x10e ../7_segment_bsp/\libhal_bsp.a(alt_sys_init.o)
 .debug_abbrev  0x0000000000000822       0xd5 ../7_segment_bsp/\libhal_bsp.a(altera_avalon_jtag_uart_write.o)
 .debug_abbrev  0x00000000000008f7       0x42 ../7_segment_bsp/\libhal_bsp.a(alt_dcache_flush_all.o)
 .debug_abbrev  0x0000000000000939       0x42 ../7_segment_bsp/\libhal_bsp.a(alt_icache_flush_all.o)
 .debug_abbrev  0x000000000000097b       0x42 ../7_segment_bsp/\libhal_bsp.a(altera_nios2_gen2_irq.o)
 .debug_abbrev  0x00000000000009bd       0x7f c:/intelfpga_lite/18.0/nios2eds/bin/gnu/h-x86_64-mingw32/bin/../lib/gcc/nios2-elf/5.3.0/../../../../../H-x86_64-mingw32/nios2-elf/lib/mno-hw-mul\libsmallc.a(lib_a-strlen.o)

.debug_line     0x0000000000000000      0xb51
 *(.debug_line)
 .debug_line    0x0000000000000000       0x66 ../7_segment_bsp//obj/HAL/src/crt0.o
 .debug_line    0x0000000000000066       0xce obj/default/hello_world_small.o
 .debug_line    0x0000000000000134      0x105 c:/intelfpga_lite/18.0/nios2eds/bin/gnu/h-x86_64-mingw32/bin/../lib/gcc/nios2-elf/5.3.0/mno-hw-mul\libgcc.a(lib2-divmod.o)
 .debug_line    0x0000000000000239      0x15e c:/intelfpga_lite/18.0/nios2eds/bin/gnu/h-x86_64-mingw32/bin/../lib/gcc/nios2-elf/5.3.0/../../../../../H-x86_64-mingw32/nios2-elf/lib/mno-hw-mul\libsmallc.a(lib_a-memcpy.o)
 .debug_line    0x0000000000000397       0xa4 ../7_segment_bsp/\libhal_bsp.a(alt_load.o)
 .debug_line    0x000000000000043b       0xbd ../7_segment_bsp/\libhal_bsp.a(alt_main.o)
 .debug_line    0x00000000000004f8      0x112 ../7_segment_bsp/\libhal_bsp.a(alt_printf.o)
 .debug_line    0x000000000000060a       0x55 ../7_segment_bsp/\libhal_bsp.a(alt_putchar.o)
 .debug_line    0x000000000000065f       0xa0 ../7_segment_bsp/\libhal_bsp.a(alt_putstr.o)
 .debug_line    0x00000000000006ff      0x11a ../7_segment_bsp/\libhal_bsp.a(alt_sys_init.o)
 .debug_line    0x0000000000000819       0xf0 ../7_segment_bsp/\libhal_bsp.a(altera_avalon_jtag_uart_write.o)
 .debug_line    0x0000000000000909       0x4e ../7_segment_bsp/\libhal_bsp.a(alt_dcache_flush_all.o)
 .debug_line    0x0000000000000957       0x4e ../7_segment_bsp/\libhal_bsp.a(alt_icache_flush_all.o)
 .debug_line    0x00000000000009a5       0x50 ../7_segment_bsp/\libhal_bsp.a(altera_nios2_gen2_irq.o)
 .debug_line    0x00000000000009f5      0x15c c:/intelfpga_lite/18.0/nios2eds/bin/gnu/h-x86_64-mingw32/bin/../lib/gcc/nios2-elf/5.3.0/../../../../../H-x86_64-mingw32/nios2-elf/lib/mno-hw-mul\libsmallc.a(lib_a-strlen.o)

.debug_frame    0x0000000000000000      0x2f0
 *(.debug_frame)
 .debug_frame   0x0000000000000000       0x94 obj/default/hello_world_small.o
 .debug_frame   0x0000000000000094       0x50 c:/intelfpga_lite/18.0/nios2eds/bin/gnu/h-x86_64-mingw32/bin/../lib/gcc/nios2-elf/5.3.0/mno-hw-mul\libgcc.a(lib2-divmod.o)
 .debug_frame   0x00000000000000e4       0x20 c:/intelfpga_lite/18.0/nios2eds/bin/gnu/h-x86_64-mingw32/bin/../lib/gcc/nios2-elf/5.3.0/../../../../../H-x86_64-mingw32/nios2-elf/lib/mno-hw-mul\libsmallc.a(lib_a-memcpy.o)
 .debug_frame   0x0000000000000104       0x30 ../7_segment_bsp/\libhal_bsp.a(alt_load.o)
 .debug_frame   0x0000000000000134       0x2c ../7_segment_bsp/\libhal_bsp.a(alt_main.o)
 .debug_frame   0x0000000000000160       0x54 ../7_segment_bsp/\libhal_bsp.a(alt_printf.o)
 .debug_frame   0x00000000000001b4       0x30 ../7_segment_bsp/\libhal_bsp.a(alt_putchar.o)
 .debug_frame   0x00000000000001e4       0x30 ../7_segment_bsp/\libhal_bsp.a(alt_putstr.o)
 .debug_frame   0x0000000000000214       0x3c ../7_segment_bsp/\libhal_bsp.a(alt_sys_init.o)
 .debug_frame   0x0000000000000250       0x20 ../7_segment_bsp/\libhal_bsp.a(altera_avalon_jtag_uart_write.o)
 .debug_frame   0x0000000000000270       0x20 ../7_segment_bsp/\libhal_bsp.a(alt_dcache_flush_all.o)
 .debug_frame   0x0000000000000290       0x20 ../7_segment_bsp/\libhal_bsp.a(alt_icache_flush_all.o)
 .debug_frame   0x00000000000002b0       0x20 ../7_segment_bsp/\libhal_bsp.a(altera_nios2_gen2_irq.o)
 .debug_frame   0x00000000000002d0       0x20 c:/intelfpga_lite/18.0/nios2eds/bin/gnu/h-x86_64-mingw32/bin/../lib/gcc/nios2-elf/5.3.0/../../../../../H-x86_64-mingw32/nios2-elf/lib/mno-hw-mul\libsmallc.a(lib_a-strlen.o)

.debug_str      0x0000000000000000      0x902
 *(.debug_str)
 .debug_str     0x0000000000000000      0x173 obj/default/hello_world_small.o
                                        0x185 (size before relaxing)
 .debug_str     0x0000000000000173      0x1b2 c:/intelfpga_lite/18.0/nios2eds/bin/gnu/h-x86_64-mingw32/bin/../lib/gcc/nios2-elf/5.3.0/mno-hw-mul\libgcc.a(lib2-divmod.o)
                                        0x1d2 (size before relaxing)
 .debug_str     0x0000000000000325      0x17f c:/intelfpga_lite/18.0/nios2eds/bin/gnu/h-x86_64-mingw32/bin/../lib/gcc/nios2-elf/5.3.0/../../../../../H-x86_64-mingw32/nios2-elf/lib/mno-hw-mul\libsmallc.a(lib_a-memcpy.o)
                                        0x1f3 (size before relaxing)
 .debug_str     0x00000000000004a4      0x16e ../7_segment_bsp/\libhal_bsp.a(alt_load.o)
                                        0x255 (size before relaxing)
 .debug_str     0x0000000000000612       0x8f ../7_segment_bsp/\libhal_bsp.a(alt_main.o)
                                        0x1ce (size before relaxing)
 .debug_str     0x00000000000006a1       0x59 ../7_segment_bsp/\libhal_bsp.a(alt_printf.o)
                                        0x11f (size before relaxing)
 .debug_str     0x00000000000006fa       0x59 ../7_segment_bsp/\libhal_bsp.a(alt_putchar.o)
                                        0x19f (size before relaxing)
 .debug_str     0x0000000000000753       0x1c ../7_segment_bsp/\libhal_bsp.a(alt_putstr.o)
                                        0x1a4 (size before relaxing)
 .debug_str     0x000000000000076f       0xb9 ../7_segment_bsp/\libhal_bsp.a(alt_sys_init.o)
                                        0x270 (size before relaxing)
 .debug_str     0x0000000000000828       0x3f ../7_segment_bsp/\libhal_bsp.a(altera_avalon_jtag_uart_write.o)
                                        0x22e (size before relaxing)
 .debug_str     0x0000000000000867       0x1f ../7_segment_bsp/\libhal_bsp.a(alt_dcache_flush_all.o)
                                        0x16e (size before relaxing)
 .debug_str     0x0000000000000886       0x1f ../7_segment_bsp/\libhal_bsp.a(alt_icache_flush_all.o)
                                        0x16e (size before relaxing)
 .debug_str     0x00000000000008a5       0x20 ../7_segment_bsp/\libhal_bsp.a(altera_nios2_gen2_irq.o)
                                        0x175 (size before relaxing)
 .debug_str     0x00000000000008c5       0x3d c:/intelfpga_lite/18.0/nios2eds/bin/gnu/h-x86_64-mingw32/bin/../lib/gcc/nios2-elf/5.3.0/../../../../../H-x86_64-mingw32/nios2-elf/lib/mno-hw-mul\libsmallc.a(lib_a-strlen.o)
                                        0x1e5 (size before relaxing)

.debug_loc      0x0000000000000000      0xb6d
 *(.debug_loc)
 .debug_loc     0x0000000000000000      0x25f obj/default/hello_world_small.o
 .debug_loc     0x000000000000025f      0x4ce c:/intelfpga_lite/18.0/nios2eds/bin/gnu/h-x86_64-mingw32/bin/../lib/gcc/nios2-elf/5.3.0/mno-hw-mul\libgcc.a(lib2-divmod.o)
 .debug_loc     0x000000000000072d      0x135 c:/intelfpga_lite/18.0/nios2eds/bin/gnu/h-x86_64-mingw32/bin/../lib/gcc/nios2-elf/5.3.0/../../../../../H-x86_64-mingw32/nios2-elf/lib/mno-hw-mul\libsmallc.a(lib_a-memcpy.o)
 .debug_loc     0x0000000000000862      0x1de ../7_segment_bsp/\libhal_bsp.a(alt_printf.o)
 .debug_loc     0x0000000000000a40       0x2c ../7_segment_bsp/\libhal_bsp.a(alt_putchar.o)
 .debug_loc     0x0000000000000a6c       0x37 ../7_segment_bsp/\libhal_bsp.a(alt_putstr.o)
 .debug_loc     0x0000000000000aa3       0x21 ../7_segment_bsp/\libhal_bsp.a(alt_sys_init.o)
 .debug_loc     0x0000000000000ac4       0x8b ../7_segment_bsp/\libhal_bsp.a(altera_avalon_jtag_uart_write.o)
 .debug_loc     0x0000000000000b4f       0x1e c:/intelfpga_lite/18.0/nios2eds/bin/gnu/h-x86_64-mingw32/bin/../lib/gcc/nios2-elf/5.3.0/../../../../../H-x86_64-mingw32/nios2-elf/lib/mno-hw-mul\libsmallc.a(lib_a-strlen.o)

.debug_macinfo
 *(.debug_macinfo)

.debug_weaknames
 *(.debug_weaknames)

.debug_funcnames
 *(.debug_funcnames)

.debug_typenames
 *(.debug_typenames)

.debug_varnames
 *(.debug_varnames)

.debug_alt_sim_info
                0x0000000000000000       0x10
 *(.debug_alt_sim_info)
 .debug_alt_sim_info
                0x0000000000000000       0x10 ../7_segment_bsp//obj/HAL/src/crt0.o
                0x0000000000002000                __alt_data_end = 0x2000
                0x0000000000002000                PROVIDE (__alt_stack_pointer, __alt_data_end)
                [!provide]                        PROVIDE (__alt_stack_limit, __alt_stack_base)
                [!provide]                        PROVIDE (__alt_heap_start, end)
                [!provide]                        PROVIDE (__alt_heap_limit, 0x2000)
OUTPUT(7_segment.elf elf32-littlenios2)

.debug_ranges   0x0000000000000000      0x118
 .debug_ranges  0x0000000000000000       0x20 ../7_segment_bsp//obj/HAL/src/crt0.o
 .debug_ranges  0x0000000000000020       0x18 obj/default/hello_world_small.o
 .debug_ranges  0x0000000000000038       0x60 c:/intelfpga_lite/18.0/nios2eds/bin/gnu/h-x86_64-mingw32/bin/../lib/gcc/nios2-elf/5.3.0/mno-hw-mul\libgcc.a(lib2-divmod.o)
 .debug_ranges  0x0000000000000098       0x10 c:/intelfpga_lite/18.0/nios2eds/bin/gnu/h-x86_64-mingw32/bin/../lib/gcc/nios2-elf/5.3.0/../../../../../H-x86_64-mingw32/nios2-elf/lib/mno-hw-mul\libsmallc.a(lib_a-memcpy.o)
 .debug_ranges  0x00000000000000a8       0x48 ../7_segment_bsp/\libhal_bsp.a(alt_load.o)
 .debug_ranges  0x00000000000000f0       0x18 ../7_segment_bsp/\libhal_bsp.a(alt_printf.o)
 .debug_ranges  0x0000000000000108       0x10 c:/intelfpga_lite/18.0/nios2eds/bin/gnu/h-x86_64-mingw32/bin/../lib/gcc/nios2-elf/5.3.0/../../../../../H-x86_64-mingw32/nios2-elf/lib/mno-hw-mul\libsmallc.a(lib_a-strlen.o)
