Archive member included to satisfy reference by file (symbol)

c:/intelfpga_lite/18.0/nios2eds/bin/gnu/h-x86_64-mingw32/bin/../lib/gcc/nios2-elf/5.3.0/mno-hw-mul\libgcc.a(lib2-divmod.o)
                              obj/default/hello_world_small.o (__divsi3)
c:/intelfpga_lite/18.0/nios2eds/bin/gnu/h-x86_64-mingw32/bin/../lib/gcc/nios2-elf/5.3.0/../../../../../H-x86_64-mingw32/nios2-elf/lib/mno-hw-mul\libsmallc.a(lib_a-memcpy.o)
                              obj/default/hello_world_small.o (memcpy)
../music_bsp/\libhal_bsp.a(alt_iic.o)
                              obj/default/hello_world_small.o (alt_ic_isr_register)
../music_bsp/\libhal_bsp.a(alt_iic_isr_register.o)
                              ../music_bsp/\libhal_bsp.a(alt_iic.o) (alt_iic_isr_register)
../music_bsp/\libhal_bsp.a(alt_irq_entry.o)
                              ../music_bsp/\libhal_bsp.a(alt_iic_isr_register.o) (alt_irq_entry)
../music_bsp/\libhal_bsp.a(alt_irq_handler.o)
                              ../music_bsp/\libhal_bsp.a(alt_iic_isr_register.o) (alt_irq_handler)
../music_bsp/\libhal_bsp.a(alt_irq_vars.o)
                              ../music_bsp/\libhal_bsp.a(alt_iic.o) (alt_irq_active)
../music_bsp/\libhal_bsp.a(alt_load.o)
                              ../music_bsp//obj/HAL/src/crt0.o (alt_load)
../music_bsp/\libhal_bsp.a(alt_main.o)
                              ../music_bsp//obj/HAL/src/crt0.o (alt_main)
../music_bsp/\libhal_bsp.a(alt_printf.o)
                              obj/default/hello_world_small.o (alt_printf)
../music_bsp/\libhal_bsp.a(alt_putchar.o)
                              ../music_bsp/\libhal_bsp.a(alt_printf.o) (alt_putchar)
../music_bsp/\libhal_bsp.a(alt_putstr.o)
                              obj/default/hello_world_small.o (alt_putstr)
../music_bsp/\libhal_bsp.a(alt_sys_init.o)
                              ../music_bsp/\libhal_bsp.a(alt_main.o) (alt_irq_init)
../music_bsp/\libhal_bsp.a(altera_avalon_jtag_uart_write.o)
                              ../music_bsp/\libhal_bsp.a(alt_putchar.o) (altera_avalon_jtag_uart_write)
../music_bsp/\libhal_bsp.a(altera_up_avalon_character_lcd.o)
                              ../music_bsp/\libhal_bsp.a(alt_sys_init.o) (alt_up_character_lcd_init)
../music_bsp/\libhal_bsp.a(alt_dcache_flush_all.o)
                              ../music_bsp/\libhal_bsp.a(alt_load.o) (alt_dcache_flush_all)
../music_bsp/\libhal_bsp.a(alt_dev.o)
                              ../music_bsp/\libhal_bsp.a(alt_sys_init.o) (alt_dev_list)
../music_bsp/\libhal_bsp.a(alt_dev_llist_insert.o)
                              ../music_bsp/\libhal_bsp.a(alt_sys_init.o) (alt_dev_llist_insert)
../music_bsp/\libhal_bsp.a(alt_errno.o)
                              ../music_bsp/\libhal_bsp.a(alt_dev_llist_insert.o) (alt_errno)
../music_bsp/\libhal_bsp.a(alt_exception_entry.o)
                              ../music_bsp/\libhal_bsp.a(alt_irq_entry.o) (alt_exception)
../music_bsp/\libhal_bsp.a(alt_find_dev.o)
                              ../music_bsp/\libhal_bsp.a(altera_up_avalon_character_lcd.o) (alt_find_dev)
../music_bsp/\libhal_bsp.a(alt_icache_flush_all.o)
                              ../music_bsp/\libhal_bsp.a(alt_load.o) (alt_icache_flush_all)
../music_bsp/\libhal_bsp.a(alt_instruction_exception_entry.o)
                              ../music_bsp/\libhal_bsp.a(alt_exception_entry.o) (alt_instruction_exception_entry)
../music_bsp/\libhal_bsp.a(altera_nios2_gen2_irq.o)
                              ../music_bsp/\libhal_bsp.a(alt_sys_init.o) (altera_nios2_gen2_irq_init)
c:/intelfpga_lite/18.0/nios2eds/bin/gnu/h-x86_64-mingw32/bin/../lib/gcc/nios2-elf/5.3.0/../../../../../H-x86_64-mingw32/nios2-elf/lib/mno-hw-mul\libsmallc.a(lib_a-int_errno.o)
                              ../music_bsp/\libhal_bsp.a(alt_dev_llist_insert.o) (errno)
c:/intelfpga_lite/18.0/nios2eds/bin/gnu/h-x86_64-mingw32/bin/../lib/gcc/nios2-elf/5.3.0/../../../../../H-x86_64-mingw32/nios2-elf/lib/mno-hw-mul\libsmallc.a(lib_a-memcmp.o)
                              ../music_bsp/\libhal_bsp.a(alt_find_dev.o) (memcmp)
c:/intelfpga_lite/18.0/nios2eds/bin/gnu/h-x86_64-mingw32/bin/../lib/gcc/nios2-elf/5.3.0/../../../../../H-x86_64-mingw32/nios2-elf/lib/mno-hw-mul\libsmallc.a(lib_a-strlen.o)
                              ../music_bsp/\libhal_bsp.a(alt_putstr.o) (strlen)

Allocating common symbols
Common symbol       size              file

alt_irq             0x100             ../music_bsp/\libhal_bsp.a(alt_irq_handler.o)
errno               0x4               c:/intelfpga_lite/18.0/nios2eds/bin/gnu/h-x86_64-mingw32/bin/../lib/gcc/nios2-elf/5.3.0/../../../../../H-x86_64-mingw32/nios2-elf/lib/mno-hw-mul\libsmallc.a(lib_a-int_errno.o)

Memory Configuration

Name             Origin             Length             Attributes
reset            0x0000000000000000 0x0000000000000020
RAM              0x0000000000000020 0x0000000000001fe0
*default*        0x0000000000000000 0xffffffffffffffff

Linker script and memory map

LOAD ../music_bsp//obj/HAL/src/crt0.o
LOAD obj/default/hello_world_small.o
LOAD c:/intelfpga_lite/18.0/nios2eds/bin/gnu/h-x86_64-mingw32/bin/../lib/gcc/nios2-elf/5.3.0/../../../../../H-x86_64-mingw32/nios2-elf/lib/mno-hw-mul\libstdc++.a
LOAD c:/intelfpga_lite/18.0/nios2eds/bin/gnu/h-x86_64-mingw32/bin/../lib/gcc/nios2-elf/5.3.0/../../../../../H-x86_64-mingw32/nios2-elf/lib/mno-hw-mul\libm.a
LOAD c:/intelfpga_lite/18.0/nios2eds/bin/gnu/h-x86_64-mingw32/bin/../lib/gcc/nios2-elf/5.3.0/mno-hw-mul\libgcc.a
START GROUP
LOAD c:/intelfpga_lite/18.0/nios2eds/bin/gnu/h-x86_64-mingw32/bin/../lib/gcc/nios2-elf/5.3.0/../../../../../H-x86_64-mingw32/nios2-elf/lib/mno-hw-mul\libsmallc.a
LOAD c:/intelfpga_lite/18.0/nios2eds/bin/gnu/h-x86_64-mingw32/bin/../lib/gcc/nios2-elf/5.3.0/mno-hw-mul\libgcc.a
LOAD ../music_bsp/\libhal_bsp.a
LOAD c:/intelfpga_lite/18.0/nios2eds/bin/gnu/h-x86_64-mingw32/bin/../lib/gcc/nios2-elf/5.3.0/../../../../../H-x86_64-mingw32/nios2-elf/lib/mno-hw-mul\libm.a
END GROUP
LOAD c:/intelfpga_lite/18.0/nios2eds/bin/gnu/h-x86_64-mingw32/bin/../lib/gcc/nios2-elf/5.3.0/mno-hw-mul\libgcc.a
                0x0000000000000000                __alt_mem_RAM = 0x0

.entry          0x0000000000000000       0x20
 *(.entry)
 .entry         0x0000000000000000       0x20 ../music_bsp//obj/HAL/src/crt0.o
                0x0000000000000000                __reset
                0x000000000000000c                _exit

.exceptions     0x0000000000000020      0x160
                0x0000000000000020                PROVIDE (__ram_exceptions_start, ABSOLUTE (.))
                0x0000000000000020                . = ALIGN (0x20)
 *(.irq)
 *(.exceptions.entry.label)
 .exceptions.entry.label
                0x0000000000000020        0x0 ../music_bsp/\libhal_bsp.a(alt_irq_entry.o)
                0x0000000000000020                alt_irq_entry
 .exceptions.entry.label
                0x0000000000000020        0x0 ../music_bsp/\libhal_bsp.a(alt_exception_entry.o)
                0x0000000000000020                alt_exception
 *(.exceptions.entry.user)
 *(.exceptions.entry.ecc_fatal)
 *(.exceptions.entry)
 .exceptions.entry
                0x0000000000000020       0x54 ../music_bsp/\libhal_bsp.a(alt_exception_entry.o)
 *(.exceptions.irqtest.user)
 *(.exceptions.irqtest)
 .exceptions.irqtest
                0x0000000000000074       0x10 ../music_bsp/\libhal_bsp.a(alt_irq_entry.o)
 *(.exceptions.irqhandler.user)
 *(.exceptions.irqhandler)
 .exceptions.irqhandler
                0x0000000000000084        0x4 ../music_bsp/\libhal_bsp.a(alt_irq_entry.o)
 *(.exceptions.irqreturn.user)
 *(.exceptions.irqreturn)
 .exceptions.irqreturn
                0x0000000000000088        0x4 ../music_bsp/\libhal_bsp.a(alt_irq_entry.o)
 *(.exceptions.notirq.label)
 .exceptions.notirq.label
                0x000000000000008c        0x0 ../music_bsp/\libhal_bsp.a(alt_irq_entry.o)
 *(.exceptions.notirq.user)
 *(.exceptions.notirq)
 .exceptions.notirq
                0x000000000000008c        0x8 ../music_bsp/\libhal_bsp.a(alt_exception_entry.o)
 *(.exceptions.soft.user)
 *(.exceptions.soft)
 *(.exceptions.unknown.user)
 *(.exceptions.unknown)
 .exceptions.unknown
                0x0000000000000094       0x14 ../music_bsp/\libhal_bsp.a(alt_exception_entry.o)
 *(.exceptions.exit.label)
 .exceptions.exit.label
                0x00000000000000a8        0x0 ../music_bsp/\libhal_bsp.a(alt_irq_entry.o)
 .exceptions.exit.label
                0x00000000000000a8        0x0 ../music_bsp/\libhal_bsp.a(alt_exception_entry.o)
 *(.exceptions.exit.user)
 *(.exceptions.exit)
 .exceptions.exit
                0x00000000000000a8       0x54 ../music_bsp/\libhal_bsp.a(alt_exception_entry.o)
 *(.exceptions)
 .exceptions    0x00000000000000fc       0x60 ../music_bsp/\libhal_bsp.a(alt_irq_handler.o)
                0x00000000000000fc                alt_irq_handler
 .exceptions    0x000000000000015c       0x24 ../music_bsp/\libhal_bsp.a(alt_instruction_exception_entry.o)
                0x000000000000015c                alt_instruction_exception_entry
                0x0000000000000180                PROVIDE (__ram_exceptions_end, ABSOLUTE (.))
                0x0000000000000020                PROVIDE (__flash_exceptions_start, LOADADDR (.exceptions))

.text           0x0000000000000180      0xd30
                [!provide]                        PROVIDE (stext, ABSOLUTE (.))
 *(.interp)
 *(.hash)
 *(.dynsym)
 *(.dynstr)
 *(.gnu.version)
 *(.gnu.version_d)
 *(.gnu.version_r)
 *(.rel.init)
 *(.rela.init)
 *(.rel.text .rel.text.* .rel.gnu.linkonce.t.*)
 *(.rela.text .rela.text.* .rela.gnu.linkonce.t.*)
 *(.rel.fini)
 *(.rela.fini)
 *(.rel.rodata .rel.rodata.* .rel.gnu.linkonce.r.*)
 *(.rela.rodata .rela.rodata.* .rela.gnu.linkonce.r.*)
 *(.rel.data .rel.data.* .rel.gnu.linkonce.d.*)
 *(.rela.data .rela.data.* .rela.gnu.linkonce.d.*)
 *(.rel.tdata .rel.tdata.* .rel.gnu.linkonce.td.*)
 *(.rela.tdata .rela.tdata.* .rela.gnu.linkonce.td.*)
 *(.rel.tbss .rel.tbss.* .rel.gnu.linkonce.tb.*)
 *(.rela.tbss .rela.tbss.* .rela.gnu.linkonce.tb.*)
 *(.rel.ctors)
 *(.rela.ctors)
 *(.rel.dtors)
 *(.rela.dtors)
 *(.rel.got)
 *(.rela.got)
 *(.rel.sdata .rel.sdata.* .rel.gnu.linkonce.s.*)
 *(.rela.sdata .rela.sdata.* .rela.gnu.linkonce.s.*)
 *(.rel.sbss .rel.sbss.* .rel.gnu.linkonce.sb.*)
 *(.rela.sbss .rela.sbss.* .rela.gnu.linkonce.sb.*)
 *(.rel.sdata2 .rel.sdata2.* .rel.gnu.linkonce.s2.*)
 *(.rela.sdata2 .rela.sdata2.* .rela.gnu.linkonce.s2.*)
 *(.rel.sbss2 .rel.sbss2.* .rel.gnu.linkonce.sb2.*)
 *(.rela.sbss2 .rela.sbss2.* .rela.gnu.linkonce.sb2.*)
 *(.rel.bss .rel.bss.* .rel.gnu.linkonce.b.*)
 *(.rela.bss .rela.bss.* .rela.gnu.linkonce.b.*)
 *(.rel.plt)
 *(.rela.plt)
 *(.rel.dyn)
 *(.init)
 *(.plt)
 *(.text .stub .text.* .gnu.linkonce.t.*)
 .text          0x0000000000000180       0x3c ../music_bsp//obj/HAL/src/crt0.o
                0x0000000000000180                _start
 .text          0x00000000000001bc      0x20c obj/default/hello_world_small.o
                0x0000000000000264                display_time_4seg
                0x000000000000035c                init_buttons
                0x00000000000003a8                init_timer_hardware
 .text.startup  0x00000000000003c8      0x104 obj/default/hello_world_small.o
                0x00000000000003c8                main
 .text          0x00000000000004cc      0x1b4 c:/intelfpga_lite/18.0/nios2eds/bin/gnu/h-x86_64-mingw32/bin/../lib/gcc/nios2-elf/5.3.0/mno-hw-mul\libgcc.a(lib2-divmod.o)
                0x00000000000004cc                __divsi3
                0x0000000000000550                __modsi3
                0x00000000000005c4                __udivsi3
                0x0000000000000628                __umodsi3
 .text          0x0000000000000680        0x0 c:/intelfpga_lite/18.0/nios2eds/bin/gnu/h-x86_64-mingw32/bin/../lib/gcc/nios2-elf/5.3.0/../../../../../H-x86_64-mingw32/nios2-elf/lib/mno-hw-mul\libsmallc.a(lib_a-memcpy.o)
 .text.memcpy   0x0000000000000680       0x28 c:/intelfpga_lite/18.0/nios2eds/bin/gnu/h-x86_64-mingw32/bin/../lib/gcc/nios2-elf/5.3.0/../../../../../H-x86_64-mingw32/nios2-elf/lib/mno-hw-mul\libsmallc.a(lib_a-memcpy.o)
                0x0000000000000680                memcpy
 .text          0x00000000000006a8       0x8c ../music_bsp/\libhal_bsp.a(alt_iic.o)
                0x00000000000006a8                alt_ic_isr_register
                0x00000000000006ac                alt_ic_irq_enable
                0x00000000000006e4                alt_ic_irq_disable
                0x000000000000071c                alt_ic_irq_enabled
 .text          0x0000000000000734       0x68 ../music_bsp/\libhal_bsp.a(alt_iic_isr_register.o)
                0x0000000000000734                alt_iic_isr_register
 .text          0x000000000000079c        0x0 ../music_bsp/\libhal_bsp.a(alt_irq_entry.o)
 .text          0x000000000000079c        0x0 ../music_bsp/\libhal_bsp.a(alt_irq_handler.o)
 .text          0x000000000000079c        0x0 ../music_bsp/\libhal_bsp.a(alt_irq_vars.o)
 .text          0x000000000000079c       0xe0 ../music_bsp/\libhal_bsp.a(alt_load.o)
                0x000000000000079c                alt_load
 .text          0x000000000000087c       0x2c ../music_bsp/\libhal_bsp.a(alt_main.o)
                0x000000000000087c                alt_main
 .text          0x00000000000008a8      0x170 ../music_bsp/\libhal_bsp.a(alt_printf.o)
                0x00000000000008a8                alt_printf
 .text          0x0000000000000a18       0x48 ../music_bsp/\libhal_bsp.a(alt_putchar.o)
                0x0000000000000a18                alt_putchar
 .text          0x0000000000000a60       0x38 ../music_bsp/\libhal_bsp.a(alt_putstr.o)
                0x0000000000000a60                alt_putstr
 .text          0x0000000000000a98       0x80 ../music_bsp/\libhal_bsp.a(alt_sys_init.o)
                0x0000000000000a98                alt_irq_init
                0x0000000000000ab8                alt_sys_init
 .text          0x0000000000000b18       0x34 ../music_bsp/\libhal_bsp.a(altera_avalon_jtag_uart_write.o)
                0x0000000000000b18                altera_avalon_jtag_uart_write
 .text          0x0000000000000b4c      0x1ac ../music_bsp/\libhal_bsp.a(altera_up_avalon_character_lcd.o)
                0x0000000000000b4c                get_DDRAM_addr
                0x0000000000000b60                alt_up_character_lcd_send_cmd
                0x0000000000000b6c                alt_up_character_lcd_init
                0x0000000000000b7c                alt_up_character_lcd_open_dev
                0x0000000000000b84                alt_up_character_lcd_write
                0x0000000000000ba4                alt_up_character_lcd_string
                0x0000000000000bcc                alt_up_character_lcd_write_fd
                0x0000000000000bec                alt_up_character_lcd_set_cursor_pos
                0x0000000000000c24                alt_up_character_lcd_shift_cursor
                0x0000000000000c5c                alt_up_character_lcd_shift_display
                0x0000000000000c94                alt_up_character_lcd_erase_pos
                0x0000000000000cd8                alt_up_character_lcd_cursor_off
                0x0000000000000ce8                alt_up_character_lcd_cursor_blink_on
 .text          0x0000000000000cf8        0x4 ../music_bsp/\libhal_bsp.a(alt_dcache_flush_all.o)
                0x0000000000000cf8                alt_dcache_flush_all
 .text          0x0000000000000cfc        0x8 ../music_bsp/\libhal_bsp.a(alt_dev.o)
 .text          0x0000000000000d04       0x6c ../music_bsp/\libhal_bsp.a(alt_dev_llist_insert.o)
                0x0000000000000d04                alt_dev_llist_insert
 .text          0x0000000000000d70        0x0 ../music_bsp/\libhal_bsp.a(alt_errno.o)
 .text          0x0000000000000d70        0x0 ../music_bsp/\libhal_bsp.a(alt_exception_entry.o)
 .text          0x0000000000000d70       0x74 ../music_bsp/\libhal_bsp.a(alt_find_dev.o)
                0x0000000000000d70                alt_find_dev
 .text          0x0000000000000de4        0x4 ../music_bsp/\libhal_bsp.a(alt_icache_flush_all.o)
                0x0000000000000de4                alt_icache_flush_all
 .text          0x0000000000000de8       0x74 ../music_bsp/\libhal_bsp.a(alt_instruction_exception_entry.o)
                0x0000000000000de8                alt_exception_cause_generated_bad_addr
 .text          0x0000000000000e5c        0x8 ../music_bsp/\libhal_bsp.a(altera_nios2_gen2_irq.o)
                0x0000000000000e5c                altera_nios2_gen2_irq_init
 .text          0x0000000000000e64        0x0 c:/intelfpga_lite/18.0/nios2eds/bin/gnu/h-x86_64-mingw32/bin/../lib/gcc/nios2-elf/5.3.0/../../../../../H-x86_64-mingw32/nios2-elf/lib/mno-hw-mul\libsmallc.a(lib_a-int_errno.o)
 .text          0x0000000000000e64        0x0 c:/intelfpga_lite/18.0/nios2eds/bin/gnu/h-x86_64-mingw32/bin/../lib/gcc/nios2-elf/5.3.0/../../../../../H-x86_64-mingw32/nios2-elf/lib/mno-hw-mul\libsmallc.a(lib_a-memcmp.o)
 .text.memcmp   0x0000000000000e64       0x30 c:/intelfpga_lite/18.0/nios2eds/bin/gnu/h-x86_64-mingw32/bin/../lib/gcc/nios2-elf/5.3.0/../../../../../H-x86_64-mingw32/nios2-elf/lib/mno-hw-mul\libsmallc.a(lib_a-memcmp.o)
                0x0000000000000e64                memcmp
 .text          0x0000000000000e94        0x0 c:/intelfpga_lite/18.0/nios2eds/bin/gnu/h-x86_64-mingw32/bin/../lib/gcc/nios2-elf/5.3.0/../../../../../H-x86_64-mingw32/nios2-elf/lib/mno-hw-mul\libsmallc.a(lib_a-strlen.o)
 .text.strlen   0x0000000000000e94       0x1c c:/intelfpga_lite/18.0/nios2eds/bin/gnu/h-x86_64-mingw32/bin/../lib/gcc/nios2-elf/5.3.0/../../../../../H-x86_64-mingw32/nios2-elf/lib/mno-hw-mul\libsmallc.a(lib_a-strlen.o)
                0x0000000000000e94                strlen
 *(.gnu.warning.*)
 *(.fini)
                [!provide]                        PROVIDE (__etext, ABSOLUTE (.))
                [!provide]                        PROVIDE (_etext, ABSOLUTE (.))
                [!provide]                        PROVIDE (etext, ABSOLUTE (.))
 *(.eh_frame_hdr)
                0x0000000000000eb0                . = ALIGN (0x4)
                [!provide]                        PROVIDE (__preinit_array_start, ABSOLUTE (.))
 *(.preinit_array)
                [!provide]                        PROVIDE (__preinit_array_end, ABSOLUTE (.))
                [!provide]                        PROVIDE (__init_array_start, ABSOLUTE (.))
 *(.init_array)
                [!provide]                        PROVIDE (__init_array_end, ABSOLUTE (.))
                [!provide]                        PROVIDE (__fini_array_start, ABSOLUTE (.))
 *(.fini_array)
                [!provide]                        PROVIDE (__fini_array_end, ABSOLUTE (.))
 *(.eh_frame)
 *(.gcc_except_table .gcc_except_table.*)
 *(.dynamic)
                [!provide]                        PROVIDE (__CTOR_LIST__, ABSOLUTE (.))
 *(.ctors)
 *(SORT(.ctors.*))
                [!provide]                        PROVIDE (__CTOR_END__, ABSOLUTE (.))
                [!provide]                        PROVIDE (__DTOR_LIST__, ABSOLUTE (.))
 *(.dtors)
 *(SORT(.dtors.*))
                [!provide]                        PROVIDE (__DTOR_END__, ABSOLUTE (.))
 *(.jcr)
                0x0000000000000eb0                . = ALIGN (0x4)

.rodata         0x0000000000000eb0      0x154
                0x0000000000000eb0                PROVIDE (__ram_rodata_start, ABSOLUTE (.))
                0x0000000000000eb0                . = ALIGN (0x4)
 *(.rodata .rodata.* .gnu.linkonce.r.*)
 .rodata.str1.4
                0x0000000000000eb0       0xf4 obj/default/hello_world_small.o
 .rodata        0x0000000000000fa4       0x28 obj/default/hello_world_small.o
 .rodata.str1.4
                0x0000000000000fcc       0x2a ../music_bsp/\libhal_bsp.a(alt_sys_init.o)
 *fill*         0x0000000000000ff6        0x2 
 .rodata.str1.4
                0x0000000000000ff8        0xc ../music_bsp/\libhal_bsp.a(alt_dev.o)
                                          0xa (size before relaxing)
 *(.rodata1)
                0x0000000000001004                . = ALIGN (0x4)
                0x0000000000001004                PROVIDE (__ram_rodata_end, ABSOLUTE (.))
                0x0000000000000eb0                PROVIDE (__flash_rodata_start, LOADADDR (.rodata))

.rwdata         0x0000000000001004      0x108 load address 0x000000000000110c
                0x0000000000001004                PROVIDE (__ram_rwdata_start, ABSOLUTE (.))
                0x0000000000001004                . = ALIGN (0x4)
 *(.got.plt)
 *(.got)
 *(.data1)
 *(.data .data.* .gnu.linkonce.d.*)
 .data          0x0000000000001004        0x0 ../music_bsp//obj/HAL/src/crt0.o
 .data          0x0000000000001004        0x0 obj/default/hello_world_small.o
 .data          0x0000000000001004        0x0 c:/intelfpga_lite/18.0/nios2eds/bin/gnu/h-x86_64-mingw32/bin/../lib/gcc/nios2-elf/5.3.0/mno-hw-mul\libgcc.a(lib2-divmod.o)
 .data          0x0000000000001004        0x0 c:/intelfpga_lite/18.0/nios2eds/bin/gnu/h-x86_64-mingw32/bin/../lib/gcc/nios2-elf/5.3.0/../../../../../H-x86_64-mingw32/nios2-elf/lib/mno-hw-mul\libsmallc.a(lib_a-memcpy.o)
 .data          0x0000000000001004        0x0 ../music_bsp/\libhal_bsp.a(alt_iic.o)
 .data          0x0000000000001004        0x0 ../music_bsp/\libhal_bsp.a(alt_iic_isr_register.o)
 .data          0x0000000000001004        0x0 ../music_bsp/\libhal_bsp.a(alt_irq_entry.o)
 .data          0x0000000000001004        0x0 ../music_bsp/\libhal_bsp.a(alt_irq_handler.o)
 .data          0x0000000000001004        0x0 ../music_bsp/\libhal_bsp.a(alt_irq_vars.o)
 .data          0x0000000000001004        0x0 ../music_bsp/\libhal_bsp.a(alt_load.o)
 .data          0x0000000000001004        0x0 ../music_bsp/\libhal_bsp.a(alt_main.o)
 .data          0x0000000000001004        0x0 ../music_bsp/\libhal_bsp.a(alt_printf.o)
 .data          0x0000000000001004        0x0 ../music_bsp/\libhal_bsp.a(alt_putchar.o)
 .data          0x0000000000001004        0x0 ../music_bsp/\libhal_bsp.a(alt_putstr.o)
 .data          0x0000000000001004       0x8c ../music_bsp/\libhal_bsp.a(alt_sys_init.o)
 .data          0x0000000000001090        0x0 ../music_bsp/\libhal_bsp.a(altera_avalon_jtag_uart_write.o)
 .data          0x0000000000001090        0x0 ../music_bsp/\libhal_bsp.a(altera_up_avalon_character_lcd.o)
 .data          0x0000000000001090        0x0 ../music_bsp/\libhal_bsp.a(alt_dcache_flush_all.o)
 .data          0x0000000000001090       0x58 ../music_bsp/\libhal_bsp.a(alt_dev.o)
                0x0000000000001090                alt_fd_list
                0x00000000000010c0                alt_dev_null
 .data          0x00000000000010e8        0x0 ../music_bsp/\libhal_bsp.a(alt_dev_llist_insert.o)
 .data          0x00000000000010e8        0x0 ../music_bsp/\libhal_bsp.a(alt_errno.o)
 .data          0x00000000000010e8        0x0 ../music_bsp/\libhal_bsp.a(alt_exception_entry.o)
 .data          0x00000000000010e8        0x0 ../music_bsp/\libhal_bsp.a(alt_find_dev.o)
 .data          0x00000000000010e8        0x0 ../music_bsp/\libhal_bsp.a(alt_icache_flush_all.o)
 .data          0x00000000000010e8        0x0 ../music_bsp/\libhal_bsp.a(alt_instruction_exception_entry.o)
 .data          0x00000000000010e8        0x0 ../music_bsp/\libhal_bsp.a(altera_nios2_gen2_irq.o)
 .data          0x00000000000010e8        0x0 c:/intelfpga_lite/18.0/nios2eds/bin/gnu/h-x86_64-mingw32/bin/../lib/gcc/nios2-elf/5.3.0/../../../../../H-x86_64-mingw32/nios2-elf/lib/mno-hw-mul\libsmallc.a(lib_a-int_errno.o)
 .data          0x00000000000010e8        0x0 c:/intelfpga_lite/18.0/nios2eds/bin/gnu/h-x86_64-mingw32/bin/../lib/gcc/nios2-elf/5.3.0/../../../../../H-x86_64-mingw32/nios2-elf/lib/mno-hw-mul\libsmallc.a(lib_a-memcmp.o)
 .data          0x00000000000010e8        0x0 c:/intelfpga_lite/18.0/nios2eds/bin/gnu/h-x86_64-mingw32/bin/../lib/gcc/nios2-elf/5.3.0/../../../../../H-x86_64-mingw32/nios2-elf/lib/mno-hw-mul\libsmallc.a(lib_a-strlen.o)
                0x00000000000090e8                _gp = ABSOLUTE ((. + 0x8000))
                [!provide]                        PROVIDE (gp, _gp)
 *(.rwdata .rwdata.*)
 *(.sdata .sdata.* .gnu.linkonce.s.*)
 .sdata         0x00000000000010e8        0x4 obj/default/hello_world_small.o
                0x00000000000010e8                is_running
 .sdata         0x00000000000010ec        0x4 ../music_bsp/\libhal_bsp.a(alt_irq_vars.o)
                0x00000000000010ec                alt_priority_mask
 .sdata         0x00000000000010f0        0x4 ../music_bsp/\libhal_bsp.a(alt_sys_init.o)
                0x00000000000010f0                UART
 .sdata         0x00000000000010f4       0x14 ../music_bsp/\libhal_bsp.a(alt_dev.o)
                0x00000000000010f4                alt_max_fd
                0x00000000000010f8                alt_dev_list
                0x0000000000001100                alt_fs_list
 .sdata         0x0000000000001108        0x4 ../music_bsp/\libhal_bsp.a(alt_errno.o)
                0x0000000000001108                alt_errno
 *(.sdata2 .sdata2.* .gnu.linkonce.s2.*)
                0x000000000000110c                . = ALIGN (0x4)
                0x000000000000110c                _edata = ABSOLUTE (.)
                [!provide]                        PROVIDE (edata, ABSOLUTE (.))
                0x000000000000110c                PROVIDE (__ram_rwdata_end, ABSOLUTE (.))
                0x000000000000110c                PROVIDE (__flash_rwdata_start, LOADADDR (.rwdata))

.bss            0x0000000000001214      0x11c
                0x0000000000001214                __bss_start = ABSOLUTE (.)
                [!provide]                        PROVIDE (__sbss_start, ABSOLUTE (.))
                [!provide]                        PROVIDE (___sbss_start, ABSOLUTE (.))
 *(.dynsbss)
 *(.sbss .sbss.* .gnu.linkonce.sb.*)
 .sbss          0x0000000000001214        0x4 obj/default/hello_world_small.o
                0x0000000000001214                reset_request
 .sbss          0x0000000000001218        0x4 ../music_bsp/\libhal_bsp.a(alt_irq_vars.o)
                0x0000000000001218                alt_irq_active
 .sbss          0x000000000000121c        0xc ../music_bsp/\libhal_bsp.a(alt_main.o)
                0x000000000000121c                alt_envp
                0x0000000000001220                alt_argv
                0x0000000000001224                alt_argc
 .sbss          0x0000000000001228        0x4 ../music_bsp/\libhal_bsp.a(alt_instruction_exception_entry.o)
                0x0000000000001228                alt_instruction_exception_handler
 .sbss          0x000000000000122c        0x4 c:/intelfpga_lite/18.0/nios2eds/bin/gnu/h-x86_64-mingw32/bin/../lib/gcc/nios2-elf/5.3.0/../../../../../H-x86_64-mingw32/nios2-elf/lib/mno-hw-mul\libsmallc.a(lib_a-int_errno.o)
                0x000000000000122c                errno
 *(.sbss2 .sbss2.* .gnu.linkonce.sb2.*)
 *(.scommon)
                [!provide]                        PROVIDE (__sbss_end, ABSOLUTE (.))
                [!provide]                        PROVIDE (___sbss_end, ABSOLUTE (.))
 *(.dynbss)
 *(.bss .bss.* .gnu.linkonce.b.*)
 .bss           0x0000000000001230        0x0 ../music_bsp//obj/HAL/src/crt0.o
 .bss           0x0000000000001230        0x0 obj/default/hello_world_small.o
 .bss           0x0000000000001230        0x0 c:/intelfpga_lite/18.0/nios2eds/bin/gnu/h-x86_64-mingw32/bin/../lib/gcc/nios2-elf/5.3.0/mno-hw-mul\libgcc.a(lib2-divmod.o)
 .bss           0x0000000000001230        0x0 c:/intelfpga_lite/18.0/nios2eds/bin/gnu/h-x86_64-mingw32/bin/../lib/gcc/nios2-elf/5.3.0/../../../../../H-x86_64-mingw32/nios2-elf/lib/mno-hw-mul\libsmallc.a(lib_a-memcpy.o)
 .bss           0x0000000000001230        0x0 ../music_bsp/\libhal_bsp.a(alt_iic.o)
 .bss           0x0000000000001230        0x0 ../music_bsp/\libhal_bsp.a(alt_iic_isr_register.o)
 .bss           0x0000000000001230        0x0 ../music_bsp/\libhal_bsp.a(alt_irq_entry.o)
 .bss           0x0000000000001230        0x0 ../music_bsp/\libhal_bsp.a(alt_irq_handler.o)
 .bss           0x0000000000001230        0x0 ../music_bsp/\libhal_bsp.a(alt_irq_vars.o)
 .bss           0x0000000000001230        0x0 ../music_bsp/\libhal_bsp.a(alt_load.o)
 .bss           0x0000000000001230        0x0 ../music_bsp/\libhal_bsp.a(alt_main.o)
 .bss           0x0000000000001230        0x0 ../music_bsp/\libhal_bsp.a(alt_printf.o)
 .bss           0x0000000000001230        0x0 ../music_bsp/\libhal_bsp.a(alt_putchar.o)
 .bss           0x0000000000001230        0x0 ../music_bsp/\libhal_bsp.a(alt_putstr.o)
 .bss           0x0000000000001230        0x0 ../music_bsp/\libhal_bsp.a(alt_sys_init.o)
 .bss           0x0000000000001230        0x0 ../music_bsp/\libhal_bsp.a(altera_avalon_jtag_uart_write.o)
 .bss           0x0000000000001230        0x0 ../music_bsp/\libhal_bsp.a(altera_up_avalon_character_lcd.o)
 .bss           0x0000000000001230        0x0 ../music_bsp/\libhal_bsp.a(alt_dcache_flush_all.o)
 .bss           0x0000000000001230        0x0 ../music_bsp/\libhal_bsp.a(alt_dev.o)
 .bss           0x0000000000001230        0x0 ../music_bsp/\libhal_bsp.a(alt_dev_llist_insert.o)
 .bss           0x0000000000001230        0x0 ../music_bsp/\libhal_bsp.a(alt_errno.o)
 .bss           0x0000000000001230        0x0 ../music_bsp/\libhal_bsp.a(alt_exception_entry.o)
 .bss           0x0000000000001230        0x0 ../music_bsp/\libhal_bsp.a(alt_find_dev.o)
 .bss           0x0000000000001230        0x0 ../music_bsp/\libhal_bsp.a(alt_icache_flush_all.o)
 .bss           0x0000000000001230        0x0 ../music_bsp/\libhal_bsp.a(alt_instruction_exception_entry.o)
 .bss           0x0000000000001230        0x0 ../music_bsp/\libhal_bsp.a(altera_nios2_gen2_irq.o)
 .bss           0x0000000000001230        0x0 c:/intelfpga_lite/18.0/nios2eds/bin/gnu/h-x86_64-mingw32/bin/../lib/gcc/nios2-elf/5.3.0/../../../../../H-x86_64-mingw32/nios2-elf/lib/mno-hw-mul\libsmallc.a(lib_a-int_errno.o)
 .bss           0x0000000000001230        0x0 c:/intelfpga_lite/18.0/nios2eds/bin/gnu/h-x86_64-mingw32/bin/../lib/gcc/nios2-elf/5.3.0/../../../../../H-x86_64-mingw32/nios2-elf/lib/mno-hw-mul\libsmallc.a(lib_a-memcmp.o)
 .bss           0x0000000000001230        0x0 c:/intelfpga_lite/18.0/nios2eds/bin/gnu/h-x86_64-mingw32/bin/../lib/gcc/nios2-elf/5.3.0/../../../../../H-x86_64-mingw32/nios2-elf/lib/mno-hw-mul\libsmallc.a(lib_a-strlen.o)
 *(COMMON)
 COMMON         0x0000000000001230      0x100 ../music_bsp/\libhal_bsp.a(alt_irq_handler.o)
                0x0000000000001230                alt_irq
                0x0000000000001330                . = ALIGN (0x4)
                0x0000000000001330                __bss_end = ABSOLUTE (.)

.RAM            0x0000000000001330        0x0
                [!provide]                        PROVIDE (_alt_partition_RAM_start, ABSOLUTE (.))
 *(.RAM .RAM. RAM.*)
                0x0000000000001330                . = ALIGN (0x4)
                [!provide]                        PROVIDE (_alt_partition_RAM_end, ABSOLUTE (.))
                0x0000000000001330                _end = ABSOLUTE (.)
                0x0000000000001330                end = ABSOLUTE (.)
                0x0000000000001330                __alt_stack_base = ABSOLUTE (.)
                [!provide]                        PROVIDE (_alt_partition_RAM_load_addr, LOADADDR (.RAM))

.stab
 *(.stab)

.stabstr
 *(.stabstr)

.stab.excl
 *(.stab.excl)

.stab.exclstr
 *(.stab.exclstr)

.stab.index
 *(.stab.index)

.stab.indexstr
 *(.stab.indexstr)

.comment        0x0000000000000000       0x23
 *(.comment)
 .comment       0x0000000000000000       0x23 obj/default/hello_world_small.o
                                         0x24 (size before relaxing)
 .comment       0x0000000000000023       0x24 c:/intelfpga_lite/18.0/nios2eds/bin/gnu/h-x86_64-mingw32/bin/../lib/gcc/nios2-elf/5.3.0/mno-hw-mul\libgcc.a(lib2-divmod.o)
 .comment       0x0000000000000023       0x24 c:/intelfpga_lite/18.0/nios2eds/bin/gnu/h-x86_64-mingw32/bin/../lib/gcc/nios2-elf/5.3.0/../../../../../H-x86_64-mingw32/nios2-elf/lib/mno-hw-mul\libsmallc.a(lib_a-memcpy.o)
 .comment       0x0000000000000023       0x24 ../music_bsp/\libhal_bsp.a(alt_iic.o)
 .comment       0x0000000000000023       0x24 ../music_bsp/\libhal_bsp.a(alt_iic_isr_register.o)
 .comment       0x0000000000000023       0x24 ../music_bsp/\libhal_bsp.a(alt_irq_handler.o)
 .comment       0x0000000000000023       0x24 ../music_bsp/\libhal_bsp.a(alt_irq_vars.o)
 .comment       0x0000000000000023       0x24 ../music_bsp/\libhal_bsp.a(alt_load.o)
 .comment       0x0000000000000023       0x24 ../music_bsp/\libhal_bsp.a(alt_main.o)
 .comment       0x0000000000000023       0x24 ../music_bsp/\libhal_bsp.a(alt_printf.o)
 .comment       0x0000000000000023       0x24 ../music_bsp/\libhal_bsp.a(alt_putchar.o)
 .comment       0x0000000000000023       0x24 ../music_bsp/\libhal_bsp.a(alt_putstr.o)
 .comment       0x0000000000000023       0x24 ../music_bsp/\libhal_bsp.a(alt_sys_init.o)
 .comment       0x0000000000000023       0x24 ../music_bsp/\libhal_bsp.a(altera_avalon_jtag_uart_write.o)
 .comment       0x0000000000000023       0x24 ../music_bsp/\libhal_bsp.a(altera_up_avalon_character_lcd.o)
 .comment       0x0000000000000023       0x24 ../music_bsp/\libhal_bsp.a(alt_dcache_flush_all.o)
 .comment       0x0000000000000023       0x24 ../music_bsp/\libhal_bsp.a(alt_dev.o)
 .comment       0x0000000000000023       0x24 ../music_bsp/\libhal_bsp.a(alt_dev_llist_insert.o)
 .comment       0x0000000000000023       0x24 ../music_bsp/\libhal_bsp.a(alt_errno.o)
 .comment       0x0000000000000023       0x24 ../music_bsp/\libhal_bsp.a(alt_find_dev.o)
 .comment       0x0000000000000023       0x24 ../music_bsp/\libhal_bsp.a(alt_icache_flush_all.o)
 .comment       0x0000000000000023       0x24 ../music_bsp/\libhal_bsp.a(alt_instruction_exception_entry.o)
 .comment       0x0000000000000023       0x24 ../music_bsp/\libhal_bsp.a(altera_nios2_gen2_irq.o)
 .comment       0x0000000000000023       0x24 c:/intelfpga_lite/18.0/nios2eds/bin/gnu/h-x86_64-mingw32/bin/../lib/gcc/nios2-elf/5.3.0/../../../../../H-x86_64-mingw32/nios2-elf/lib/mno-hw-mul\libsmallc.a(lib_a-int_errno.o)
 .comment       0x0000000000000023       0x24 c:/intelfpga_lite/18.0/nios2eds/bin/gnu/h-x86_64-mingw32/bin/../lib/gcc/nios2-elf/5.3.0/../../../../../H-x86_64-mingw32/nios2-elf/lib/mno-hw-mul\libsmallc.a(lib_a-memcmp.o)
 .comment       0x0000000000000023       0x24 c:/intelfpga_lite/18.0/nios2eds/bin/gnu/h-x86_64-mingw32/bin/../lib/gcc/nios2-elf/5.3.0/../../../../../H-x86_64-mingw32/nios2-elf/lib/mno-hw-mul\libsmallc.a(lib_a-strlen.o)

.debug
 *(.debug)

.line
 *(.line)

.debug_srcinfo
 *(.debug_srcinfo)

.debug_sfnames
 *(.debug_sfnames)

.debug_aranges  0x0000000000000000      0x3c8
 *(.debug_aranges)
 .debug_aranges
                0x0000000000000000       0x28 ../music_bsp//obj/HAL/src/crt0.o
 .debug_aranges
                0x0000000000000028       0x28 obj/default/hello_world_small.o
 .debug_aranges
                0x0000000000000050       0x20 c:/intelfpga_lite/18.0/nios2eds/bin/gnu/h-x86_64-mingw32/bin/../lib/gcc/nios2-elf/5.3.0/mno-hw-mul\libgcc.a(lib2-divmod.o)
 .debug_aranges
                0x0000000000000070       0x20 c:/intelfpga_lite/18.0/nios2eds/bin/gnu/h-x86_64-mingw32/bin/../lib/gcc/nios2-elf/5.3.0/../../../../../H-x86_64-mingw32/nios2-elf/lib/mno-hw-mul\libsmallc.a(lib_a-memcpy.o)
 .debug_aranges
                0x0000000000000090       0x20 ../music_bsp/\libhal_bsp.a(alt_iic.o)
 .debug_aranges
                0x00000000000000b0       0x20 ../music_bsp/\libhal_bsp.a(alt_iic_isr_register.o)
 .debug_aranges
                0x00000000000000d0       0x30 ../music_bsp/\libhal_bsp.a(alt_irq_entry.o)
 .debug_aranges
                0x0000000000000100       0x20 ../music_bsp/\libhal_bsp.a(alt_irq_handler.o)
 .debug_aranges
                0x0000000000000120       0x18 ../music_bsp/\libhal_bsp.a(alt_irq_vars.o)
 .debug_aranges
                0x0000000000000138       0x20 ../music_bsp/\libhal_bsp.a(alt_load.o)
 .debug_aranges
                0x0000000000000158       0x20 ../music_bsp/\libhal_bsp.a(alt_main.o)
 .debug_aranges
                0x0000000000000178       0x20 ../music_bsp/\libhal_bsp.a(alt_printf.o)
 .debug_aranges
                0x0000000000000198       0x20 ../music_bsp/\libhal_bsp.a(alt_putchar.o)
 .debug_aranges
                0x00000000000001b8       0x20 ../music_bsp/\libhal_bsp.a(alt_putstr.o)
 .debug_aranges
                0x00000000000001d8       0x20 ../music_bsp/\libhal_bsp.a(alt_sys_init.o)
 .debug_aranges
                0x00000000000001f8       0x20 ../music_bsp/\libhal_bsp.a(altera_avalon_jtag_uart_write.o)
 .debug_aranges
                0x0000000000000218       0x20 ../music_bsp/\libhal_bsp.a(altera_up_avalon_character_lcd.o)
 .debug_aranges
                0x0000000000000238       0x20 ../music_bsp/\libhal_bsp.a(alt_dcache_flush_all.o)
 .debug_aranges
                0x0000000000000258       0x20 ../music_bsp/\libhal_bsp.a(alt_dev.o)
 .debug_aranges
                0x0000000000000278       0x20 ../music_bsp/\libhal_bsp.a(alt_dev_llist_insert.o)
 .debug_aranges
                0x0000000000000298       0x18 ../music_bsp/\libhal_bsp.a(alt_errno.o)
 .debug_aranges
                0x00000000000002b0       0x38 ../music_bsp/\libhal_bsp.a(alt_exception_entry.o)
 .debug_aranges
                0x00000000000002e8       0x20 ../music_bsp/\libhal_bsp.a(alt_find_dev.o)
 .debug_aranges
                0x0000000000000308       0x20 ../music_bsp/\libhal_bsp.a(alt_icache_flush_all.o)
 .debug_aranges
                0x0000000000000328       0x28 ../music_bsp/\libhal_bsp.a(alt_instruction_exception_entry.o)
 .debug_aranges
                0x0000000000000350       0x20 ../music_bsp/\libhal_bsp.a(altera_nios2_gen2_irq.o)
 .debug_aranges
                0x0000000000000370       0x18 c:/intelfpga_lite/18.0/nios2eds/bin/gnu/h-x86_64-mingw32/bin/../lib/gcc/nios2-elf/5.3.0/../../../../../H-x86_64-mingw32/nios2-elf/lib/mno-hw-mul\libsmallc.a(lib_a-int_errno.o)
 .debug_aranges
                0x0000000000000388       0x20 c:/intelfpga_lite/18.0/nios2eds/bin/gnu/h-x86_64-mingw32/bin/../lib/gcc/nios2-elf/5.3.0/../../../../../H-x86_64-mingw32/nios2-elf/lib/mno-hw-mul\libsmallc.a(lib_a-memcmp.o)
 .debug_aranges
                0x00000000000003a8       0x20 c:/intelfpga_lite/18.0/nios2eds/bin/gnu/h-x86_64-mingw32/bin/../lib/gcc/nios2-elf/5.3.0/../../../../../H-x86_64-mingw32/nios2-elf/lib/mno-hw-mul\libsmallc.a(lib_a-strlen.o)

.debug_pubnames
 *(.debug_pubnames)

.debug_info     0x0000000000000000     0x374f
 *(.debug_info .gnu.linkonce.wi.*)
 .debug_info    0x0000000000000000       0x83 ../music_bsp//obj/HAL/src/crt0.o
 .debug_info    0x0000000000000083      0x411 obj/default/hello_world_small.o
 .debug_info    0x0000000000000494      0x2c6 c:/intelfpga_lite/18.0/nios2eds/bin/gnu/h-x86_64-mingw32/bin/../lib/gcc/nios2-elf/5.3.0/mno-hw-mul\libgcc.a(lib2-divmod.o)
 .debug_info    0x000000000000075a      0x119 c:/intelfpga_lite/18.0/nios2eds/bin/gnu/h-x86_64-mingw32/bin/../lib/gcc/nios2-elf/5.3.0/../../../../../H-x86_64-mingw32/nios2-elf/lib/mno-hw-mul\libsmallc.a(lib_a-memcpy.o)
 .debug_info    0x0000000000000873      0x38a ../music_bsp/\libhal_bsp.a(alt_iic.o)
 .debug_info    0x0000000000000bfd      0x232 ../music_bsp/\libhal_bsp.a(alt_iic_isr_register.o)
 .debug_info    0x0000000000000e2f       0x8c ../music_bsp/\libhal_bsp.a(alt_irq_entry.o)
 .debug_info    0x0000000000000ebb      0x184 ../music_bsp/\libhal_bsp.a(alt_irq_handler.o)
 .debug_info    0x000000000000103f       0x88 ../music_bsp/\libhal_bsp.a(alt_irq_vars.o)
 .debug_info    0x00000000000010c7      0x1c9 ../music_bsp/\libhal_bsp.a(alt_load.o)
 .debug_info    0x0000000000001290      0x169 ../music_bsp/\libhal_bsp.a(alt_main.o)
 .debug_info    0x00000000000013f9      0x14d ../music_bsp/\libhal_bsp.a(alt_printf.o)
 .debug_info    0x0000000000001546      0x12a ../music_bsp/\libhal_bsp.a(alt_putchar.o)
 .debug_info    0x0000000000001670      0x13a ../music_bsp/\libhal_bsp.a(alt_putstr.o)
 .debug_info    0x00000000000017aa      0x5c6 ../music_bsp/\libhal_bsp.a(alt_sys_init.o)
 .debug_info    0x0000000000001d70      0x197 ../music_bsp/\libhal_bsp.a(altera_avalon_jtag_uart_write.o)
 .debug_info    0x0000000000001f07      0x79d ../music_bsp/\libhal_bsp.a(altera_up_avalon_character_lcd.o)
 .debug_info    0x00000000000026a4       0x92 ../music_bsp/\libhal_bsp.a(alt_dcache_flush_all.o)
 .debug_info    0x0000000000002736      0x499 ../music_bsp/\libhal_bsp.a(alt_dev.o)
 .debug_info    0x0000000000002bcf      0x1b3 ../music_bsp/\libhal_bsp.a(alt_dev_llist_insert.o)
 .debug_info    0x0000000000002d82       0xa6 ../music_bsp/\libhal_bsp.a(alt_errno.o)
 .debug_info    0x0000000000002e28       0x92 ../music_bsp/\libhal_bsp.a(alt_exception_entry.o)
 .debug_info    0x0000000000002eba      0x32d ../music_bsp/\libhal_bsp.a(alt_find_dev.o)
 .debug_info    0x00000000000031e7       0x92 ../music_bsp/\libhal_bsp.a(alt_icache_flush_all.o)
 .debug_info    0x0000000000003279      0x1fd ../music_bsp/\libhal_bsp.a(alt_instruction_exception_entry.o)
 .debug_info    0x0000000000003476       0x92 ../music_bsp/\libhal_bsp.a(altera_nios2_gen2_irq.o)
 .debug_info    0x0000000000003508       0x8a c:/intelfpga_lite/18.0/nios2eds/bin/gnu/h-x86_64-mingw32/bin/../lib/gcc/nios2-elf/5.3.0/../../../../../H-x86_64-mingw32/nios2-elf/lib/mno-hw-mul\libsmallc.a(lib_a-int_errno.o)
 .debug_info    0x0000000000003592       0xf4 c:/intelfpga_lite/18.0/nios2eds/bin/gnu/h-x86_64-mingw32/bin/../lib/gcc/nios2-elf/5.3.0/../../../../../H-x86_64-mingw32/nios2-elf/lib/mno-hw-mul\libsmallc.a(lib_a-memcmp.o)
 .debug_info    0x0000000000003686       0xc9 c:/intelfpga_lite/18.0/nios2eds/bin/gnu/h-x86_64-mingw32/bin/../lib/gcc/nios2-elf/5.3.0/../../../../../H-x86_64-mingw32/nios2-elf/lib/mno-hw-mul\libsmallc.a(lib_a-strlen.o)

.debug_abbrev   0x0000000000000000     0x17bf
 *(.debug_abbrev)
 .debug_abbrev  0x0000000000000000       0x12 ../music_bsp//obj/HAL/src/crt0.o
 .debug_abbrev  0x0000000000000012      0x1d0 obj/default/hello_world_small.o
 .debug_abbrev  0x00000000000001e2      0x10e c:/intelfpga_lite/18.0/nios2eds/bin/gnu/h-x86_64-mingw32/bin/../lib/gcc/nios2-elf/5.3.0/mno-hw-mul\libgcc.a(lib2-divmod.o)
 .debug_abbrev  0x00000000000002f0       0x9c c:/intelfpga_lite/18.0/nios2eds/bin/gnu/h-x86_64-mingw32/bin/../lib/gcc/nios2-elf/5.3.0/../../../../../H-x86_64-mingw32/nios2-elf/lib/mno-hw-mul\libsmallc.a(lib_a-memcpy.o)
 .debug_abbrev  0x000000000000038c      0x1a0 ../music_bsp/\libhal_bsp.a(alt_iic.o)
 .debug_abbrev  0x000000000000052c      0x19c ../music_bsp/\libhal_bsp.a(alt_iic_isr_register.o)
 .debug_abbrev  0x00000000000006c8       0x12 ../music_bsp/\libhal_bsp.a(alt_irq_entry.o)
 .debug_abbrev  0x00000000000006da      0x120 ../music_bsp/\libhal_bsp.a(alt_irq_handler.o)
 .debug_abbrev  0x00000000000007fa       0x40 ../music_bsp/\libhal_bsp.a(alt_irq_vars.o)
 .debug_abbrev  0x000000000000083a       0xd8 ../music_bsp/\libhal_bsp.a(alt_load.o)
 .debug_abbrev  0x0000000000000912       0xee ../music_bsp/\libhal_bsp.a(alt_main.o)
 .debug_abbrev  0x0000000000000a00       0xd5 ../music_bsp/\libhal_bsp.a(alt_printf.o)
 .debug_abbrev  0x0000000000000ad5       0xd2 ../music_bsp/\libhal_bsp.a(alt_putchar.o)
 .debug_abbrev  0x0000000000000ba7       0xd3 ../music_bsp/\libhal_bsp.a(alt_putstr.o)
 .debug_abbrev  0x0000000000000c7a      0x1e2 ../music_bsp/\libhal_bsp.a(alt_sys_init.o)
 .debug_abbrev  0x0000000000000e5c       0xd5 ../music_bsp/\libhal_bsp.a(altera_avalon_jtag_uart_write.o)
 .debug_abbrev  0x0000000000000f31      0x226 ../music_bsp/\libhal_bsp.a(altera_up_avalon_character_lcd.o)
 .debug_abbrev  0x0000000000001157       0x42 ../music_bsp/\libhal_bsp.a(alt_dcache_flush_all.o)
 .debug_abbrev  0x0000000000001199       0xd9 ../music_bsp/\libhal_bsp.a(alt_dev.o)
 .debug_abbrev  0x0000000000001272      0x11c ../music_bsp/\libhal_bsp.a(alt_dev_llist_insert.o)
 .debug_abbrev  0x000000000000138e       0x5a ../music_bsp/\libhal_bsp.a(alt_errno.o)
 .debug_abbrev  0x00000000000013e8       0x12 ../music_bsp/\libhal_bsp.a(alt_exception_entry.o)
 .debug_abbrev  0x00000000000013fa      0x125 ../music_bsp/\libhal_bsp.a(alt_find_dev.o)
 .debug_abbrev  0x000000000000151f       0x42 ../music_bsp/\libhal_bsp.a(alt_icache_flush_all.o)
 .debug_abbrev  0x0000000000001561       0xe7 ../music_bsp/\libhal_bsp.a(alt_instruction_exception_entry.o)
 .debug_abbrev  0x0000000000001648       0x42 ../music_bsp/\libhal_bsp.a(altera_nios2_gen2_irq.o)
 .debug_abbrev  0x000000000000168a       0x37 c:/intelfpga_lite/18.0/nios2eds/bin/gnu/h-x86_64-mingw32/bin/../lib/gcc/nios2-elf/5.3.0/../../../../../H-x86_64-mingw32/nios2-elf/lib/mno-hw-mul\libsmallc.a(lib_a-int_errno.o)
 .debug_abbrev  0x00000000000016c1       0x7f c:/intelfpga_lite/18.0/nios2eds/bin/gnu/h-x86_64-mingw32/bin/../lib/gcc/nios2-elf/5.3.0/../../../../../H-x86_64-mingw32/nios2-elf/lib/mno-hw-mul\libsmallc.a(lib_a-memcmp.o)
 .debug_abbrev  0x0000000000001740       0x7f c:/intelfpga_lite/18.0/nios2eds/bin/gnu/h-x86_64-mingw32/bin/../lib/gcc/nios2-elf/5.3.0/../../../../../H-x86_64-mingw32/nios2-elf/lib/mno-hw-mul\libsmallc.a(lib_a-strlen.o)

.debug_line     0x0000000000000000     0x1749
 *(.debug_line)
 .debug_line    0x0000000000000000       0x66 ../music_bsp//obj/HAL/src/crt0.o
 .debug_line    0x0000000000000066      0x125 obj/default/hello_world_small.o
 .debug_line    0x000000000000018b      0x105 c:/intelfpga_lite/18.0/nios2eds/bin/gnu/h-x86_64-mingw32/bin/../lib/gcc/nios2-elf/5.3.0/mno-hw-mul\libgcc.a(lib2-divmod.o)
 .debug_line    0x0000000000000290      0x15e c:/intelfpga_lite/18.0/nios2eds/bin/gnu/h-x86_64-mingw32/bin/../lib/gcc/nios2-elf/5.3.0/../../../../../H-x86_64-mingw32/nios2-elf/lib/mno-hw-mul\libsmallc.a(lib_a-memcpy.o)
 .debug_line    0x00000000000003ee       0xf1 ../music_bsp/\libhal_bsp.a(alt_iic.o)
 .debug_line    0x00000000000004df       0xd6 ../music_bsp/\libhal_bsp.a(alt_iic_isr_register.o)
 .debug_line    0x00000000000005b5       0x6b ../music_bsp/\libhal_bsp.a(alt_irq_entry.o)
 .debug_line    0x0000000000000620       0xa5 ../music_bsp/\libhal_bsp.a(alt_irq_handler.o)
 .debug_line    0x00000000000006c5       0x50 ../music_bsp/\libhal_bsp.a(alt_irq_vars.o)
 .debug_line    0x0000000000000715       0xa4 ../music_bsp/\libhal_bsp.a(alt_load.o)
 .debug_line    0x00000000000007b9       0xbd ../music_bsp/\libhal_bsp.a(alt_main.o)
 .debug_line    0x0000000000000876      0x112 ../music_bsp/\libhal_bsp.a(alt_printf.o)
 .debug_line    0x0000000000000988       0x55 ../music_bsp/\libhal_bsp.a(alt_putchar.o)
 .debug_line    0x00000000000009dd       0xa0 ../music_bsp/\libhal_bsp.a(alt_putstr.o)
 .debug_line    0x0000000000000a7d      0x1b7 ../music_bsp/\libhal_bsp.a(alt_sys_init.o)
 .debug_line    0x0000000000000c34       0xf0 ../music_bsp/\libhal_bsp.a(altera_avalon_jtag_uart_write.o)
 .debug_line    0x0000000000000d24      0x186 ../music_bsp/\libhal_bsp.a(altera_up_avalon_character_lcd.o)
 .debug_line    0x0000000000000eaa       0x4e ../music_bsp/\libhal_bsp.a(alt_dcache_flush_all.o)
 .debug_line    0x0000000000000ef8       0xf6 ../music_bsp/\libhal_bsp.a(alt_dev.o)
 .debug_line    0x0000000000000fee       0xd8 ../music_bsp/\libhal_bsp.a(alt_dev_llist_insert.o)
 .debug_line    0x00000000000010c6       0x51 ../music_bsp/\libhal_bsp.a(alt_errno.o)
 .debug_line    0x0000000000001117       0xb3 ../music_bsp/\libhal_bsp.a(alt_exception_entry.o)
 .debug_line    0x00000000000011ca      0x107 ../music_bsp/\libhal_bsp.a(alt_find_dev.o)
 .debug_line    0x00000000000012d1       0x4e ../music_bsp/\libhal_bsp.a(alt_icache_flush_all.o)
 .debug_line    0x000000000000131f       0xbf ../music_bsp/\libhal_bsp.a(alt_instruction_exception_entry.o)
 .debug_line    0x00000000000013de       0x50 ../music_bsp/\libhal_bsp.a(altera_nios2_gen2_irq.o)
 .debug_line    0x000000000000142e       0x5f c:/intelfpga_lite/18.0/nios2eds/bin/gnu/h-x86_64-mingw32/bin/../lib/gcc/nios2-elf/5.3.0/../../../../../H-x86_64-mingw32/nios2-elf/lib/mno-hw-mul\libsmallc.a(lib_a-int_errno.o)
 .debug_line    0x000000000000148d      0x160 c:/intelfpga_lite/18.0/nios2eds/bin/gnu/h-x86_64-mingw32/bin/../lib/gcc/nios2-elf/5.3.0/../../../../../H-x86_64-mingw32/nios2-elf/lib/mno-hw-mul\libsmallc.a(lib_a-memcmp.o)
 .debug_line    0x00000000000015ed      0x15c c:/intelfpga_lite/18.0/nios2eds/bin/gnu/h-x86_64-mingw32/bin/../lib/gcc/nios2-elf/5.3.0/../../../../../H-x86_64-mingw32/nios2-elf/lib/mno-hw-mul\libsmallc.a(lib_a-strlen.o)

.debug_frame    0x0000000000000000      0x594
 *(.debug_frame)
 .debug_frame   0x0000000000000000       0xac obj/default/hello_world_small.o
 .debug_frame   0x00000000000000ac       0x50 c:/intelfpga_lite/18.0/nios2eds/bin/gnu/h-x86_64-mingw32/bin/../lib/gcc/nios2-elf/5.3.0/mno-hw-mul\libgcc.a(lib2-divmod.o)
 .debug_frame   0x00000000000000fc       0x20 c:/intelfpga_lite/18.0/nios2eds/bin/gnu/h-x86_64-mingw32/bin/../lib/gcc/nios2-elf/5.3.0/../../../../../H-x86_64-mingw32/nios2-elf/lib/mno-hw-mul\libsmallc.a(lib_a-memcpy.o)
 .debug_frame   0x000000000000011c       0x50 ../music_bsp/\libhal_bsp.a(alt_iic.o)
 .debug_frame   0x000000000000016c       0x30 ../music_bsp/\libhal_bsp.a(alt_iic_isr_register.o)
 .debug_frame   0x000000000000019c       0x34 ../music_bsp/\libhal_bsp.a(alt_irq_handler.o)
 .debug_frame   0x00000000000001d0       0x30 ../music_bsp/\libhal_bsp.a(alt_load.o)
 .debug_frame   0x0000000000000200       0x2c ../music_bsp/\libhal_bsp.a(alt_main.o)
 .debug_frame   0x000000000000022c       0x54 ../music_bsp/\libhal_bsp.a(alt_printf.o)
 .debug_frame   0x0000000000000280       0x30 ../music_bsp/\libhal_bsp.a(alt_putchar.o)
 .debug_frame   0x00000000000002b0       0x30 ../music_bsp/\libhal_bsp.a(alt_putstr.o)
 .debug_frame   0x00000000000002e0       0x50 ../music_bsp/\libhal_bsp.a(alt_sys_init.o)
 .debug_frame   0x0000000000000330       0x20 ../music_bsp/\libhal_bsp.a(altera_avalon_jtag_uart_write.o)
 .debug_frame   0x0000000000000350       0xec ../music_bsp/\libhal_bsp.a(altera_up_avalon_character_lcd.o)
 .debug_frame   0x000000000000043c       0x20 ../music_bsp/\libhal_bsp.a(alt_dcache_flush_all.o)
 .debug_frame   0x000000000000045c       0x20 ../music_bsp/\libhal_bsp.a(alt_dev.o)
 .debug_frame   0x000000000000047c       0x2c ../music_bsp/\libhal_bsp.a(alt_dev_llist_insert.o)
 .debug_frame   0x00000000000004a8       0x3c ../music_bsp/\libhal_bsp.a(alt_find_dev.o)
 .debug_frame   0x00000000000004e4       0x20 ../music_bsp/\libhal_bsp.a(alt_icache_flush_all.o)
 .debug_frame   0x0000000000000504       0x30 ../music_bsp/\libhal_bsp.a(alt_instruction_exception_entry.o)
 .debug_frame   0x0000000000000534       0x20 ../music_bsp/\libhal_bsp.a(altera_nios2_gen2_irq.o)
 .debug_frame   0x0000000000000554       0x20 c:/intelfpga_lite/18.0/nios2eds/bin/gnu/h-x86_64-mingw32/bin/../lib/gcc/nios2-elf/5.3.0/../../../../../H-x86_64-mingw32/nios2-elf/lib/mno-hw-mul\libsmallc.a(lib_a-memcmp.o)
 .debug_frame   0x0000000000000574       0x20 c:/intelfpga_lite/18.0/nios2eds/bin/gnu/h-x86_64-mingw32/bin/../lib/gcc/nios2-elf/5.3.0/../../../../../H-x86_64-mingw32/nios2-elf/lib/mno-hw-mul\libsmallc.a(lib_a-strlen.o)

.debug_str      0x0000000000000000     0x1597
 *(.debug_str)
 .debug_str     0x0000000000000000      0x230 obj/default/hello_world_small.o
                                        0x281 (size before relaxing)
 .debug_str     0x0000000000000230      0x187 c:/intelfpga_lite/18.0/nios2eds/bin/gnu/h-x86_64-mingw32/bin/../lib/gcc/nios2-elf/5.3.0/mno-hw-mul\libgcc.a(lib2-divmod.o)
                                        0x1d2 (size before relaxing)
 .debug_str     0x00000000000003b7      0x14e c:/intelfpga_lite/18.0/nios2eds/bin/gnu/h-x86_64-mingw32/bin/../lib/gcc/nios2-elf/5.3.0/../../../../../H-x86_64-mingw32/nios2-elf/lib/mno-hw-mul\libsmallc.a(lib_a-memcpy.o)
                                        0x1f3 (size before relaxing)
 .debug_str     0x0000000000000505      0x14c ../music_bsp/\libhal_bsp.a(alt_iic.o)
                                        0x268 (size before relaxing)
 .debug_str     0x0000000000000651       0x37 ../music_bsp/\libhal_bsp.a(alt_iic_isr_register.o)
                                        0x222 (size before relaxing)
 .debug_str     0x0000000000000688       0x3a ../music_bsp/\libhal_bsp.a(alt_irq_handler.o)
                                        0x1ac (size before relaxing)
 .debug_str     0x00000000000006c2       0x17 ../music_bsp/\libhal_bsp.a(alt_irq_vars.o)
                                        0x14f (size before relaxing)
 .debug_str     0x00000000000006d9      0x113 ../music_bsp/\libhal_bsp.a(alt_load.o)
                                        0x251 (size before relaxing)
 .debug_str     0x00000000000007ec       0x8f ../music_bsp/\libhal_bsp.a(alt_main.o)
                                        0x1ca (size before relaxing)
 .debug_str     0x000000000000087b       0x59 ../music_bsp/\libhal_bsp.a(alt_printf.o)
                                        0x11b (size before relaxing)
 .debug_str     0x00000000000008d4       0x59 ../music_bsp/\libhal_bsp.a(alt_putchar.o)
                                        0x19b (size before relaxing)
 .debug_str     0x000000000000092d       0x1c ../music_bsp/\libhal_bsp.a(alt_putstr.o)
                                        0x1a0 (size before relaxing)
 .debug_str     0x0000000000000949      0x263 ../music_bsp/\libhal_bsp.a(alt_sys_init.o)
                                        0x433 (size before relaxing)
 .debug_str     0x0000000000000bac       0x32 ../music_bsp/\libhal_bsp.a(altera_avalon_jtag_uart_write.o)
                                        0x22a (size before relaxing)
 .debug_str     0x0000000000000bde      0x1dd ../music_bsp/\libhal_bsp.a(altera_up_avalon_character_lcd.o)
                                        0x413 (size before relaxing)
 .debug_str     0x0000000000000dbb       0x1f ../music_bsp/\libhal_bsp.a(alt_dcache_flush_all.o)
                                        0x16a (size before relaxing)
 .debug_str     0x0000000000000dda      0x12c ../music_bsp/\libhal_bsp.a(alt_dev.o)
                                        0x31a (size before relaxing)
 .debug_str     0x0000000000000f06       0x48 ../music_bsp/\libhal_bsp.a(alt_dev_llist_insert.o)
                                        0x1e1 (size before relaxing)
 .debug_str     0x0000000000000f4e       0x14 ../music_bsp/\libhal_bsp.a(alt_errno.o)
                                        0x15a (size before relaxing)
 .debug_str     0x0000000000000f62       0x1e ../music_bsp/\libhal_bsp.a(alt_find_dev.o)
                                        0x20f (size before relaxing)
 .debug_str     0x0000000000000f80       0x1f ../music_bsp/\libhal_bsp.a(alt_icache_flush_all.o)
                                        0x16a (size before relaxing)
 .debug_str     0x0000000000000f9f      0x48b ../music_bsp/\libhal_bsp.a(alt_instruction_exception_entry.o)
                                        0x5b5 (size before relaxing)
 .debug_str     0x000000000000142a       0x20 ../music_bsp/\libhal_bsp.a(altera_nios2_gen2_irq.o)
                                        0x171 (size before relaxing)
 .debug_str     0x000000000000144a       0xd3 c:/intelfpga_lite/18.0/nios2eds/bin/gnu/h-x86_64-mingw32/bin/../lib/gcc/nios2-elf/5.3.0/../../../../../H-x86_64-mingw32/nios2-elf/lib/mno-hw-mul\libsmallc.a(lib_a-int_errno.o)
                                        0x1d8 (size before relaxing)
 .debug_str     0x000000000000151d       0x3d c:/intelfpga_lite/18.0/nios2eds/bin/gnu/h-x86_64-mingw32/bin/../lib/gcc/nios2-elf/5.3.0/../../../../../H-x86_64-mingw32/nios2-elf/lib/mno-hw-mul\libsmallc.a(lib_a-memcmp.o)
                                        0x1df (size before relaxing)
 .debug_str     0x000000000000155a       0x3d c:/intelfpga_lite/18.0/nios2eds/bin/gnu/h-x86_64-mingw32/bin/../lib/gcc/nios2-elf/5.3.0/../../../../../H-x86_64-mingw32/nios2-elf/lib/mno-hw-mul\libsmallc.a(lib_a-strlen.o)
                                        0x1e5 (size before relaxing)

.debug_loc      0x0000000000000000     0x1607
 *(.debug_loc)
 .debug_loc     0x0000000000000000      0x38e obj/default/hello_world_small.o
 .debug_loc     0x000000000000038e      0x4ce c:/intelfpga_lite/18.0/nios2eds/bin/gnu/h-x86_64-mingw32/bin/../lib/gcc/nios2-elf/5.3.0/mno-hw-mul\libgcc.a(lib2-divmod.o)
 .debug_loc     0x000000000000085c      0x135 c:/intelfpga_lite/18.0/nios2eds/bin/gnu/h-x86_64-mingw32/bin/../lib/gcc/nios2-elf/5.3.0/../../../../../H-x86_64-mingw32/nios2-elf/lib/mno-hw-mul\libsmallc.a(lib_a-memcpy.o)
 .debug_loc     0x0000000000000991      0x170 ../music_bsp/\libhal_bsp.a(alt_iic.o)
 .debug_loc     0x0000000000000b01      0x193 ../music_bsp/\libhal_bsp.a(alt_iic_isr_register.o)
 .debug_loc     0x0000000000000c94       0x72 ../music_bsp/\libhal_bsp.a(alt_irq_handler.o)
 .debug_loc     0x0000000000000d06      0x1de ../music_bsp/\libhal_bsp.a(alt_printf.o)
 .debug_loc     0x0000000000000ee4       0x2c ../music_bsp/\libhal_bsp.a(alt_putchar.o)
 .debug_loc     0x0000000000000f10       0x37 ../music_bsp/\libhal_bsp.a(alt_putstr.o)
 .debug_loc     0x0000000000000f47       0x51 ../music_bsp/\libhal_bsp.a(alt_sys_init.o)
 .debug_loc     0x0000000000000f98       0x8b ../music_bsp/\libhal_bsp.a(altera_avalon_jtag_uart_write.o)
 .debug_loc     0x0000000000001023      0x3d1 ../music_bsp/\libhal_bsp.a(altera_up_avalon_character_lcd.o)
 .debug_loc     0x00000000000013f4       0x7e ../music_bsp/\libhal_bsp.a(alt_dev_llist_insert.o)
 .debug_loc     0x0000000000001472       0x7e ../music_bsp/\libhal_bsp.a(alt_find_dev.o)
 .debug_loc     0x00000000000014f0       0x65 ../music_bsp/\libhal_bsp.a(alt_instruction_exception_entry.o)
 .debug_loc     0x0000000000001555       0x94 c:/intelfpga_lite/18.0/nios2eds/bin/gnu/h-x86_64-mingw32/bin/../lib/gcc/nios2-elf/5.3.0/../../../../../H-x86_64-mingw32/nios2-elf/lib/mno-hw-mul\libsmallc.a(lib_a-memcmp.o)
 .debug_loc     0x00000000000015e9       0x1e c:/intelfpga_lite/18.0/nios2eds/bin/gnu/h-x86_64-mingw32/bin/../lib/gcc/nios2-elf/5.3.0/../../../../../H-x86_64-mingw32/nios2-elf/lib/mno-hw-mul\libsmallc.a(lib_a-strlen.o)

.debug_macinfo
 *(.debug_macinfo)

.debug_weaknames
 *(.debug_weaknames)

.debug_funcnames
 *(.debug_funcnames)

.debug_typenames
 *(.debug_typenames)

.debug_varnames
 *(.debug_varnames)

.debug_alt_sim_info
                0x0000000000000000       0x10
 *(.debug_alt_sim_info)
 .debug_alt_sim_info
                0x0000000000000000       0x10 ../music_bsp//obj/HAL/src/crt0.o
                0x0000000000002000                __alt_data_end = 0x2000
                0x0000000000002000                PROVIDE (__alt_stack_pointer, __alt_data_end)
                [!provide]                        PROVIDE (__alt_stack_limit, __alt_stack_base)
                [!provide]                        PROVIDE (__alt_heap_start, end)
                [!provide]                        PROVIDE (__alt_heap_limit, 0x2000)
OUTPUT(music.elf elf32-littlenios2)

.debug_ranges   0x0000000000000000      0x210
 .debug_ranges  0x0000000000000000       0x20 ../music_bsp//obj/HAL/src/crt0.o
 .debug_ranges  0x0000000000000020       0x18 obj/default/hello_world_small.o
 .debug_ranges  0x0000000000000038       0x60 c:/intelfpga_lite/18.0/nios2eds/bin/gnu/h-x86_64-mingw32/bin/../lib/gcc/nios2-elf/5.3.0/mno-hw-mul\libgcc.a(lib2-divmod.o)
 .debug_ranges  0x0000000000000098       0x10 c:/intelfpga_lite/18.0/nios2eds/bin/gnu/h-x86_64-mingw32/bin/../lib/gcc/nios2-elf/5.3.0/../../../../../H-x86_64-mingw32/nios2-elf/lib/mno-hw-mul\libsmallc.a(lib_a-memcpy.o)
 .debug_ranges  0x00000000000000a8       0x28 ../music_bsp/\libhal_bsp.a(alt_irq_entry.o)
 .debug_ranges  0x00000000000000d0       0x10 ../music_bsp/\libhal_bsp.a(alt_irq_handler.o)
 .debug_ranges  0x00000000000000e0       0x48 ../music_bsp/\libhal_bsp.a(alt_load.o)
 .debug_ranges  0x0000000000000128       0x18 ../music_bsp/\libhal_bsp.a(alt_printf.o)
 .debug_ranges  0x0000000000000140       0x48 ../music_bsp/\libhal_bsp.a(alt_sys_init.o)
 .debug_ranges  0x0000000000000188       0x20 ../music_bsp/\libhal_bsp.a(alt_dev_llist_insert.o)
 .debug_ranges  0x00000000000001a8       0x30 ../music_bsp/\libhal_bsp.a(alt_exception_entry.o)
 .debug_ranges  0x00000000000001d8       0x18 ../music_bsp/\libhal_bsp.a(alt_instruction_exception_entry.o)
 .debug_ranges  0x00000000000001f0       0x10 c:/intelfpga_lite/18.0/nios2eds/bin/gnu/h-x86_64-mingw32/bin/../lib/gcc/nios2-elf/5.3.0/../../../../../H-x86_64-mingw32/nios2-elf/lib/mno-hw-mul\libsmallc.a(lib_a-memcmp.o)
 .debug_ranges  0x0000000000000200       0x10 c:/intelfpga_lite/18.0/nios2eds/bin/gnu/h-x86_64-mingw32/bin/../lib/gcc/nios2-elf/5.3.0/../../../../../H-x86_64-mingw32/nios2-elf/lib/mno-hw-mul\libsmallc.a(lib_a-strlen.o)
