Archive member included to satisfy reference by file (symbol)

../prueba_bsp/\libhal_bsp.a(alt_iic.o)
                              obj/default/hello_world_small.o (alt_ic_isr_register)
../prueba_bsp/\libhal_bsp.a(alt_iic_isr_register.o)
                              ../prueba_bsp/\libhal_bsp.a(alt_iic.o) (alt_iic_isr_register)
../prueba_bsp/\libhal_bsp.a(alt_irq_entry.o)
                              ../prueba_bsp/\libhal_bsp.a(alt_iic_isr_register.o) (alt_irq_entry)
../prueba_bsp/\libhal_bsp.a(alt_irq_handler.o)
                              ../prueba_bsp/\libhal_bsp.a(alt_iic_isr_register.o) (alt_irq_handler)
../prueba_bsp/\libhal_bsp.a(alt_irq_vars.o)
                              ../prueba_bsp/\libhal_bsp.a(alt_iic.o) (alt_irq_active)
../prueba_bsp/\libhal_bsp.a(alt_load.o)
                              ../prueba_bsp//obj/HAL/src/crt0.o (alt_load)
../prueba_bsp/\libhal_bsp.a(alt_main.o)
                              ../prueba_bsp//obj/HAL/src/crt0.o (alt_main)
../prueba_bsp/\libhal_bsp.a(alt_printf.o)
                              obj/default/hello_world_small.o (alt_printf)
../prueba_bsp/\libhal_bsp.a(alt_putchar.o)
                              ../prueba_bsp/\libhal_bsp.a(alt_printf.o) (alt_putchar)
../prueba_bsp/\libhal_bsp.a(alt_putstr.o)
                              obj/default/hello_world_small.o (alt_putstr)
../prueba_bsp/\libhal_bsp.a(alt_sys_init.o)
                              ../prueba_bsp/\libhal_bsp.a(alt_main.o) (alt_irq_init)
../prueba_bsp/\libhal_bsp.a(altera_avalon_jtag_uart_write.o)
                              ../prueba_bsp/\libhal_bsp.a(alt_putchar.o) (altera_avalon_jtag_uart_write)
../prueba_bsp/\libhal_bsp.a(alt_dcache_flush_all.o)
                              ../prueba_bsp/\libhal_bsp.a(alt_load.o) (alt_dcache_flush_all)
../prueba_bsp/\libhal_bsp.a(alt_exception_entry.o)
                              ../prueba_bsp/\libhal_bsp.a(alt_irq_entry.o) (alt_exception)
../prueba_bsp/\libhal_bsp.a(alt_icache_flush_all.o)
                              ../prueba_bsp/\libhal_bsp.a(alt_load.o) (alt_icache_flush_all)
../prueba_bsp/\libhal_bsp.a(alt_instruction_exception_entry.o)
                              ../prueba_bsp/\libhal_bsp.a(alt_exception_entry.o) (alt_instruction_exception_entry)
../prueba_bsp/\libhal_bsp.a(altera_nios2_gen2_irq.o)
                              ../prueba_bsp/\libhal_bsp.a(alt_sys_init.o) (altera_nios2_gen2_irq_init)
c:/intelfpga_lite/18.0/nios2eds/bin/gnu/h-x86_64-mingw32/bin/../lib/gcc/nios2-elf/5.3.0/../../../../../H-x86_64-mingw32/nios2-elf/lib/mno-hw-mul\libsmallc.a(lib_a-strlen.o)
                              ../prueba_bsp/\libhal_bsp.a(alt_putstr.o) (strlen)

Allocating common symbols
Common symbol       size              file

alt_irq             0x100             ../prueba_bsp/\libhal_bsp.a(alt_irq_handler.o)

Memory Configuration

Name             Origin             Length             Attributes
reset            0x0000000000000000 0x0000000000000020
RAM              0x0000000000000020 0x0000000000001fe0
*default*        0x0000000000000000 0xffffffffffffffff

Linker script and memory map

LOAD ../prueba_bsp//obj/HAL/src/crt0.o
LOAD obj/default/hello_world_small.o
LOAD c:/intelfpga_lite/18.0/nios2eds/bin/gnu/h-x86_64-mingw32/bin/../lib/gcc/nios2-elf/5.3.0/../../../../../H-x86_64-mingw32/nios2-elf/lib/mno-hw-mul\libstdc++.a
LOAD c:/intelfpga_lite/18.0/nios2eds/bin/gnu/h-x86_64-mingw32/bin/../lib/gcc/nios2-elf/5.3.0/../../../../../H-x86_64-mingw32/nios2-elf/lib/mno-hw-mul\libm.a
LOAD c:/intelfpga_lite/18.0/nios2eds/bin/gnu/h-x86_64-mingw32/bin/../lib/gcc/nios2-elf/5.3.0/mno-hw-mul\libgcc.a
START GROUP
LOAD c:/intelfpga_lite/18.0/nios2eds/bin/gnu/h-x86_64-mingw32/bin/../lib/gcc/nios2-elf/5.3.0/../../../../../H-x86_64-mingw32/nios2-elf/lib/mno-hw-mul\libsmallc.a
LOAD c:/intelfpga_lite/18.0/nios2eds/bin/gnu/h-x86_64-mingw32/bin/../lib/gcc/nios2-elf/5.3.0/mno-hw-mul\libgcc.a
LOAD ../prueba_bsp/\libhal_bsp.a
LOAD c:/intelfpga_lite/18.0/nios2eds/bin/gnu/h-x86_64-mingw32/bin/../lib/gcc/nios2-elf/5.3.0/../../../../../H-x86_64-mingw32/nios2-elf/lib/mno-hw-mul\libm.a
END GROUP
LOAD c:/intelfpga_lite/18.0/nios2eds/bin/gnu/h-x86_64-mingw32/bin/../lib/gcc/nios2-elf/5.3.0/mno-hw-mul\libgcc.a
                0x0000000000000000                __alt_mem_RAM = 0x0

.entry          0x0000000000000000       0x20
 *(.entry)
 .entry         0x0000000000000000       0x20 ../prueba_bsp//obj/HAL/src/crt0.o
                0x0000000000000000                __reset
                0x000000000000000c                _exit

.exceptions     0x0000000000000020      0x160
                0x0000000000000020                PROVIDE (__ram_exceptions_start, ABSOLUTE (.))
                0x0000000000000020                . = ALIGN (0x20)
 *(.irq)
 *(.exceptions.entry.label)
 .exceptions.entry.label
                0x0000000000000020        0x0 ../prueba_bsp/\libhal_bsp.a(alt_irq_entry.o)
                0x0000000000000020                alt_irq_entry
 .exceptions.entry.label
                0x0000000000000020        0x0 ../prueba_bsp/\libhal_bsp.a(alt_exception_entry.o)
                0x0000000000000020                alt_exception
 *(.exceptions.entry.user)
 *(.exceptions.entry.ecc_fatal)
 *(.exceptions.entry)
 .exceptions.entry
                0x0000000000000020       0x54 ../prueba_bsp/\libhal_bsp.a(alt_exception_entry.o)
 *(.exceptions.irqtest.user)
 *(.exceptions.irqtest)
 .exceptions.irqtest
                0x0000000000000074       0x10 ../prueba_bsp/\libhal_bsp.a(alt_irq_entry.o)
 *(.exceptions.irqhandler.user)
 *(.exceptions.irqhandler)
 .exceptions.irqhandler
                0x0000000000000084        0x4 ../prueba_bsp/\libhal_bsp.a(alt_irq_entry.o)
 *(.exceptions.irqreturn.user)
 *(.exceptions.irqreturn)
 .exceptions.irqreturn
                0x0000000000000088        0x4 ../prueba_bsp/\libhal_bsp.a(alt_irq_entry.o)
 *(.exceptions.notirq.label)
 .exceptions.notirq.label
                0x000000000000008c        0x0 ../prueba_bsp/\libhal_bsp.a(alt_irq_entry.o)
 *(.exceptions.notirq.user)
 *(.exceptions.notirq)
 .exceptions.notirq
                0x000000000000008c        0x8 ../prueba_bsp/\libhal_bsp.a(alt_exception_entry.o)
 *(.exceptions.soft.user)
 *(.exceptions.soft)
 *(.exceptions.unknown.user)
 *(.exceptions.unknown)
 .exceptions.unknown
                0x0000000000000094       0x14 ../prueba_bsp/\libhal_bsp.a(alt_exception_entry.o)
 *(.exceptions.exit.label)
 .exceptions.exit.label
                0x00000000000000a8        0x0 ../prueba_bsp/\libhal_bsp.a(alt_irq_entry.o)
 .exceptions.exit.label
                0x00000000000000a8        0x0 ../prueba_bsp/\libhal_bsp.a(alt_exception_entry.o)
 *(.exceptions.exit.user)
 *(.exceptions.exit)
 .exceptions.exit
                0x00000000000000a8       0x54 ../prueba_bsp/\libhal_bsp.a(alt_exception_entry.o)
 *(.exceptions)
 .exceptions    0x00000000000000fc       0x60 ../prueba_bsp/\libhal_bsp.a(alt_irq_handler.o)
                0x00000000000000fc                alt_irq_handler
 .exceptions    0x000000000000015c       0x24 ../prueba_bsp/\libhal_bsp.a(alt_instruction_exception_entry.o)
                0x000000000000015c                alt_instruction_exception_entry
                0x0000000000000180                PROVIDE (__ram_exceptions_end, ABSOLUTE (.))
                0x0000000000000020                PROVIDE (__flash_exceptions_start, LOADADDR (.exceptions))

.text           0x0000000000000180      0x5cc
                [!provide]                        PROVIDE (stext, ABSOLUTE (.))
 *(.interp)
 *(.hash)
 *(.dynsym)
 *(.dynstr)
 *(.gnu.version)
 *(.gnu.version_d)
 *(.gnu.version_r)
 *(.rel.init)
 *(.rela.init)
 *(.rel.text .rel.text.* .rel.gnu.linkonce.t.*)
 *(.rela.text .rela.text.* .rela.gnu.linkonce.t.*)
 *(.rel.fini)
 *(.rela.fini)
 *(.rel.rodata .rel.rodata.* .rel.gnu.linkonce.r.*)
 *(.rela.rodata .rela.rodata.* .rela.gnu.linkonce.r.*)
 *(.rel.data .rel.data.* .rel.gnu.linkonce.d.*)
 *(.rela.data .rela.data.* .rela.gnu.linkonce.d.*)
 *(.rel.tdata .rel.tdata.* .rel.gnu.linkonce.td.*)
 *(.rela.tdata .rela.tdata.* .rela.gnu.linkonce.td.*)
 *(.rel.tbss .rel.tbss.* .rel.gnu.linkonce.tb.*)
 *(.rela.tbss .rela.tbss.* .rela.gnu.linkonce.tb.*)
 *(.rel.ctors)
 *(.rela.ctors)
 *(.rel.dtors)
 *(.rela.dtors)
 *(.rel.got)
 *(.rela.got)
 *(.rel.sdata .rel.sdata.* .rel.gnu.linkonce.s.*)
 *(.rela.sdata .rela.sdata.* .rela.gnu.linkonce.s.*)
 *(.rel.sbss .rel.sbss.* .rel.gnu.linkonce.sb.*)
 *(.rela.sbss .rela.sbss.* .rela.gnu.linkonce.sb.*)
 *(.rel.sdata2 .rel.sdata2.* .rel.gnu.linkonce.s2.*)
 *(.rela.sdata2 .rela.sdata2.* .rela.gnu.linkonce.s2.*)
 *(.rel.sbss2 .rel.sbss2.* .rel.gnu.linkonce.sb2.*)
 *(.rela.sbss2 .rela.sbss2.* .rela.gnu.linkonce.sb2.*)
 *(.rel.bss .rel.bss.* .rel.gnu.linkonce.b.*)
 *(.rela.bss .rela.bss.* .rela.gnu.linkonce.b.*)
 *(.rel.plt)
 *(.rela.plt)
 *(.rel.dyn)
 *(.init)
 *(.plt)
 *(.text .stub .text.* .gnu.linkonce.t.*)
 .text          0x0000000000000180       0x3c ../prueba_bsp//obj/HAL/src/crt0.o
                0x0000000000000180                _start
 .text          0x00000000000001bc       0x24 obj/default/hello_world_small.o
 .text.startup  0x00000000000001e0       0x84 obj/default/hello_world_small.o
                0x00000000000001e0                main
 .text          0x0000000000000264       0x8c ../prueba_bsp/\libhal_bsp.a(alt_iic.o)
                0x0000000000000264                alt_ic_isr_register
                0x0000000000000268                alt_ic_irq_enable
                0x00000000000002a0                alt_ic_irq_disable
                0x00000000000002d8                alt_ic_irq_enabled
 .text          0x00000000000002f0       0x68 ../prueba_bsp/\libhal_bsp.a(alt_iic_isr_register.o)
                0x00000000000002f0                alt_iic_isr_register
 .text          0x0000000000000358        0x0 ../prueba_bsp/\libhal_bsp.a(alt_irq_entry.o)
 .text          0x0000000000000358        0x0 ../prueba_bsp/\libhal_bsp.a(alt_irq_handler.o)
 .text          0x0000000000000358        0x0 ../prueba_bsp/\libhal_bsp.a(alt_irq_vars.o)
 .text          0x0000000000000358       0xe0 ../prueba_bsp/\libhal_bsp.a(alt_load.o)
                0x0000000000000358                alt_load
 .text          0x0000000000000438       0x2c ../prueba_bsp/\libhal_bsp.a(alt_main.o)
                0x0000000000000438                alt_main
 .text          0x0000000000000464      0x170 ../prueba_bsp/\libhal_bsp.a(alt_printf.o)
                0x0000000000000464                alt_printf
 .text          0x00000000000005d4       0x48 ../prueba_bsp/\libhal_bsp.a(alt_putchar.o)
                0x00000000000005d4                alt_putchar
 .text          0x000000000000061c       0x38 ../prueba_bsp/\libhal_bsp.a(alt_putstr.o)
                0x000000000000061c                alt_putstr
 .text          0x0000000000000654       0x24 ../prueba_bsp/\libhal_bsp.a(alt_sys_init.o)
                0x0000000000000654                alt_irq_init
                0x0000000000000674                alt_sys_init
 .text          0x0000000000000678       0x34 ../prueba_bsp/\libhal_bsp.a(altera_avalon_jtag_uart_write.o)
                0x0000000000000678                altera_avalon_jtag_uart_write
 .text          0x00000000000006ac        0x4 ../prueba_bsp/\libhal_bsp.a(alt_dcache_flush_all.o)
                0x00000000000006ac                alt_dcache_flush_all
 .text          0x00000000000006b0        0x0 ../prueba_bsp/\libhal_bsp.a(alt_exception_entry.o)
 .text          0x00000000000006b0        0x4 ../prueba_bsp/\libhal_bsp.a(alt_icache_flush_all.o)
                0x00000000000006b0                alt_icache_flush_all
 .text          0x00000000000006b4       0x74 ../prueba_bsp/\libhal_bsp.a(alt_instruction_exception_entry.o)
                0x00000000000006b4                alt_exception_cause_generated_bad_addr
 .text          0x0000000000000728        0x8 ../prueba_bsp/\libhal_bsp.a(altera_nios2_gen2_irq.o)
                0x0000000000000728                altera_nios2_gen2_irq_init
 .text          0x0000000000000730        0x0 c:/intelfpga_lite/18.0/nios2eds/bin/gnu/h-x86_64-mingw32/bin/../lib/gcc/nios2-elf/5.3.0/../../../../../H-x86_64-mingw32/nios2-elf/lib/mno-hw-mul\libsmallc.a(lib_a-strlen.o)
 .text.strlen   0x0000000000000730       0x1c c:/intelfpga_lite/18.0/nios2eds/bin/gnu/h-x86_64-mingw32/bin/../lib/gcc/nios2-elf/5.3.0/../../../../../H-x86_64-mingw32/nios2-elf/lib/mno-hw-mul\libsmallc.a(lib_a-strlen.o)
                0x0000000000000730                strlen
 *(.gnu.warning.*)
 *(.fini)
                [!provide]                        PROVIDE (__etext, ABSOLUTE (.))
                [!provide]                        PROVIDE (_etext, ABSOLUTE (.))
                [!provide]                        PROVIDE (etext, ABSOLUTE (.))
 *(.eh_frame_hdr)
                0x000000000000074c                . = ALIGN (0x4)
                [!provide]                        PROVIDE (__preinit_array_start, ABSOLUTE (.))
 *(.preinit_array)
                [!provide]                        PROVIDE (__preinit_array_end, ABSOLUTE (.))
                [!provide]                        PROVIDE (__init_array_start, ABSOLUTE (.))
 *(.init_array)
                [!provide]                        PROVIDE (__init_array_end, ABSOLUTE (.))
                [!provide]                        PROVIDE (__fini_array_start, ABSOLUTE (.))
 *(.fini_array)
                [!provide]                        PROVIDE (__fini_array_end, ABSOLUTE (.))
 *(.eh_frame)
 *(.gcc_except_table .gcc_except_table.*)
 *(.dynamic)
                [!provide]                        PROVIDE (__CTOR_LIST__, ABSOLUTE (.))
 *(.ctors)
 *(SORT(.ctors.*))
                [!provide]                        PROVIDE (__CTOR_END__, ABSOLUTE (.))
                [!provide]                        PROVIDE (__DTOR_LIST__, ABSOLUTE (.))
 *(.dtors)
 *(SORT(.dtors.*))
                [!provide]                        PROVIDE (__DTOR_END__, ABSOLUTE (.))
 *(.jcr)
                0x000000000000074c                . = ALIGN (0x4)

.rodata         0x000000000000074c       0x44
                0x000000000000074c                PROVIDE (__ram_rodata_start, ABSOLUTE (.))
                0x000000000000074c                . = ALIGN (0x4)
 *(.rodata .rodata.* .gnu.linkonce.r.*)
 .rodata.str1.4
                0x000000000000074c       0x44 obj/default/hello_world_small.o
                                         0x42 (size before relaxing)
 *(.rodata1)
                0x0000000000000790                . = ALIGN (0x4)
                0x0000000000000790                PROVIDE (__ram_rodata_end, ABSOLUTE (.))
                0x000000000000074c                PROVIDE (__flash_rodata_start, LOADADDR (.rodata))

.rwdata         0x0000000000000790        0x8 load address 0x0000000000000798
                0x0000000000000790                PROVIDE (__ram_rwdata_start, ABSOLUTE (.))
                0x0000000000000790                . = ALIGN (0x4)
 *(.got.plt)
 *(.got)
 *(.data1)
 *(.data .data.* .gnu.linkonce.d.*)
 .data          0x0000000000000790        0x0 ../prueba_bsp//obj/HAL/src/crt0.o
 .data          0x0000000000000790        0x0 obj/default/hello_world_small.o
 .data          0x0000000000000790        0x0 ../prueba_bsp/\libhal_bsp.a(alt_iic.o)
 .data          0x0000000000000790        0x0 ../prueba_bsp/\libhal_bsp.a(alt_iic_isr_register.o)
 .data          0x0000000000000790        0x0 ../prueba_bsp/\libhal_bsp.a(alt_irq_entry.o)
 .data          0x0000000000000790        0x0 ../prueba_bsp/\libhal_bsp.a(alt_irq_handler.o)
 .data          0x0000000000000790        0x0 ../prueba_bsp/\libhal_bsp.a(alt_irq_vars.o)
 .data          0x0000000000000790        0x0 ../prueba_bsp/\libhal_bsp.a(alt_load.o)
 .data          0x0000000000000790        0x0 ../prueba_bsp/\libhal_bsp.a(alt_main.o)
 .data          0x0000000000000790        0x0 ../prueba_bsp/\libhal_bsp.a(alt_printf.o)
 .data          0x0000000000000790        0x0 ../prueba_bsp/\libhal_bsp.a(alt_putchar.o)
 .data          0x0000000000000790        0x0 ../prueba_bsp/\libhal_bsp.a(alt_putstr.o)
 .data          0x0000000000000790        0x0 ../prueba_bsp/\libhal_bsp.a(alt_sys_init.o)
 .data          0x0000000000000790        0x0 ../prueba_bsp/\libhal_bsp.a(altera_avalon_jtag_uart_write.o)
 .data          0x0000000000000790        0x0 ../prueba_bsp/\libhal_bsp.a(alt_dcache_flush_all.o)
 .data          0x0000000000000790        0x0 ../prueba_bsp/\libhal_bsp.a(alt_exception_entry.o)
 .data          0x0000000000000790        0x0 ../prueba_bsp/\libhal_bsp.a(alt_icache_flush_all.o)
 .data          0x0000000000000790        0x0 ../prueba_bsp/\libhal_bsp.a(alt_instruction_exception_entry.o)
 .data          0x0000000000000790        0x0 ../prueba_bsp/\libhal_bsp.a(altera_nios2_gen2_irq.o)
 .data          0x0000000000000790        0x0 c:/intelfpga_lite/18.0/nios2eds/bin/gnu/h-x86_64-mingw32/bin/../lib/gcc/nios2-elf/5.3.0/../../../../../H-x86_64-mingw32/nios2-elf/lib/mno-hw-mul\libsmallc.a(lib_a-strlen.o)
                0x0000000000008790                _gp = ABSOLUTE ((. + 0x8000))
                [!provide]                        PROVIDE (gp, _gp)
 *(.rwdata .rwdata.*)
 *(.sdata .sdata.* .gnu.linkonce.s.*)
 .sdata         0x0000000000000790        0x4 ../prueba_bsp/\libhal_bsp.a(alt_irq_vars.o)
                0x0000000000000790                alt_priority_mask
 .sdata         0x0000000000000794        0x4 ../prueba_bsp/\libhal_bsp.a(alt_sys_init.o)
                0x0000000000000794                UART
 *(.sdata2 .sdata2.* .gnu.linkonce.s2.*)
                0x0000000000000798                . = ALIGN (0x4)
                0x0000000000000798                _edata = ABSOLUTE (.)
                [!provide]                        PROVIDE (edata, ABSOLUTE (.))
                0x0000000000000798                PROVIDE (__ram_rwdata_end, ABSOLUTE (.))
                0x0000000000000798                PROVIDE (__flash_rwdata_start, LOADADDR (.rwdata))

.bss            0x00000000000007a0      0x118
                0x00000000000007a0                __bss_start = ABSOLUTE (.)
                [!provide]                        PROVIDE (__sbss_start, ABSOLUTE (.))
                [!provide]                        PROVIDE (___sbss_start, ABSOLUTE (.))
 *(.dynsbss)
 *(.sbss .sbss.* .gnu.linkonce.sb.*)
 .sbss          0x00000000000007a0        0x4 obj/default/hello_world_small.o
                0x00000000000007a0                elapsed_ms
 .sbss          0x00000000000007a4        0x4 ../prueba_bsp/\libhal_bsp.a(alt_irq_vars.o)
                0x00000000000007a4                alt_irq_active
 .sbss          0x00000000000007a8        0xc ../prueba_bsp/\libhal_bsp.a(alt_main.o)
                0x00000000000007a8                alt_envp
                0x00000000000007ac                alt_argv
                0x00000000000007b0                alt_argc
 .sbss          0x00000000000007b4        0x4 ../prueba_bsp/\libhal_bsp.a(alt_instruction_exception_entry.o)
                0x00000000000007b4                alt_instruction_exception_handler
 *(.sbss2 .sbss2.* .gnu.linkonce.sb2.*)
 *(.scommon)
                [!provide]                        PROVIDE (__sbss_end, ABSOLUTE (.))
                [!provide]                        PROVIDE (___sbss_end, ABSOLUTE (.))
 *(.dynbss)
 *(.bss .bss.* .gnu.linkonce.b.*)
 .bss           0x00000000000007b8        0x0 ../prueba_bsp//obj/HAL/src/crt0.o
 .bss           0x00000000000007b8        0x0 obj/default/hello_world_small.o
 .bss           0x00000000000007b8        0x0 ../prueba_bsp/\libhal_bsp.a(alt_iic.o)
 .bss           0x00000000000007b8        0x0 ../prueba_bsp/\libhal_bsp.a(alt_iic_isr_register.o)
 .bss           0x00000000000007b8        0x0 ../prueba_bsp/\libhal_bsp.a(alt_irq_entry.o)
 .bss           0x00000000000007b8        0x0 ../prueba_bsp/\libhal_bsp.a(alt_irq_handler.o)
 .bss           0x00000000000007b8        0x0 ../prueba_bsp/\libhal_bsp.a(alt_irq_vars.o)
 .bss           0x00000000000007b8        0x0 ../prueba_bsp/\libhal_bsp.a(alt_load.o)
 .bss           0x00000000000007b8        0x0 ../prueba_bsp/\libhal_bsp.a(alt_main.o)
 .bss           0x00000000000007b8        0x0 ../prueba_bsp/\libhal_bsp.a(alt_printf.o)
 .bss           0x00000000000007b8        0x0 ../prueba_bsp/\libhal_bsp.a(alt_putchar.o)
 .bss           0x00000000000007b8        0x0 ../prueba_bsp/\libhal_bsp.a(alt_putstr.o)
 .bss           0x00000000000007b8        0x0 ../prueba_bsp/\libhal_bsp.a(alt_sys_init.o)
 .bss           0x00000000000007b8        0x0 ../prueba_bsp/\libhal_bsp.a(altera_avalon_jtag_uart_write.o)
 .bss           0x00000000000007b8        0x0 ../prueba_bsp/\libhal_bsp.a(alt_dcache_flush_all.o)
 .bss           0x00000000000007b8        0x0 ../prueba_bsp/\libhal_bsp.a(alt_exception_entry.o)
 .bss           0x00000000000007b8        0x0 ../prueba_bsp/\libhal_bsp.a(alt_icache_flush_all.o)
 .bss           0x00000000000007b8        0x0 ../prueba_bsp/\libhal_bsp.a(alt_instruction_exception_entry.o)
 .bss           0x00000000000007b8        0x0 ../prueba_bsp/\libhal_bsp.a(altera_nios2_gen2_irq.o)
 .bss           0x00000000000007b8        0x0 c:/intelfpga_lite/18.0/nios2eds/bin/gnu/h-x86_64-mingw32/bin/../lib/gcc/nios2-elf/5.3.0/../../../../../H-x86_64-mingw32/nios2-elf/lib/mno-hw-mul\libsmallc.a(lib_a-strlen.o)
 *(COMMON)
 COMMON         0x00000000000007b8      0x100 ../prueba_bsp/\libhal_bsp.a(alt_irq_handler.o)
                0x00000000000007b8                alt_irq
                0x00000000000008b8                . = ALIGN (0x4)
                0x00000000000008b8                __bss_end = ABSOLUTE (.)

.RAM            0x00000000000008b8        0x0
                [!provide]                        PROVIDE (_alt_partition_RAM_start, ABSOLUTE (.))
 *(.RAM .RAM. RAM.*)
                0x00000000000008b8                . = ALIGN (0x4)
                [!provide]                        PROVIDE (_alt_partition_RAM_end, ABSOLUTE (.))
                0x00000000000008b8                _end = ABSOLUTE (.)
                0x00000000000008b8                end = ABSOLUTE (.)
                0x00000000000008b8                __alt_stack_base = ABSOLUTE (.)
                [!provide]                        PROVIDE (_alt_partition_RAM_load_addr, LOADADDR (.RAM))

.stab
 *(.stab)

.stabstr
 *(.stabstr)

.stab.excl
 *(.stab.excl)

.stab.exclstr
 *(.stab.exclstr)

.stab.index
 *(.stab.index)

.stab.indexstr
 *(.stab.indexstr)

.comment        0x0000000000000000       0x23
 *(.comment)
 .comment       0x0000000000000000       0x23 obj/default/hello_world_small.o
                                         0x24 (size before relaxing)
 .comment       0x0000000000000023       0x24 ../prueba_bsp/\libhal_bsp.a(alt_iic.o)
 .comment       0x0000000000000023       0x24 ../prueba_bsp/\libhal_bsp.a(alt_iic_isr_register.o)
 .comment       0x0000000000000023       0x24 ../prueba_bsp/\libhal_bsp.a(alt_irq_handler.o)
 .comment       0x0000000000000023       0x24 ../prueba_bsp/\libhal_bsp.a(alt_irq_vars.o)
 .comment       0x0000000000000023       0x24 ../prueba_bsp/\libhal_bsp.a(alt_load.o)
 .comment       0x0000000000000023       0x24 ../prueba_bsp/\libhal_bsp.a(alt_main.o)
 .comment       0x0000000000000023       0x24 ../prueba_bsp/\libhal_bsp.a(alt_printf.o)
 .comment       0x0000000000000023       0x24 ../prueba_bsp/\libhal_bsp.a(alt_putchar.o)
 .comment       0x0000000000000023       0x24 ../prueba_bsp/\libhal_bsp.a(alt_putstr.o)
 .comment       0x0000000000000023       0x24 ../prueba_bsp/\libhal_bsp.a(alt_sys_init.o)
 .comment       0x0000000000000023       0x24 ../prueba_bsp/\libhal_bsp.a(altera_avalon_jtag_uart_write.o)
 .comment       0x0000000000000023       0x24 ../prueba_bsp/\libhal_bsp.a(alt_dcache_flush_all.o)
 .comment       0x0000000000000023       0x24 ../prueba_bsp/\libhal_bsp.a(alt_icache_flush_all.o)
 .comment       0x0000000000000023       0x24 ../prueba_bsp/\libhal_bsp.a(alt_instruction_exception_entry.o)
 .comment       0x0000000000000023       0x24 ../prueba_bsp/\libhal_bsp.a(altera_nios2_gen2_irq.o)
 .comment       0x0000000000000023       0x24 c:/intelfpga_lite/18.0/nios2eds/bin/gnu/h-x86_64-mingw32/bin/../lib/gcc/nios2-elf/5.3.0/../../../../../H-x86_64-mingw32/nios2-elf/lib/mno-hw-mul\libsmallc.a(lib_a-strlen.o)

.debug
 *(.debug)

.line
 *(.line)

.debug_srcinfo
 *(.debug_srcinfo)

.debug_sfnames
 *(.debug_sfnames)

.debug_aranges  0x0000000000000000      0x2b8
 *(.debug_aranges)
 .debug_aranges
                0x0000000000000000       0x28 ../prueba_bsp//obj/HAL/src/crt0.o
 .debug_aranges
                0x0000000000000028       0x28 obj/default/hello_world_small.o
 .debug_aranges
                0x0000000000000050       0x20 ../prueba_bsp/\libhal_bsp.a(alt_iic.o)
 .debug_aranges
                0x0000000000000070       0x20 ../prueba_bsp/\libhal_bsp.a(alt_iic_isr_register.o)
 .debug_aranges
                0x0000000000000090       0x30 ../prueba_bsp/\libhal_bsp.a(alt_irq_entry.o)
 .debug_aranges
                0x00000000000000c0       0x20 ../prueba_bsp/\libhal_bsp.a(alt_irq_handler.o)
 .debug_aranges
                0x00000000000000e0       0x18 ../prueba_bsp/\libhal_bsp.a(alt_irq_vars.o)
 .debug_aranges
                0x00000000000000f8       0x20 ../prueba_bsp/\libhal_bsp.a(alt_load.o)
 .debug_aranges
                0x0000000000000118       0x20 ../prueba_bsp/\libhal_bsp.a(alt_main.o)
 .debug_aranges
                0x0000000000000138       0x20 ../prueba_bsp/\libhal_bsp.a(alt_printf.o)
 .debug_aranges
                0x0000000000000158       0x20 ../prueba_bsp/\libhal_bsp.a(alt_putchar.o)
 .debug_aranges
                0x0000000000000178       0x20 ../prueba_bsp/\libhal_bsp.a(alt_putstr.o)
 .debug_aranges
                0x0000000000000198       0x20 ../prueba_bsp/\libhal_bsp.a(alt_sys_init.o)
 .debug_aranges
                0x00000000000001b8       0x20 ../prueba_bsp/\libhal_bsp.a(altera_avalon_jtag_uart_write.o)
 .debug_aranges
                0x00000000000001d8       0x20 ../prueba_bsp/\libhal_bsp.a(alt_dcache_flush_all.o)
 .debug_aranges
                0x00000000000001f8       0x38 ../prueba_bsp/\libhal_bsp.a(alt_exception_entry.o)
 .debug_aranges
                0x0000000000000230       0x20 ../prueba_bsp/\libhal_bsp.a(alt_icache_flush_all.o)
 .debug_aranges
                0x0000000000000250       0x28 ../prueba_bsp/\libhal_bsp.a(alt_instruction_exception_entry.o)
 .debug_aranges
                0x0000000000000278       0x20 ../prueba_bsp/\libhal_bsp.a(altera_nios2_gen2_irq.o)
 .debug_aranges
                0x0000000000000298       0x20 c:/intelfpga_lite/18.0/nios2eds/bin/gnu/h-x86_64-mingw32/bin/../lib/gcc/nios2-elf/5.3.0/../../../../../H-x86_64-mingw32/nios2-elf/lib/mno-hw-mul\libsmallc.a(lib_a-strlen.o)

.debug_pubnames
 *(.debug_pubnames)

.debug_info     0x0000000000000000     0x1993
 *(.debug_info .gnu.linkonce.wi.*)
 .debug_info    0x0000000000000000       0x84 ../prueba_bsp//obj/HAL/src/crt0.o
 .debug_info    0x0000000000000084      0x194 obj/default/hello_world_small.o
 .debug_info    0x0000000000000218      0x38a ../prueba_bsp/\libhal_bsp.a(alt_iic.o)
 .debug_info    0x00000000000005a2      0x232 ../prueba_bsp/\libhal_bsp.a(alt_iic_isr_register.o)
 .debug_info    0x00000000000007d4       0x8d ../prueba_bsp/\libhal_bsp.a(alt_irq_entry.o)
 .debug_info    0x0000000000000861      0x184 ../prueba_bsp/\libhal_bsp.a(alt_irq_handler.o)
 .debug_info    0x00000000000009e5       0x88 ../prueba_bsp/\libhal_bsp.a(alt_irq_vars.o)
 .debug_info    0x0000000000000a6d      0x1c9 ../prueba_bsp/\libhal_bsp.a(alt_load.o)
 .debug_info    0x0000000000000c36      0x169 ../prueba_bsp/\libhal_bsp.a(alt_main.o)
 .debug_info    0x0000000000000d9f      0x14d ../prueba_bsp/\libhal_bsp.a(alt_printf.o)
 .debug_info    0x0000000000000eec      0x12a ../prueba_bsp/\libhal_bsp.a(alt_putchar.o)
 .debug_info    0x0000000000001016      0x13a ../prueba_bsp/\libhal_bsp.a(alt_putstr.o)
 .debug_info    0x0000000000001150      0x19d ../prueba_bsp/\libhal_bsp.a(alt_sys_init.o)
 .debug_info    0x00000000000012ed      0x197 ../prueba_bsp/\libhal_bsp.a(altera_avalon_jtag_uart_write.o)
 .debug_info    0x0000000000001484       0x92 ../prueba_bsp/\libhal_bsp.a(alt_dcache_flush_all.o)
 .debug_info    0x0000000000001516       0x93 ../prueba_bsp/\libhal_bsp.a(alt_exception_entry.o)
 .debug_info    0x00000000000015a9       0x92 ../prueba_bsp/\libhal_bsp.a(alt_icache_flush_all.o)
 .debug_info    0x000000000000163b      0x1fd ../prueba_bsp/\libhal_bsp.a(alt_instruction_exception_entry.o)
 .debug_info    0x0000000000001838       0x92 ../prueba_bsp/\libhal_bsp.a(altera_nios2_gen2_irq.o)
 .debug_info    0x00000000000018ca       0xc9 c:/intelfpga_lite/18.0/nios2eds/bin/gnu/h-x86_64-mingw32/bin/../lib/gcc/nios2-elf/5.3.0/../../../../../H-x86_64-mingw32/nios2-elf/lib/mno-hw-mul\libsmallc.a(lib_a-strlen.o)

.debug_abbrev   0x0000000000000000      0xe0a
 *(.debug_abbrev)
 .debug_abbrev  0x0000000000000000       0x12 ../prueba_bsp//obj/HAL/src/crt0.o
 .debug_abbrev  0x0000000000000012       0xe9 obj/default/hello_world_small.o
 .debug_abbrev  0x00000000000000fb      0x1a0 ../prueba_bsp/\libhal_bsp.a(alt_iic.o)
 .debug_abbrev  0x000000000000029b      0x19c ../prueba_bsp/\libhal_bsp.a(alt_iic_isr_register.o)
 .debug_abbrev  0x0000000000000437       0x12 ../prueba_bsp/\libhal_bsp.a(alt_irq_entry.o)
 .debug_abbrev  0x0000000000000449      0x120 ../prueba_bsp/\libhal_bsp.a(alt_irq_handler.o)
 .debug_abbrev  0x0000000000000569       0x40 ../prueba_bsp/\libhal_bsp.a(alt_irq_vars.o)
 .debug_abbrev  0x00000000000005a9       0xd8 ../prueba_bsp/\libhal_bsp.a(alt_load.o)
 .debug_abbrev  0x0000000000000681       0xee ../prueba_bsp/\libhal_bsp.a(alt_main.o)
 .debug_abbrev  0x000000000000076f       0xd5 ../prueba_bsp/\libhal_bsp.a(alt_printf.o)
 .debug_abbrev  0x0000000000000844       0xd2 ../prueba_bsp/\libhal_bsp.a(alt_putchar.o)
 .debug_abbrev  0x0000000000000916       0xd3 ../prueba_bsp/\libhal_bsp.a(alt_putstr.o)
 .debug_abbrev  0x00000000000009e9      0x10e ../prueba_bsp/\libhal_bsp.a(alt_sys_init.o)
 .debug_abbrev  0x0000000000000af7       0xd5 ../prueba_bsp/\libhal_bsp.a(altera_avalon_jtag_uart_write.o)
 .debug_abbrev  0x0000000000000bcc       0x42 ../prueba_bsp/\libhal_bsp.a(alt_dcache_flush_all.o)
 .debug_abbrev  0x0000000000000c0e       0x12 ../prueba_bsp/\libhal_bsp.a(alt_exception_entry.o)
 .debug_abbrev  0x0000000000000c20       0x42 ../prueba_bsp/\libhal_bsp.a(alt_icache_flush_all.o)
 .debug_abbrev  0x0000000000000c62       0xe7 ../prueba_bsp/\libhal_bsp.a(alt_instruction_exception_entry.o)
 .debug_abbrev  0x0000000000000d49       0x42 ../prueba_bsp/\libhal_bsp.a(altera_nios2_gen2_irq.o)
 .debug_abbrev  0x0000000000000d8b       0x7f c:/intelfpga_lite/18.0/nios2eds/bin/gnu/h-x86_64-mingw32/bin/../lib/gcc/nios2-elf/5.3.0/../../../../../H-x86_64-mingw32/nios2-elf/lib/mno-hw-mul\libsmallc.a(lib_a-strlen.o)

.debug_line     0x0000000000000000      0xd87
 *(.debug_line)
 .debug_line    0x0000000000000000       0x66 ../prueba_bsp//obj/HAL/src/crt0.o
 .debug_line    0x0000000000000066       0xce obj/default/hello_world_small.o
 .debug_line    0x0000000000000134       0xf1 ../prueba_bsp/\libhal_bsp.a(alt_iic.o)
 .debug_line    0x0000000000000225       0xd6 ../prueba_bsp/\libhal_bsp.a(alt_iic_isr_register.o)
 .debug_line    0x00000000000002fb       0x6b ../prueba_bsp/\libhal_bsp.a(alt_irq_entry.o)
 .debug_line    0x0000000000000366       0xa5 ../prueba_bsp/\libhal_bsp.a(alt_irq_handler.o)
 .debug_line    0x000000000000040b       0x50 ../prueba_bsp/\libhal_bsp.a(alt_irq_vars.o)
 .debug_line    0x000000000000045b       0xa4 ../prueba_bsp/\libhal_bsp.a(alt_load.o)
 .debug_line    0x00000000000004ff       0xbd ../prueba_bsp/\libhal_bsp.a(alt_main.o)
 .debug_line    0x00000000000005bc      0x112 ../prueba_bsp/\libhal_bsp.a(alt_printf.o)
 .debug_line    0x00000000000006ce       0x55 ../prueba_bsp/\libhal_bsp.a(alt_putchar.o)
 .debug_line    0x0000000000000723       0xa0 ../prueba_bsp/\libhal_bsp.a(alt_putstr.o)
 .debug_line    0x00000000000007c3      0x11a ../prueba_bsp/\libhal_bsp.a(alt_sys_init.o)
 .debug_line    0x00000000000008dd       0xf0 ../prueba_bsp/\libhal_bsp.a(altera_avalon_jtag_uart_write.o)
 .debug_line    0x00000000000009cd       0x4e ../prueba_bsp/\libhal_bsp.a(alt_dcache_flush_all.o)
 .debug_line    0x0000000000000a1b       0xb3 ../prueba_bsp/\libhal_bsp.a(alt_exception_entry.o)
 .debug_line    0x0000000000000ace       0x4e ../prueba_bsp/\libhal_bsp.a(alt_icache_flush_all.o)
 .debug_line    0x0000000000000b1c       0xbf ../prueba_bsp/\libhal_bsp.a(alt_instruction_exception_entry.o)
 .debug_line    0x0000000000000bdb       0x50 ../prueba_bsp/\libhal_bsp.a(altera_nios2_gen2_irq.o)
 .debug_line    0x0000000000000c2b      0x15c c:/intelfpga_lite/18.0/nios2eds/bin/gnu/h-x86_64-mingw32/bin/../lib/gcc/nios2-elf/5.3.0/../../../../../H-x86_64-mingw32/nios2-elf/lib/mno-hw-mul\libsmallc.a(lib_a-strlen.o)

.debug_frame    0x0000000000000000      0x30c
 *(.debug_frame)
 .debug_frame   0x0000000000000000       0x3c obj/default/hello_world_small.o
 .debug_frame   0x000000000000003c       0x50 ../prueba_bsp/\libhal_bsp.a(alt_iic.o)
 .debug_frame   0x000000000000008c       0x30 ../prueba_bsp/\libhal_bsp.a(alt_iic_isr_register.o)
 .debug_frame   0x00000000000000bc       0x34 ../prueba_bsp/\libhal_bsp.a(alt_irq_handler.o)
 .debug_frame   0x00000000000000f0       0x30 ../prueba_bsp/\libhal_bsp.a(alt_load.o)
 .debug_frame   0x0000000000000120       0x2c ../prueba_bsp/\libhal_bsp.a(alt_main.o)
 .debug_frame   0x000000000000014c       0x54 ../prueba_bsp/\libhal_bsp.a(alt_printf.o)
 .debug_frame   0x00000000000001a0       0x30 ../prueba_bsp/\libhal_bsp.a(alt_putchar.o)
 .debug_frame   0x00000000000001d0       0x30 ../prueba_bsp/\libhal_bsp.a(alt_putstr.o)
 .debug_frame   0x0000000000000200       0x3c ../prueba_bsp/\libhal_bsp.a(alt_sys_init.o)
 .debug_frame   0x000000000000023c       0x20 ../prueba_bsp/\libhal_bsp.a(altera_avalon_jtag_uart_write.o)
 .debug_frame   0x000000000000025c       0x20 ../prueba_bsp/\libhal_bsp.a(alt_dcache_flush_all.o)
 .debug_frame   0x000000000000027c       0x20 ../prueba_bsp/\libhal_bsp.a(alt_icache_flush_all.o)
 .debug_frame   0x000000000000029c       0x30 ../prueba_bsp/\libhal_bsp.a(alt_instruction_exception_entry.o)
 .debug_frame   0x00000000000002cc       0x20 ../prueba_bsp/\libhal_bsp.a(altera_nios2_gen2_irq.o)
 .debug_frame   0x00000000000002ec       0x20 c:/intelfpga_lite/18.0/nios2eds/bin/gnu/h-x86_64-mingw32/bin/../lib/gcc/nios2-elf/5.3.0/../../../../../H-x86_64-mingw32/nios2-elf/lib/mno-hw-mul\libsmallc.a(lib_a-strlen.o)

.debug_str      0x0000000000000000      0xcb4
 *(.debug_str)
 .debug_str     0x0000000000000000      0x155 obj/default/hello_world_small.o
                                        0x19b (size before relaxing)
 .debug_str     0x0000000000000155      0x152 ../prueba_bsp/\libhal_bsp.a(alt_iic.o)
                                        0x269 (size before relaxing)
 .debug_str     0x00000000000002a7       0x37 ../prueba_bsp/\libhal_bsp.a(alt_iic_isr_register.o)
                                        0x223 (size before relaxing)
 .debug_str     0x00000000000002de       0x3a ../prueba_bsp/\libhal_bsp.a(alt_irq_handler.o)
                                        0x1ad (size before relaxing)
 .debug_str     0x0000000000000318       0x17 ../prueba_bsp/\libhal_bsp.a(alt_irq_vars.o)
                                        0x150 (size before relaxing)
 .debug_str     0x000000000000032f      0x113 ../prueba_bsp/\libhal_bsp.a(alt_load.o)
                                        0x252 (size before relaxing)
 .debug_str     0x0000000000000442       0x8f ../prueba_bsp/\libhal_bsp.a(alt_main.o)
                                        0x1cb (size before relaxing)
 .debug_str     0x00000000000004d1       0x59 ../prueba_bsp/\libhal_bsp.a(alt_printf.o)
                                        0x11c (size before relaxing)
 .debug_str     0x000000000000052a       0x59 ../prueba_bsp/\libhal_bsp.a(alt_putchar.o)
                                        0x19c (size before relaxing)
 .debug_str     0x0000000000000583       0x1c ../prueba_bsp/\libhal_bsp.a(alt_putstr.o)
                                        0x1a1 (size before relaxing)
 .debug_str     0x000000000000059f       0xb9 ../prueba_bsp/\libhal_bsp.a(alt_sys_init.o)
                                        0x26d (size before relaxing)
 .debug_str     0x0000000000000658       0x39 ../prueba_bsp/\libhal_bsp.a(altera_avalon_jtag_uart_write.o)
                                        0x22b (size before relaxing)
 .debug_str     0x0000000000000691       0x1f ../prueba_bsp/\libhal_bsp.a(alt_dcache_flush_all.o)
                                        0x16b (size before relaxing)
 .debug_str     0x00000000000006b0       0x1f ../prueba_bsp/\libhal_bsp.a(alt_icache_flush_all.o)
                                        0x16b (size before relaxing)
 .debug_str     0x00000000000006cf      0x48b ../prueba_bsp/\libhal_bsp.a(alt_instruction_exception_entry.o)
                                        0x5b6 (size before relaxing)
 .debug_str     0x0000000000000b5a       0x20 ../prueba_bsp/\libhal_bsp.a(altera_nios2_gen2_irq.o)
                                        0x172 (size before relaxing)
 .debug_str     0x0000000000000b7a      0x13a c:/intelfpga_lite/18.0/nios2eds/bin/gnu/h-x86_64-mingw32/bin/../lib/gcc/nios2-elf/5.3.0/../../../../../H-x86_64-mingw32/nios2-elf/lib/mno-hw-mul\libsmallc.a(lib_a-strlen.o)
                                        0x1e5 (size before relaxing)

.debug_loc      0x0000000000000000      0x727
 *(.debug_loc)
 .debug_loc     0x0000000000000000       0x42 obj/default/hello_world_small.o
 .debug_loc     0x0000000000000042      0x170 ../prueba_bsp/\libhal_bsp.a(alt_iic.o)
 .debug_loc     0x00000000000001b2      0x193 ../prueba_bsp/\libhal_bsp.a(alt_iic_isr_register.o)
 .debug_loc     0x0000000000000345       0x72 ../prueba_bsp/\libhal_bsp.a(alt_irq_handler.o)
 .debug_loc     0x00000000000003b7      0x1de ../prueba_bsp/\libhal_bsp.a(alt_printf.o)
 .debug_loc     0x0000000000000595       0x2c ../prueba_bsp/\libhal_bsp.a(alt_putchar.o)
 .debug_loc     0x00000000000005c1       0x37 ../prueba_bsp/\libhal_bsp.a(alt_putstr.o)
 .debug_loc     0x00000000000005f8       0x21 ../prueba_bsp/\libhal_bsp.a(alt_sys_init.o)
 .debug_loc     0x0000000000000619       0x8b ../prueba_bsp/\libhal_bsp.a(altera_avalon_jtag_uart_write.o)
 .debug_loc     0x00000000000006a4       0x65 ../prueba_bsp/\libhal_bsp.a(alt_instruction_exception_entry.o)
 .debug_loc     0x0000000000000709       0x1e c:/intelfpga_lite/18.0/nios2eds/bin/gnu/h-x86_64-mingw32/bin/../lib/gcc/nios2-elf/5.3.0/../../../../../H-x86_64-mingw32/nios2-elf/lib/mno-hw-mul\libsmallc.a(lib_a-strlen.o)

.debug_macinfo
 *(.debug_macinfo)

.debug_weaknames
 *(.debug_weaknames)

.debug_funcnames
 *(.debug_funcnames)

.debug_typenames
 *(.debug_typenames)

.debug_varnames
 *(.debug_varnames)

.debug_alt_sim_info
                0x0000000000000000       0x10
 *(.debug_alt_sim_info)
 .debug_alt_sim_info
                0x0000000000000000       0x10 ../prueba_bsp//obj/HAL/src/crt0.o
                0x0000000000002000                __alt_data_end = 0x2000
                0x0000000000002000                PROVIDE (__alt_stack_pointer, __alt_data_end)
                [!provide]                        PROVIDE (__alt_stack_limit, __alt_stack_base)
                [!provide]                        PROVIDE (__alt_heap_start, end)
                [!provide]                        PROVIDE (__alt_heap_limit, 0x2000)
OUTPUT(prueba.elf elf32-littlenios2)

.debug_ranges   0x0000000000000000      0x128
 .debug_ranges  0x0000000000000000       0x20 ../prueba_bsp//obj/HAL/src/crt0.o
 .debug_ranges  0x0000000000000020       0x18 obj/default/hello_world_small.o
 .debug_ranges  0x0000000000000038       0x28 ../prueba_bsp/\libhal_bsp.a(alt_irq_entry.o)
 .debug_ranges  0x0000000000000060       0x10 ../prueba_bsp/\libhal_bsp.a(alt_irq_handler.o)
 .debug_ranges  0x0000000000000070       0x48 ../prueba_bsp/\libhal_bsp.a(alt_load.o)
 .debug_ranges  0x00000000000000b8       0x18 ../prueba_bsp/\libhal_bsp.a(alt_printf.o)
 .debug_ranges  0x00000000000000d0       0x30 ../prueba_bsp/\libhal_bsp.a(alt_exception_entry.o)
 .debug_ranges  0x0000000000000100       0x18 ../prueba_bsp/\libhal_bsp.a(alt_instruction_exception_entry.o)
 .debug_ranges  0x0000000000000118       0x10 c:/intelfpga_lite/18.0/nios2eds/bin/gnu/h-x86_64-mingw32/bin/../lib/gcc/nios2-elf/5.3.0/../../../../../H-x86_64-mingw32/nios2-elf/lib/mno-hw-mul\libsmallc.a(lib_a-strlen.o)
