Archive member included to satisfy reference by file (symbol)

../botton_switch_bsp/\libhal_bsp.a(alt_iic.o)
                              obj/default/hello_world_small.o (alt_ic_isr_register)
../botton_switch_bsp/\libhal_bsp.a(alt_iic_isr_register.o)
                              ../botton_switch_bsp/\libhal_bsp.a(alt_iic.o) (alt_iic_isr_register)
../botton_switch_bsp/\libhal_bsp.a(alt_irq_entry.o)
                              ../botton_switch_bsp/\libhal_bsp.a(alt_iic_isr_register.o) (alt_irq_entry)
../botton_switch_bsp/\libhal_bsp.a(alt_irq_handler.o)
                              ../botton_switch_bsp/\libhal_bsp.a(alt_iic_isr_register.o) (alt_irq_handler)
../botton_switch_bsp/\libhal_bsp.a(alt_irq_vars.o)
                              ../botton_switch_bsp/\libhal_bsp.a(alt_iic.o) (alt_irq_active)
../botton_switch_bsp/\libhal_bsp.a(alt_load.o)
                              ../botton_switch_bsp//obj/HAL/src/crt0.o (alt_load)
../botton_switch_bsp/\libhal_bsp.a(alt_main.o)
                              ../botton_switch_bsp//obj/HAL/src/crt0.o (alt_main)
../botton_switch_bsp/\libhal_bsp.a(alt_printf.o)
                              obj/default/hello_world_small.o (alt_printf)
../botton_switch_bsp/\libhal_bsp.a(alt_putchar.o)
                              ../botton_switch_bsp/\libhal_bsp.a(alt_printf.o) (alt_putchar)
../botton_switch_bsp/\libhal_bsp.a(alt_putstr.o)
                              obj/default/hello_world_small.o (alt_putstr)
../botton_switch_bsp/\libhal_bsp.a(alt_sys_init.o)
                              ../botton_switch_bsp/\libhal_bsp.a(alt_main.o) (alt_irq_init)
../botton_switch_bsp/\libhal_bsp.a(altera_avalon_jtag_uart_write.o)
                              ../botton_switch_bsp/\libhal_bsp.a(alt_putchar.o) (altera_avalon_jtag_uart_write)
../botton_switch_bsp/\libhal_bsp.a(alt_dcache_flush_all.o)
                              ../botton_switch_bsp/\libhal_bsp.a(alt_load.o) (alt_dcache_flush_all)
../botton_switch_bsp/\libhal_bsp.a(alt_exception_entry.o)
                              ../botton_switch_bsp/\libhal_bsp.a(alt_irq_entry.o) (alt_exception)
../botton_switch_bsp/\libhal_bsp.a(alt_icache_flush_all.o)
                              ../botton_switch_bsp/\libhal_bsp.a(alt_load.o) (alt_icache_flush_all)
../botton_switch_bsp/\libhal_bsp.a(alt_instruction_exception_entry.o)
                              ../botton_switch_bsp/\libhal_bsp.a(alt_exception_entry.o) (alt_instruction_exception_entry)
../botton_switch_bsp/\libhal_bsp.a(altera_nios2_gen2_irq.o)
                              ../botton_switch_bsp/\libhal_bsp.a(alt_sys_init.o) (altera_nios2_gen2_irq_init)
c:/intelfpga_lite/18.0/nios2eds/bin/gnu/h-x86_64-mingw32/bin/../lib/gcc/nios2-elf/5.3.0/../../../../../H-x86_64-mingw32/nios2-elf/lib/mno-hw-mul\libsmallc.a(lib_a-strlen.o)
                              ../botton_switch_bsp/\libhal_bsp.a(alt_putstr.o) (strlen)

Allocating common symbols
Common symbol       size              file

alt_irq             0x100             ../botton_switch_bsp/\libhal_bsp.a(alt_irq_handler.o)

Memory Configuration

Name             Origin             Length             Attributes
reset            0x0000000000000000 0x0000000000000020
RAM              0x0000000000000020 0x0000000000001fe0
*default*        0x0000000000000000 0xffffffffffffffff

Linker script and memory map

LOAD ../botton_switch_bsp//obj/HAL/src/crt0.o
LOAD obj/default/hello_world_small.o
LOAD c:/intelfpga_lite/18.0/nios2eds/bin/gnu/h-x86_64-mingw32/bin/../lib/gcc/nios2-elf/5.3.0/../../../../../H-x86_64-mingw32/nios2-elf/lib/mno-hw-mul\libstdc++.a
LOAD c:/intelfpga_lite/18.0/nios2eds/bin/gnu/h-x86_64-mingw32/bin/../lib/gcc/nios2-elf/5.3.0/../../../../../H-x86_64-mingw32/nios2-elf/lib/mno-hw-mul\libm.a
LOAD c:/intelfpga_lite/18.0/nios2eds/bin/gnu/h-x86_64-mingw32/bin/../lib/gcc/nios2-elf/5.3.0/mno-hw-mul\libgcc.a
START GROUP
LOAD c:/intelfpga_lite/18.0/nios2eds/bin/gnu/h-x86_64-mingw32/bin/../lib/gcc/nios2-elf/5.3.0/../../../../../H-x86_64-mingw32/nios2-elf/lib/mno-hw-mul\libsmallc.a
LOAD c:/intelfpga_lite/18.0/nios2eds/bin/gnu/h-x86_64-mingw32/bin/../lib/gcc/nios2-elf/5.3.0/mno-hw-mul\libgcc.a
LOAD ../botton_switch_bsp/\libhal_bsp.a
LOAD c:/intelfpga_lite/18.0/nios2eds/bin/gnu/h-x86_64-mingw32/bin/../lib/gcc/nios2-elf/5.3.0/../../../../../H-x86_64-mingw32/nios2-elf/lib/mno-hw-mul\libm.a
END GROUP
LOAD c:/intelfpga_lite/18.0/nios2eds/bin/gnu/h-x86_64-mingw32/bin/../lib/gcc/nios2-elf/5.3.0/mno-hw-mul\libgcc.a
                0x0000000000000000                __alt_mem_RAM = 0x0

.entry          0x0000000000000000       0x20
 *(.entry)
 .entry         0x0000000000000000       0x20 ../botton_switch_bsp//obj/HAL/src/crt0.o
                0x0000000000000000                __reset
                0x000000000000000c                _exit

.exceptions     0x0000000000000020      0x160
                0x0000000000000020                PROVIDE (__ram_exceptions_start, ABSOLUTE (.))
                0x0000000000000020                . = ALIGN (0x20)
 *(.irq)
 *(.exceptions.entry.label)
 .exceptions.entry.label
                0x0000000000000020        0x0 ../botton_switch_bsp/\libhal_bsp.a(alt_irq_entry.o)
                0x0000000000000020                alt_irq_entry
 .exceptions.entry.label
                0x0000000000000020        0x0 ../botton_switch_bsp/\libhal_bsp.a(alt_exception_entry.o)
                0x0000000000000020                alt_exception
 *(.exceptions.entry.user)
 *(.exceptions.entry.ecc_fatal)
 *(.exceptions.entry)
 .exceptions.entry
                0x0000000000000020       0x54 ../botton_switch_bsp/\libhal_bsp.a(alt_exception_entry.o)
 *(.exceptions.irqtest.user)
 *(.exceptions.irqtest)
 .exceptions.irqtest
                0x0000000000000074       0x10 ../botton_switch_bsp/\libhal_bsp.a(alt_irq_entry.o)
 *(.exceptions.irqhandler.user)
 *(.exceptions.irqhandler)
 .exceptions.irqhandler
                0x0000000000000084        0x4 ../botton_switch_bsp/\libhal_bsp.a(alt_irq_entry.o)
 *(.exceptions.irqreturn.user)
 *(.exceptions.irqreturn)
 .exceptions.irqreturn
                0x0000000000000088        0x4 ../botton_switch_bsp/\libhal_bsp.a(alt_irq_entry.o)
 *(.exceptions.notirq.label)
 .exceptions.notirq.label
                0x000000000000008c        0x0 ../botton_switch_bsp/\libhal_bsp.a(alt_irq_entry.o)
 *(.exceptions.notirq.user)
 *(.exceptions.notirq)
 .exceptions.notirq
                0x000000000000008c        0x8 ../botton_switch_bsp/\libhal_bsp.a(alt_exception_entry.o)
 *(.exceptions.soft.user)
 *(.exceptions.soft)
 *(.exceptions.unknown.user)
 *(.exceptions.unknown)
 .exceptions.unknown
                0x0000000000000094       0x14 ../botton_switch_bsp/\libhal_bsp.a(alt_exception_entry.o)
 *(.exceptions.exit.label)
 .exceptions.exit.label
                0x00000000000000a8        0x0 ../botton_switch_bsp/\libhal_bsp.a(alt_irq_entry.o)
 .exceptions.exit.label
                0x00000000000000a8        0x0 ../botton_switch_bsp/\libhal_bsp.a(alt_exception_entry.o)
 *(.exceptions.exit.user)
 *(.exceptions.exit)
 .exceptions.exit
                0x00000000000000a8       0x54 ../botton_switch_bsp/\libhal_bsp.a(alt_exception_entry.o)
 *(.exceptions)
 .exceptions    0x00000000000000fc       0x60 ../botton_switch_bsp/\libhal_bsp.a(alt_irq_handler.o)
                0x00000000000000fc                alt_irq_handler
 .exceptions    0x000000000000015c       0x24 ../botton_switch_bsp/\libhal_bsp.a(alt_instruction_exception_entry.o)
                0x000000000000015c                alt_instruction_exception_entry
                0x0000000000000180                PROVIDE (__ram_exceptions_end, ABSOLUTE (.))
                0x0000000000000020                PROVIDE (__flash_exceptions_start, LOADADDR (.exceptions))

.text           0x0000000000000180      0x664
                [!provide]                        PROVIDE (stext, ABSOLUTE (.))
 *(.interp)
 *(.hash)
 *(.dynsym)
 *(.dynstr)
 *(.gnu.version)
 *(.gnu.version_d)
 *(.gnu.version_r)
 *(.rel.init)
 *(.rela.init)
 *(.rel.text .rel.text.* .rel.gnu.linkonce.t.*)
 *(.rela.text .rela.text.* .rela.gnu.linkonce.t.*)
 *(.rel.fini)
 *(.rela.fini)
 *(.rel.rodata .rel.rodata.* .rel.gnu.linkonce.r.*)
 *(.rela.rodata .rela.rodata.* .rela.gnu.linkonce.r.*)
 *(.rel.data .rel.data.* .rel.gnu.linkonce.d.*)
 *(.rela.data .rela.data.* .rela.gnu.linkonce.d.*)
 *(.rel.tdata .rel.tdata.* .rel.gnu.linkonce.td.*)
 *(.rela.tdata .rela.tdata.* .rela.gnu.linkonce.td.*)
 *(.rel.tbss .rel.tbss.* .rel.gnu.linkonce.tb.*)
 *(.rela.tbss .rela.tbss.* .rela.gnu.linkonce.tb.*)
 *(.rel.ctors)
 *(.rela.ctors)
 *(.rel.dtors)
 *(.rela.dtors)
 *(.rel.got)
 *(.rela.got)
 *(.rel.sdata .rel.sdata.* .rel.gnu.linkonce.s.*)
 *(.rela.sdata .rela.sdata.* .rela.gnu.linkonce.s.*)
 *(.rel.sbss .rel.sbss.* .rel.gnu.linkonce.sb.*)
 *(.rela.sbss .rela.sbss.* .rela.gnu.linkonce.sb.*)
 *(.rel.sdata2 .rel.sdata2.* .rel.gnu.linkonce.s2.*)
 *(.rela.sdata2 .rela.sdata2.* .rela.gnu.linkonce.s2.*)
 *(.rel.sbss2 .rel.sbss2.* .rel.gnu.linkonce.sb2.*)
 *(.rela.sbss2 .rela.sbss2.* .rela.gnu.linkonce.sb2.*)
 *(.rel.bss .rel.bss.* .rel.gnu.linkonce.b.*)
 *(.rela.bss .rela.bss.* .rela.gnu.linkonce.b.*)
 *(.rel.plt)
 *(.rela.plt)
 *(.rel.dyn)
 *(.init)
 *(.plt)
 *(.text .stub .text.* .gnu.linkonce.t.*)
 .text          0x0000000000000180       0x3c ../botton_switch_bsp//obj/HAL/src/crt0.o
                0x0000000000000180                _start
 .text          0x00000000000001bc       0x78 obj/default/hello_world_small.o
                0x00000000000001e4                init_buttons
 .text.startup  0x0000000000000234       0xc8 obj/default/hello_world_small.o
                0x0000000000000234                main
 .text          0x00000000000002fc       0x8c ../botton_switch_bsp/\libhal_bsp.a(alt_iic.o)
                0x00000000000002fc                alt_ic_isr_register
                0x0000000000000300                alt_ic_irq_enable
                0x0000000000000338                alt_ic_irq_disable
                0x0000000000000370                alt_ic_irq_enabled
 .text          0x0000000000000388       0x68 ../botton_switch_bsp/\libhal_bsp.a(alt_iic_isr_register.o)
                0x0000000000000388                alt_iic_isr_register
 .text          0x00000000000003f0        0x0 ../botton_switch_bsp/\libhal_bsp.a(alt_irq_entry.o)
 .text          0x00000000000003f0        0x0 ../botton_switch_bsp/\libhal_bsp.a(alt_irq_handler.o)
 .text          0x00000000000003f0        0x0 ../botton_switch_bsp/\libhal_bsp.a(alt_irq_vars.o)
 .text          0x00000000000003f0       0xe0 ../botton_switch_bsp/\libhal_bsp.a(alt_load.o)
                0x00000000000003f0                alt_load
 .text          0x00000000000004d0       0x2c ../botton_switch_bsp/\libhal_bsp.a(alt_main.o)
                0x00000000000004d0                alt_main
 .text          0x00000000000004fc      0x170 ../botton_switch_bsp/\libhal_bsp.a(alt_printf.o)
                0x00000000000004fc                alt_printf
 .text          0x000000000000066c       0x48 ../botton_switch_bsp/\libhal_bsp.a(alt_putchar.o)
                0x000000000000066c                alt_putchar
 .text          0x00000000000006b4       0x38 ../botton_switch_bsp/\libhal_bsp.a(alt_putstr.o)
                0x00000000000006b4                alt_putstr
 .text          0x00000000000006ec       0x24 ../botton_switch_bsp/\libhal_bsp.a(alt_sys_init.o)
                0x00000000000006ec                alt_irq_init
                0x000000000000070c                alt_sys_init
 .text          0x0000000000000710       0x34 ../botton_switch_bsp/\libhal_bsp.a(altera_avalon_jtag_uart_write.o)
                0x0000000000000710                altera_avalon_jtag_uart_write
 .text          0x0000000000000744        0x4 ../botton_switch_bsp/\libhal_bsp.a(alt_dcache_flush_all.o)
                0x0000000000000744                alt_dcache_flush_all
 .text          0x0000000000000748        0x0 ../botton_switch_bsp/\libhal_bsp.a(alt_exception_entry.o)
 .text          0x0000000000000748        0x4 ../botton_switch_bsp/\libhal_bsp.a(alt_icache_flush_all.o)
                0x0000000000000748                alt_icache_flush_all
 .text          0x000000000000074c       0x74 ../botton_switch_bsp/\libhal_bsp.a(alt_instruction_exception_entry.o)
                0x000000000000074c                alt_exception_cause_generated_bad_addr
 .text          0x00000000000007c0        0x8 ../botton_switch_bsp/\libhal_bsp.a(altera_nios2_gen2_irq.o)
                0x00000000000007c0                altera_nios2_gen2_irq_init
 .text          0x00000000000007c8        0x0 c:/intelfpga_lite/18.0/nios2eds/bin/gnu/h-x86_64-mingw32/bin/../lib/gcc/nios2-elf/5.3.0/../../../../../H-x86_64-mingw32/nios2-elf/lib/mno-hw-mul\libsmallc.a(lib_a-strlen.o)
 .text.strlen   0x00000000000007c8       0x1c c:/intelfpga_lite/18.0/nios2eds/bin/gnu/h-x86_64-mingw32/bin/../lib/gcc/nios2-elf/5.3.0/../../../../../H-x86_64-mingw32/nios2-elf/lib/mno-hw-mul\libsmallc.a(lib_a-strlen.o)
                0x00000000000007c8                strlen
 *(.gnu.warning.*)
 *(.fini)
                [!provide]                        PROVIDE (__etext, ABSOLUTE (.))
                [!provide]                        PROVIDE (_etext, ABSOLUTE (.))
                [!provide]                        PROVIDE (etext, ABSOLUTE (.))
 *(.eh_frame_hdr)
                0x00000000000007e4                . = ALIGN (0x4)
                [!provide]                        PROVIDE (__preinit_array_start, ABSOLUTE (.))
 *(.preinit_array)
                [!provide]                        PROVIDE (__preinit_array_end, ABSOLUTE (.))
                [!provide]                        PROVIDE (__init_array_start, ABSOLUTE (.))
 *(.init_array)
                [!provide]                        PROVIDE (__init_array_end, ABSOLUTE (.))
                [!provide]                        PROVIDE (__fini_array_start, ABSOLUTE (.))
 *(.fini_array)
                [!provide]                        PROVIDE (__fini_array_end, ABSOLUTE (.))
 *(.eh_frame)
 *(.gcc_except_table .gcc_except_table.*)
 *(.dynamic)
                [!provide]                        PROVIDE (__CTOR_LIST__, ABSOLUTE (.))
 *(.ctors)
 *(SORT(.ctors.*))
                [!provide]                        PROVIDE (__CTOR_END__, ABSOLUTE (.))
                [!provide]                        PROVIDE (__DTOR_LIST__, ABSOLUTE (.))
 *(.dtors)
 *(SORT(.dtors.*))
                [!provide]                        PROVIDE (__DTOR_END__, ABSOLUTE (.))
 *(.jcr)
                0x00000000000007e4                . = ALIGN (0x4)

.rodata         0x00000000000007e4       0xa8
                0x00000000000007e4                PROVIDE (__ram_rodata_start, ABSOLUTE (.))
                0x00000000000007e4                . = ALIGN (0x4)
 *(.rodata .rodata.* .gnu.linkonce.r.*)
 .rodata.str1.4
                0x00000000000007e4       0xa8 obj/default/hello_world_small.o
 *(.rodata1)
                0x000000000000088c                . = ALIGN (0x4)
                0x000000000000088c                PROVIDE (__ram_rodata_end, ABSOLUTE (.))
                0x00000000000007e4                PROVIDE (__flash_rodata_start, LOADADDR (.rodata))

.rwdata         0x000000000000088c        0x8 load address 0x0000000000000894
                0x000000000000088c                PROVIDE (__ram_rwdata_start, ABSOLUTE (.))
                0x000000000000088c                . = ALIGN (0x4)
 *(.got.plt)
 *(.got)
 *(.data1)
 *(.data .data.* .gnu.linkonce.d.*)
 .data          0x000000000000088c        0x0 ../botton_switch_bsp//obj/HAL/src/crt0.o
 .data          0x000000000000088c        0x0 obj/default/hello_world_small.o
 .data          0x000000000000088c        0x0 ../botton_switch_bsp/\libhal_bsp.a(alt_iic.o)
 .data          0x000000000000088c        0x0 ../botton_switch_bsp/\libhal_bsp.a(alt_iic_isr_register.o)
 .data          0x000000000000088c        0x0 ../botton_switch_bsp/\libhal_bsp.a(alt_irq_entry.o)
 .data          0x000000000000088c        0x0 ../botton_switch_bsp/\libhal_bsp.a(alt_irq_handler.o)
 .data          0x000000000000088c        0x0 ../botton_switch_bsp/\libhal_bsp.a(alt_irq_vars.o)
 .data          0x000000000000088c        0x0 ../botton_switch_bsp/\libhal_bsp.a(alt_load.o)
 .data          0x000000000000088c        0x0 ../botton_switch_bsp/\libhal_bsp.a(alt_main.o)
 .data          0x000000000000088c        0x0 ../botton_switch_bsp/\libhal_bsp.a(alt_printf.o)
 .data          0x000000000000088c        0x0 ../botton_switch_bsp/\libhal_bsp.a(alt_putchar.o)
 .data          0x000000000000088c        0x0 ../botton_switch_bsp/\libhal_bsp.a(alt_putstr.o)
 .data          0x000000000000088c        0x0 ../botton_switch_bsp/\libhal_bsp.a(alt_sys_init.o)
 .data          0x000000000000088c        0x0 ../botton_switch_bsp/\libhal_bsp.a(altera_avalon_jtag_uart_write.o)
 .data          0x000000000000088c        0x0 ../botton_switch_bsp/\libhal_bsp.a(alt_dcache_flush_all.o)
 .data          0x000000000000088c        0x0 ../botton_switch_bsp/\libhal_bsp.a(alt_exception_entry.o)
 .data          0x000000000000088c        0x0 ../botton_switch_bsp/\libhal_bsp.a(alt_icache_flush_all.o)
 .data          0x000000000000088c        0x0 ../botton_switch_bsp/\libhal_bsp.a(alt_instruction_exception_entry.o)
 .data          0x000000000000088c        0x0 ../botton_switch_bsp/\libhal_bsp.a(altera_nios2_gen2_irq.o)
 .data          0x000000000000088c        0x0 c:/intelfpga_lite/18.0/nios2eds/bin/gnu/h-x86_64-mingw32/bin/../lib/gcc/nios2-elf/5.3.0/../../../../../H-x86_64-mingw32/nios2-elf/lib/mno-hw-mul\libsmallc.a(lib_a-strlen.o)
                0x000000000000888c                _gp = ABSOLUTE ((. + 0x8000))
                [!provide]                        PROVIDE (gp, _gp)
 *(.rwdata .rwdata.*)
 *(.sdata .sdata.* .gnu.linkonce.s.*)
 .sdata         0x000000000000088c        0x4 ../botton_switch_bsp/\libhal_bsp.a(alt_irq_vars.o)
                0x000000000000088c                alt_priority_mask
 .sdata         0x0000000000000890        0x4 ../botton_switch_bsp/\libhal_bsp.a(alt_sys_init.o)
                0x0000000000000890                UART
 *(.sdata2 .sdata2.* .gnu.linkonce.s2.*)
                0x0000000000000894                . = ALIGN (0x4)
                0x0000000000000894                _edata = ABSOLUTE (.)
                [!provide]                        PROVIDE (edata, ABSOLUTE (.))
                0x0000000000000894                PROVIDE (__ram_rwdata_end, ABSOLUTE (.))
                0x0000000000000894                PROVIDE (__flash_rwdata_start, LOADADDR (.rwdata))

.bss            0x000000000000089c      0x118
                0x000000000000089c                __bss_start = ABSOLUTE (.)
                [!provide]                        PROVIDE (__sbss_start, ABSOLUTE (.))
                [!provide]                        PROVIDE (___sbss_start, ABSOLUTE (.))
 *(.dynsbss)
 *(.sbss .sbss.* .gnu.linkonce.sb.*)
 .sbss          0x000000000000089c        0x4 obj/default/hello_world_small.o
                0x000000000000089c                edge_capture
 .sbss          0x00000000000008a0        0x4 ../botton_switch_bsp/\libhal_bsp.a(alt_irq_vars.o)
                0x00000000000008a0                alt_irq_active
 .sbss          0x00000000000008a4        0xc ../botton_switch_bsp/\libhal_bsp.a(alt_main.o)
                0x00000000000008a4                alt_envp
                0x00000000000008a8                alt_argv
                0x00000000000008ac                alt_argc
 .sbss          0x00000000000008b0        0x4 ../botton_switch_bsp/\libhal_bsp.a(alt_instruction_exception_entry.o)
                0x00000000000008b0                alt_instruction_exception_handler
 *(.sbss2 .sbss2.* .gnu.linkonce.sb2.*)
 *(.scommon)
                [!provide]                        PROVIDE (__sbss_end, ABSOLUTE (.))
                [!provide]                        PROVIDE (___sbss_end, ABSOLUTE (.))
 *(.dynbss)
 *(.bss .bss.* .gnu.linkonce.b.*)
 .bss           0x00000000000008b4        0x0 ../botton_switch_bsp//obj/HAL/src/crt0.o
 .bss           0x00000000000008b4        0x0 obj/default/hello_world_small.o
 .bss           0x00000000000008b4        0x0 ../botton_switch_bsp/\libhal_bsp.a(alt_iic.o)
 .bss           0x00000000000008b4        0x0 ../botton_switch_bsp/\libhal_bsp.a(alt_iic_isr_register.o)
 .bss           0x00000000000008b4        0x0 ../botton_switch_bsp/\libhal_bsp.a(alt_irq_entry.o)
 .bss           0x00000000000008b4        0x0 ../botton_switch_bsp/\libhal_bsp.a(alt_irq_handler.o)
 .bss           0x00000000000008b4        0x0 ../botton_switch_bsp/\libhal_bsp.a(alt_irq_vars.o)
 .bss           0x00000000000008b4        0x0 ../botton_switch_bsp/\libhal_bsp.a(alt_load.o)
 .bss           0x00000000000008b4        0x0 ../botton_switch_bsp/\libhal_bsp.a(alt_main.o)
 .bss           0x00000000000008b4        0x0 ../botton_switch_bsp/\libhal_bsp.a(alt_printf.o)
 .bss           0x00000000000008b4        0x0 ../botton_switch_bsp/\libhal_bsp.a(alt_putchar.o)
 .bss           0x00000000000008b4        0x0 ../botton_switch_bsp/\libhal_bsp.a(alt_putstr.o)
 .bss           0x00000000000008b4        0x0 ../botton_switch_bsp/\libhal_bsp.a(alt_sys_init.o)
 .bss           0x00000000000008b4        0x0 ../botton_switch_bsp/\libhal_bsp.a(altera_avalon_jtag_uart_write.o)
 .bss           0x00000000000008b4        0x0 ../botton_switch_bsp/\libhal_bsp.a(alt_dcache_flush_all.o)
 .bss           0x00000000000008b4        0x0 ../botton_switch_bsp/\libhal_bsp.a(alt_exception_entry.o)
 .bss           0x00000000000008b4        0x0 ../botton_switch_bsp/\libhal_bsp.a(alt_icache_flush_all.o)
 .bss           0x00000000000008b4        0x0 ../botton_switch_bsp/\libhal_bsp.a(alt_instruction_exception_entry.o)
 .bss           0x00000000000008b4        0x0 ../botton_switch_bsp/\libhal_bsp.a(altera_nios2_gen2_irq.o)
 .bss           0x00000000000008b4        0x0 c:/intelfpga_lite/18.0/nios2eds/bin/gnu/h-x86_64-mingw32/bin/../lib/gcc/nios2-elf/5.3.0/../../../../../H-x86_64-mingw32/nios2-elf/lib/mno-hw-mul\libsmallc.a(lib_a-strlen.o)
 *(COMMON)
 COMMON         0x00000000000008b4      0x100 ../botton_switch_bsp/\libhal_bsp.a(alt_irq_handler.o)
                0x00000000000008b4                alt_irq
                0x00000000000009b4                . = ALIGN (0x4)
                0x00000000000009b4                __bss_end = ABSOLUTE (.)

.RAM            0x00000000000009b4        0x0
                [!provide]                        PROVIDE (_alt_partition_RAM_start, ABSOLUTE (.))
 *(.RAM .RAM. RAM.*)
                0x00000000000009b4                . = ALIGN (0x4)
                [!provide]                        PROVIDE (_alt_partition_RAM_end, ABSOLUTE (.))
                0x00000000000009b4                _end = ABSOLUTE (.)
                0x00000000000009b4                end = ABSOLUTE (.)
                0x00000000000009b4                __alt_stack_base = ABSOLUTE (.)
                [!provide]                        PROVIDE (_alt_partition_RAM_load_addr, LOADADDR (.RAM))

.stab
 *(.stab)

.stabstr
 *(.stabstr)

.stab.excl
 *(.stab.excl)

.stab.exclstr
 *(.stab.exclstr)

.stab.index
 *(.stab.index)

.stab.indexstr
 *(.stab.indexstr)

.comment        0x0000000000000000       0x23
 *(.comment)
 .comment       0x0000000000000000       0x23 obj/default/hello_world_small.o
                                         0x24 (size before relaxing)
 .comment       0x0000000000000023       0x24 ../botton_switch_bsp/\libhal_bsp.a(alt_iic.o)
 .comment       0x0000000000000023       0x24 ../botton_switch_bsp/\libhal_bsp.a(alt_iic_isr_register.o)
 .comment       0x0000000000000023       0x24 ../botton_switch_bsp/\libhal_bsp.a(alt_irq_handler.o)
 .comment       0x0000000000000023       0x24 ../botton_switch_bsp/\libhal_bsp.a(alt_irq_vars.o)
 .comment       0x0000000000000023       0x24 ../botton_switch_bsp/\libhal_bsp.a(alt_load.o)
 .comment       0x0000000000000023       0x24 ../botton_switch_bsp/\libhal_bsp.a(alt_main.o)
 .comment       0x0000000000000023       0x24 ../botton_switch_bsp/\libhal_bsp.a(alt_printf.o)
 .comment       0x0000000000000023       0x24 ../botton_switch_bsp/\libhal_bsp.a(alt_putchar.o)
 .comment       0x0000000000000023       0x24 ../botton_switch_bsp/\libhal_bsp.a(alt_putstr.o)
 .comment       0x0000000000000023       0x24 ../botton_switch_bsp/\libhal_bsp.a(alt_sys_init.o)
 .comment       0x0000000000000023       0x24 ../botton_switch_bsp/\libhal_bsp.a(altera_avalon_jtag_uart_write.o)
 .comment       0x0000000000000023       0x24 ../botton_switch_bsp/\libhal_bsp.a(alt_dcache_flush_all.o)
 .comment       0x0000000000000023       0x24 ../botton_switch_bsp/\libhal_bsp.a(alt_icache_flush_all.o)
 .comment       0x0000000000000023       0x24 ../botton_switch_bsp/\libhal_bsp.a(alt_instruction_exception_entry.o)
 .comment       0x0000000000000023       0x24 ../botton_switch_bsp/\libhal_bsp.a(altera_nios2_gen2_irq.o)
 .comment       0x0000000000000023       0x24 c:/intelfpga_lite/18.0/nios2eds/bin/gnu/h-x86_64-mingw32/bin/../lib/gcc/nios2-elf/5.3.0/../../../../../H-x86_64-mingw32/nios2-elf/lib/mno-hw-mul\libsmallc.a(lib_a-strlen.o)

.debug
 *(.debug)

.line
 *(.line)

.debug_srcinfo
 *(.debug_srcinfo)

.debug_sfnames
 *(.debug_sfnames)

.debug_aranges  0x0000000000000000      0x2b8
 *(.debug_aranges)
 .debug_aranges
                0x0000000000000000       0x28 ../botton_switch_bsp//obj/HAL/src/crt0.o
 .debug_aranges
                0x0000000000000028       0x28 obj/default/hello_world_small.o
 .debug_aranges
                0x0000000000000050       0x20 ../botton_switch_bsp/\libhal_bsp.a(alt_iic.o)
 .debug_aranges
                0x0000000000000070       0x20 ../botton_switch_bsp/\libhal_bsp.a(alt_iic_isr_register.o)
 .debug_aranges
                0x0000000000000090       0x30 ../botton_switch_bsp/\libhal_bsp.a(alt_irq_entry.o)
 .debug_aranges
                0x00000000000000c0       0x20 ../botton_switch_bsp/\libhal_bsp.a(alt_irq_handler.o)
 .debug_aranges
                0x00000000000000e0       0x18 ../botton_switch_bsp/\libhal_bsp.a(alt_irq_vars.o)
 .debug_aranges
                0x00000000000000f8       0x20 ../botton_switch_bsp/\libhal_bsp.a(alt_load.o)
 .debug_aranges
                0x0000000000000118       0x20 ../botton_switch_bsp/\libhal_bsp.a(alt_main.o)
 .debug_aranges
                0x0000000000000138       0x20 ../botton_switch_bsp/\libhal_bsp.a(alt_printf.o)
 .debug_aranges
                0x0000000000000158       0x20 ../botton_switch_bsp/\libhal_bsp.a(alt_putchar.o)
 .debug_aranges
                0x0000000000000178       0x20 ../botton_switch_bsp/\libhal_bsp.a(alt_putstr.o)
 .debug_aranges
                0x0000000000000198       0x20 ../botton_switch_bsp/\libhal_bsp.a(alt_sys_init.o)
 .debug_aranges
                0x00000000000001b8       0x20 ../botton_switch_bsp/\libhal_bsp.a(altera_avalon_jtag_uart_write.o)
 .debug_aranges
                0x00000000000001d8       0x20 ../botton_switch_bsp/\libhal_bsp.a(alt_dcache_flush_all.o)
 .debug_aranges
                0x00000000000001f8       0x38 ../botton_switch_bsp/\libhal_bsp.a(alt_exception_entry.o)
 .debug_aranges
                0x0000000000000230       0x20 ../botton_switch_bsp/\libhal_bsp.a(alt_icache_flush_all.o)
 .debug_aranges
                0x0000000000000250       0x28 ../botton_switch_bsp/\libhal_bsp.a(alt_instruction_exception_entry.o)
 .debug_aranges
                0x0000000000000278       0x20 ../botton_switch_bsp/\libhal_bsp.a(altera_nios2_gen2_irq.o)
 .debug_aranges
                0x0000000000000298       0x20 c:/intelfpga_lite/18.0/nios2eds/bin/gnu/h-x86_64-mingw32/bin/../lib/gcc/nios2-elf/5.3.0/../../../../../H-x86_64-mingw32/nios2-elf/lib/mno-hw-mul\libsmallc.a(lib_a-strlen.o)

.debug_pubnames
 *(.debug_pubnames)

.debug_info     0x0000000000000000     0x1a46
 *(.debug_info .gnu.linkonce.wi.*)
 .debug_info    0x0000000000000000       0x8b ../botton_switch_bsp//obj/HAL/src/crt0.o
 .debug_info    0x000000000000008b      0x232 obj/default/hello_world_small.o
 .debug_info    0x00000000000002bd      0x38a ../botton_switch_bsp/\libhal_bsp.a(alt_iic.o)
 .debug_info    0x0000000000000647      0x232 ../botton_switch_bsp/\libhal_bsp.a(alt_iic_isr_register.o)
 .debug_info    0x0000000000000879       0x94 ../botton_switch_bsp/\libhal_bsp.a(alt_irq_entry.o)
 .debug_info    0x000000000000090d      0x184 ../botton_switch_bsp/\libhal_bsp.a(alt_irq_handler.o)
 .debug_info    0x0000000000000a91       0x88 ../botton_switch_bsp/\libhal_bsp.a(alt_irq_vars.o)
 .debug_info    0x0000000000000b19      0x1c9 ../botton_switch_bsp/\libhal_bsp.a(alt_load.o)
 .debug_info    0x0000000000000ce2      0x169 ../botton_switch_bsp/\libhal_bsp.a(alt_main.o)
 .debug_info    0x0000000000000e4b      0x14d ../botton_switch_bsp/\libhal_bsp.a(alt_printf.o)
 .debug_info    0x0000000000000f98      0x12a ../botton_switch_bsp/\libhal_bsp.a(alt_putchar.o)
 .debug_info    0x00000000000010c2      0x13a ../botton_switch_bsp/\libhal_bsp.a(alt_putstr.o)
 .debug_info    0x00000000000011fc      0x19d ../botton_switch_bsp/\libhal_bsp.a(alt_sys_init.o)
 .debug_info    0x0000000000001399      0x197 ../botton_switch_bsp/\libhal_bsp.a(altera_avalon_jtag_uart_write.o)
 .debug_info    0x0000000000001530       0x92 ../botton_switch_bsp/\libhal_bsp.a(alt_dcache_flush_all.o)
 .debug_info    0x00000000000015c2       0x9a ../botton_switch_bsp/\libhal_bsp.a(alt_exception_entry.o)
 .debug_info    0x000000000000165c       0x92 ../botton_switch_bsp/\libhal_bsp.a(alt_icache_flush_all.o)
 .debug_info    0x00000000000016ee      0x1fd ../botton_switch_bsp/\libhal_bsp.a(alt_instruction_exception_entry.o)
 .debug_info    0x00000000000018eb       0x92 ../botton_switch_bsp/\libhal_bsp.a(altera_nios2_gen2_irq.o)
 .debug_info    0x000000000000197d       0xc9 c:/intelfpga_lite/18.0/nios2eds/bin/gnu/h-x86_64-mingw32/bin/../lib/gcc/nios2-elf/5.3.0/../../../../../H-x86_64-mingw32/nios2-elf/lib/mno-hw-mul\libsmallc.a(lib_a-strlen.o)

.debug_abbrev   0x0000000000000000      0xe59
 *(.debug_abbrev)
 .debug_abbrev  0x0000000000000000       0x12 ../botton_switch_bsp//obj/HAL/src/crt0.o
 .debug_abbrev  0x0000000000000012      0x138 obj/default/hello_world_small.o
 .debug_abbrev  0x000000000000014a      0x1a0 ../botton_switch_bsp/\libhal_bsp.a(alt_iic.o)
 .debug_abbrev  0x00000000000002ea      0x19c ../botton_switch_bsp/\libhal_bsp.a(alt_iic_isr_register.o)
 .debug_abbrev  0x0000000000000486       0x12 ../botton_switch_bsp/\libhal_bsp.a(alt_irq_entry.o)
 .debug_abbrev  0x0000000000000498      0x120 ../botton_switch_bsp/\libhal_bsp.a(alt_irq_handler.o)
 .debug_abbrev  0x00000000000005b8       0x40 ../botton_switch_bsp/\libhal_bsp.a(alt_irq_vars.o)
 .debug_abbrev  0x00000000000005f8       0xd8 ../botton_switch_bsp/\libhal_bsp.a(alt_load.o)
 .debug_abbrev  0x00000000000006d0       0xee ../botton_switch_bsp/\libhal_bsp.a(alt_main.o)
 .debug_abbrev  0x00000000000007be       0xd5 ../botton_switch_bsp/\libhal_bsp.a(alt_printf.o)
 .debug_abbrev  0x0000000000000893       0xd2 ../botton_switch_bsp/\libhal_bsp.a(alt_putchar.o)
 .debug_abbrev  0x0000000000000965       0xd3 ../botton_switch_bsp/\libhal_bsp.a(alt_putstr.o)
 .debug_abbrev  0x0000000000000a38      0x10e ../botton_switch_bsp/\libhal_bsp.a(alt_sys_init.o)
 .debug_abbrev  0x0000000000000b46       0xd5 ../botton_switch_bsp/\libhal_bsp.a(altera_avalon_jtag_uart_write.o)
 .debug_abbrev  0x0000000000000c1b       0x42 ../botton_switch_bsp/\libhal_bsp.a(alt_dcache_flush_all.o)
 .debug_abbrev  0x0000000000000c5d       0x12 ../botton_switch_bsp/\libhal_bsp.a(alt_exception_entry.o)
 .debug_abbrev  0x0000000000000c6f       0x42 ../botton_switch_bsp/\libhal_bsp.a(alt_icache_flush_all.o)
 .debug_abbrev  0x0000000000000cb1       0xe7 ../botton_switch_bsp/\libhal_bsp.a(alt_instruction_exception_entry.o)
 .debug_abbrev  0x0000000000000d98       0x42 ../botton_switch_bsp/\libhal_bsp.a(altera_nios2_gen2_irq.o)
 .debug_abbrev  0x0000000000000dda       0x7f c:/intelfpga_lite/18.0/nios2eds/bin/gnu/h-x86_64-mingw32/bin/../lib/gcc/nios2-elf/5.3.0/../../../../../H-x86_64-mingw32/nios2-elf/lib/mno-hw-mul\libsmallc.a(lib_a-strlen.o)

.debug_line     0x0000000000000000      0xda7
 *(.debug_line)
 .debug_line    0x0000000000000000       0x66 ../botton_switch_bsp//obj/HAL/src/crt0.o
 .debug_line    0x0000000000000066       0xee obj/default/hello_world_small.o
 .debug_line    0x0000000000000154       0xf1 ../botton_switch_bsp/\libhal_bsp.a(alt_iic.o)
 .debug_line    0x0000000000000245       0xd6 ../botton_switch_bsp/\libhal_bsp.a(alt_iic_isr_register.o)
 .debug_line    0x000000000000031b       0x6b ../botton_switch_bsp/\libhal_bsp.a(alt_irq_entry.o)
 .debug_line    0x0000000000000386       0xa5 ../botton_switch_bsp/\libhal_bsp.a(alt_irq_handler.o)
 .debug_line    0x000000000000042b       0x50 ../botton_switch_bsp/\libhal_bsp.a(alt_irq_vars.o)
 .debug_line    0x000000000000047b       0xa4 ../botton_switch_bsp/\libhal_bsp.a(alt_load.o)
 .debug_line    0x000000000000051f       0xbd ../botton_switch_bsp/\libhal_bsp.a(alt_main.o)
 .debug_line    0x00000000000005dc      0x112 ../botton_switch_bsp/\libhal_bsp.a(alt_printf.o)
 .debug_line    0x00000000000006ee       0x55 ../botton_switch_bsp/\libhal_bsp.a(alt_putchar.o)
 .debug_line    0x0000000000000743       0xa0 ../botton_switch_bsp/\libhal_bsp.a(alt_putstr.o)
 .debug_line    0x00000000000007e3      0x11a ../botton_switch_bsp/\libhal_bsp.a(alt_sys_init.o)
 .debug_line    0x00000000000008fd       0xf0 ../botton_switch_bsp/\libhal_bsp.a(altera_avalon_jtag_uart_write.o)
 .debug_line    0x00000000000009ed       0x4e ../botton_switch_bsp/\libhal_bsp.a(alt_dcache_flush_all.o)
 .debug_line    0x0000000000000a3b       0xb3 ../botton_switch_bsp/\libhal_bsp.a(alt_exception_entry.o)
 .debug_line    0x0000000000000aee       0x4e ../botton_switch_bsp/\libhal_bsp.a(alt_icache_flush_all.o)
 .debug_line    0x0000000000000b3c       0xbf ../botton_switch_bsp/\libhal_bsp.a(alt_instruction_exception_entry.o)
 .debug_line    0x0000000000000bfb       0x50 ../botton_switch_bsp/\libhal_bsp.a(altera_nios2_gen2_irq.o)
 .debug_line    0x0000000000000c4b      0x15c c:/intelfpga_lite/18.0/nios2eds/bin/gnu/h-x86_64-mingw32/bin/../lib/gcc/nios2-elf/5.3.0/../../../../../H-x86_64-mingw32/nios2-elf/lib/mno-hw-mul\libsmallc.a(lib_a-strlen.o)

.debug_frame    0x0000000000000000      0x330
 *(.debug_frame)
 .debug_frame   0x0000000000000000       0x60 obj/default/hello_world_small.o
 .debug_frame   0x0000000000000060       0x50 ../botton_switch_bsp/\libhal_bsp.a(alt_iic.o)
 .debug_frame   0x00000000000000b0       0x30 ../botton_switch_bsp/\libhal_bsp.a(alt_iic_isr_register.o)
 .debug_frame   0x00000000000000e0       0x34 ../botton_switch_bsp/\libhal_bsp.a(alt_irq_handler.o)
 .debug_frame   0x0000000000000114       0x30 ../botton_switch_bsp/\libhal_bsp.a(alt_load.o)
 .debug_frame   0x0000000000000144       0x2c ../botton_switch_bsp/\libhal_bsp.a(alt_main.o)
 .debug_frame   0x0000000000000170       0x54 ../botton_switch_bsp/\libhal_bsp.a(alt_printf.o)
 .debug_frame   0x00000000000001c4       0x30 ../botton_switch_bsp/\libhal_bsp.a(alt_putchar.o)
 .debug_frame   0x00000000000001f4       0x30 ../botton_switch_bsp/\libhal_bsp.a(alt_putstr.o)
 .debug_frame   0x0000000000000224       0x3c ../botton_switch_bsp/\libhal_bsp.a(alt_sys_init.o)
 .debug_frame   0x0000000000000260       0x20 ../botton_switch_bsp/\libhal_bsp.a(altera_avalon_jtag_uart_write.o)
 .debug_frame   0x0000000000000280       0x20 ../botton_switch_bsp/\libhal_bsp.a(alt_dcache_flush_all.o)
 .debug_frame   0x00000000000002a0       0x20 ../botton_switch_bsp/\libhal_bsp.a(alt_icache_flush_all.o)
 .debug_frame   0x00000000000002c0       0x30 ../botton_switch_bsp/\libhal_bsp.a(alt_instruction_exception_entry.o)
 .debug_frame   0x00000000000002f0       0x20 ../botton_switch_bsp/\libhal_bsp.a(altera_nios2_gen2_irq.o)
 .debug_frame   0x0000000000000310       0x20 c:/intelfpga_lite/18.0/nios2eds/bin/gnu/h-x86_64-mingw32/bin/../lib/gcc/nios2-elf/5.3.0/../../../../../H-x86_64-mingw32/nios2-elf/lib/mno-hw-mul\libsmallc.a(lib_a-strlen.o)

.debug_str      0x0000000000000000      0xd03
 *(.debug_str)
 .debug_str     0x0000000000000000      0x19c obj/default/hello_world_small.o
                                        0x1ea (size before relaxing)
 .debug_str     0x000000000000019c      0x161 ../botton_switch_bsp/\libhal_bsp.a(alt_iic.o)
                                        0x270 (size before relaxing)
 .debug_str     0x00000000000002fd       0x37 ../botton_switch_bsp/\libhal_bsp.a(alt_iic_isr_register.o)
                                        0x22a (size before relaxing)
 .debug_str     0x0000000000000334       0x3a ../botton_switch_bsp/\libhal_bsp.a(alt_irq_handler.o)
                                        0x1b4 (size before relaxing)
 .debug_str     0x000000000000036e       0x17 ../botton_switch_bsp/\libhal_bsp.a(alt_irq_vars.o)
                                        0x157 (size before relaxing)
 .debug_str     0x0000000000000385      0x113 ../botton_switch_bsp/\libhal_bsp.a(alt_load.o)
                                        0x259 (size before relaxing)
 .debug_str     0x0000000000000498       0x8f ../botton_switch_bsp/\libhal_bsp.a(alt_main.o)
                                        0x1d2 (size before relaxing)
 .debug_str     0x0000000000000527       0x59 ../botton_switch_bsp/\libhal_bsp.a(alt_printf.o)
                                        0x123 (size before relaxing)
 .debug_str     0x0000000000000580       0x59 ../botton_switch_bsp/\libhal_bsp.a(alt_putchar.o)
                                        0x1a3 (size before relaxing)
 .debug_str     0x00000000000005d9       0x1c ../botton_switch_bsp/\libhal_bsp.a(alt_putstr.o)
                                        0x1a8 (size before relaxing)
 .debug_str     0x00000000000005f5       0xb9 ../botton_switch_bsp/\libhal_bsp.a(alt_sys_init.o)
                                        0x274 (size before relaxing)
 .debug_str     0x00000000000006ae       0x32 ../botton_switch_bsp/\libhal_bsp.a(altera_avalon_jtag_uart_write.o)
                                        0x232 (size before relaxing)
 .debug_str     0x00000000000006e0       0x1f ../botton_switch_bsp/\libhal_bsp.a(alt_dcache_flush_all.o)
                                        0x172 (size before relaxing)
 .debug_str     0x00000000000006ff       0x1f ../botton_switch_bsp/\libhal_bsp.a(alt_icache_flush_all.o)
                                        0x172 (size before relaxing)
 .debug_str     0x000000000000071e      0x48b ../botton_switch_bsp/\libhal_bsp.a(alt_instruction_exception_entry.o)
                                        0x5bd (size before relaxing)
 .debug_str     0x0000000000000ba9       0x20 ../botton_switch_bsp/\libhal_bsp.a(altera_nios2_gen2_irq.o)
                                        0x179 (size before relaxing)
 .debug_str     0x0000000000000bc9      0x13a c:/intelfpga_lite/18.0/nios2eds/bin/gnu/h-x86_64-mingw32/bin/../lib/gcc/nios2-elf/5.3.0/../../../../../H-x86_64-mingw32/nios2-elf/lib/mno-hw-mul\libsmallc.a(lib_a-strlen.o)
                                        0x1e5 (size before relaxing)

.debug_loc      0x0000000000000000      0x72f
 *(.debug_loc)
 .debug_loc     0x0000000000000000       0x4a obj/default/hello_world_small.o
 .debug_loc     0x000000000000004a      0x170 ../botton_switch_bsp/\libhal_bsp.a(alt_iic.o)
 .debug_loc     0x00000000000001ba      0x193 ../botton_switch_bsp/\libhal_bsp.a(alt_iic_isr_register.o)
 .debug_loc     0x000000000000034d       0x72 ../botton_switch_bsp/\libhal_bsp.a(alt_irq_handler.o)
 .debug_loc     0x00000000000003bf      0x1de ../botton_switch_bsp/\libhal_bsp.a(alt_printf.o)
 .debug_loc     0x000000000000059d       0x2c ../botton_switch_bsp/\libhal_bsp.a(alt_putchar.o)
 .debug_loc     0x00000000000005c9       0x37 ../botton_switch_bsp/\libhal_bsp.a(alt_putstr.o)
 .debug_loc     0x0000000000000600       0x21 ../botton_switch_bsp/\libhal_bsp.a(alt_sys_init.o)
 .debug_loc     0x0000000000000621       0x8b ../botton_switch_bsp/\libhal_bsp.a(altera_avalon_jtag_uart_write.o)
 .debug_loc     0x00000000000006ac       0x65 ../botton_switch_bsp/\libhal_bsp.a(alt_instruction_exception_entry.o)
 .debug_loc     0x0000000000000711       0x1e c:/intelfpga_lite/18.0/nios2eds/bin/gnu/h-x86_64-mingw32/bin/../lib/gcc/nios2-elf/5.3.0/../../../../../H-x86_64-mingw32/nios2-elf/lib/mno-hw-mul\libsmallc.a(lib_a-strlen.o)

.debug_macinfo
 *(.debug_macinfo)

.debug_weaknames
 *(.debug_weaknames)

.debug_funcnames
 *(.debug_funcnames)

.debug_typenames
 *(.debug_typenames)

.debug_varnames
 *(.debug_varnames)

.debug_alt_sim_info
                0x0000000000000000       0x10
 *(.debug_alt_sim_info)
 .debug_alt_sim_info
                0x0000000000000000       0x10 ../botton_switch_bsp//obj/HAL/src/crt0.o
                0x0000000000002000                __alt_data_end = 0x2000
                0x0000000000002000                PROVIDE (__alt_stack_pointer, __alt_data_end)
                [!provide]                        PROVIDE (__alt_stack_limit, __alt_stack_base)
                [!provide]                        PROVIDE (__alt_heap_start, end)
                [!provide]                        PROVIDE (__alt_heap_limit, 0x2000)
OUTPUT(botton_switch.elf elf32-littlenios2)

.debug_ranges   0x0000000000000000      0x128
 .debug_ranges  0x0000000000000000       0x20 ../botton_switch_bsp//obj/HAL/src/crt0.o
 .debug_ranges  0x0000000000000020       0x18 obj/default/hello_world_small.o
 .debug_ranges  0x0000000000000038       0x28 ../botton_switch_bsp/\libhal_bsp.a(alt_irq_entry.o)
 .debug_ranges  0x0000000000000060       0x10 ../botton_switch_bsp/\libhal_bsp.a(alt_irq_handler.o)
 .debug_ranges  0x0000000000000070       0x48 ../botton_switch_bsp/\libhal_bsp.a(alt_load.o)
 .debug_ranges  0x00000000000000b8       0x18 ../botton_switch_bsp/\libhal_bsp.a(alt_printf.o)
 .debug_ranges  0x00000000000000d0       0x30 ../botton_switch_bsp/\libhal_bsp.a(alt_exception_entry.o)
 .debug_ranges  0x0000000000000100       0x18 ../botton_switch_bsp/\libhal_bsp.a(alt_instruction_exception_entry.o)
 .debug_ranges  0x0000000000000118       0x10 c:/intelfpga_lite/18.0/nios2eds/bin/gnu/h-x86_64-mingw32/bin/../lib/gcc/nios2-elf/5.3.0/../../../../../H-x86_64-mingw32/nios2-elf/lib/mno-hw-mul\libsmallc.a(lib_a-strlen.o)
